Archive member included to satisfy reference by file (symbol)

C:/Users/budon/.pico-sdk/toolchain/14_2_Rel1/bin/../lib/gcc/arm-none-eabi/14.2.1/thumb/v8-m.main+fp/softfp\libm.a(libm_a-wf_sqrt.o)
                              CMakeFiles/ControlBoard_Code.dir/C_/Users/budon/.pico-sdk/sdk/2.2.0/src/rp2_common/pico_float/float_math.c.obj (sqrtf)
C:/Users/budon/.pico-sdk/toolchain/14_2_Rel1/bin/../lib/gcc/arm-none-eabi/14.2.1/thumb/v8-m.main+fp/softfp\libm.a(libm_a-ef_sqrt.o)
                              C:/Users/budon/.pico-sdk/toolchain/14_2_Rel1/bin/../lib/gcc/arm-none-eabi/14.2.1/thumb/v8-m.main+fp/softfp\libm.a(libm_a-wf_sqrt.o) (__ieee754_sqrtf)
C:/Users/budon/.pico-sdk/toolchain/14_2_Rel1/bin/../lib/gcc/arm-none-eabi/14.2.1/thumb/v8-m.main+fp/softfp\libgcc.a(_arm_addsubdf3.o)
                              CMakeFiles/ControlBoard_Code.dir/C_/Users/budon/.pico-sdk/sdk/2.2.0/src/rp2_common/pico_float/float_math.c.obj (__aeabi_f2d)
C:/Users/budon/.pico-sdk/toolchain/14_2_Rel1/bin/../lib/gcc/arm-none-eabi/14.2.1/thumb/v8-m.main+fp/softfp\libgcc.a(_aeabi_ldivmod.o)
                              CMakeFiles/ControlBoard_Code.dir/C_/Users/budon/.pico-sdk/sdk/2.2.0/src/common/pico_time/time.c.obj (__aeabi_ldivmod)
C:/Users/budon/.pico-sdk/toolchain/14_2_Rel1/bin/../lib/gcc/arm-none-eabi/14.2.1/thumb/v8-m.main+fp/softfp\libgcc.a(_aeabi_uldivmod.o)
                              CMakeFiles/ControlBoard_Code.dir/ControlBoard_Code.c.obj (__aeabi_uldivmod)
C:/Users/budon/.pico-sdk/toolchain/14_2_Rel1/bin/../lib/gcc/arm-none-eabi/14.2.1/thumb/v8-m.main+fp/softfp\libgcc.a(_udivmoddi4.o)
                              C:/Users/budon/.pico-sdk/toolchain/14_2_Rel1/bin/../lib/gcc/arm-none-eabi/14.2.1/thumb/v8-m.main+fp/softfp\libgcc.a(_aeabi_ldivmod.o) (__udivmoddi4)
C:/Users/budon/.pico-sdk/toolchain/14_2_Rel1/bin/../lib/gcc/arm-none-eabi/14.2.1/thumb/v8-m.main+fp/softfp\libgcc.a(_dvmd_tls.o)
                              C:/Users/budon/.pico-sdk/toolchain/14_2_Rel1/bin/../lib/gcc/arm-none-eabi/14.2.1/thumb/v8-m.main+fp/softfp\libgcc.a(_aeabi_ldivmod.o) (__aeabi_ldiv0)
C:/Users/budon/.pico-sdk/toolchain/14_2_Rel1/bin/../lib/gcc/arm-none-eabi/14.2.1/thumb/v8-m.main+fp/softfp\libg.a(libc_a-calloc.o)
                              CMakeFiles/ControlBoard_Code.dir/C_/Users/budon/.pico-sdk/sdk/2.2.0/src/rp2_common/pico_malloc/malloc.c.obj (calloc)
C:/Users/budon/.pico-sdk/toolchain/14_2_Rel1/bin/../lib/gcc/arm-none-eabi/14.2.1/thumb/v8-m.main+fp/softfp\libg.a(libc_a-callocr.o)
                              C:/Users/budon/.pico-sdk/toolchain/14_2_Rel1/bin/../lib/gcc/arm-none-eabi/14.2.1/thumb/v8-m.main+fp/softfp\libg.a(libc_a-calloc.o) (_calloc_r)
C:/Users/budon/.pico-sdk/toolchain/14_2_Rel1/bin/../lib/gcc/arm-none-eabi/14.2.1/thumb/v8-m.main+fp/softfp\libg.a(libc_a-malloc.o)
                              CMakeFiles/ControlBoard_Code.dir/C_/Users/budon/.pico-sdk/sdk/2.2.0/src/rp2_common/pico_malloc/malloc.c.obj (malloc)
C:/Users/budon/.pico-sdk/toolchain/14_2_Rel1/bin/../lib/gcc/arm-none-eabi/14.2.1/thumb/v8-m.main+fp/softfp\libg.a(libc_a-mallocr.o)
                              C:/Users/budon/.pico-sdk/toolchain/14_2_Rel1/bin/../lib/gcc/arm-none-eabi/14.2.1/thumb/v8-m.main+fp/softfp\libg.a(libc_a-callocr.o) (_malloc_r)
C:/Users/budon/.pico-sdk/toolchain/14_2_Rel1/bin/../lib/gcc/arm-none-eabi/14.2.1/thumb/v8-m.main+fp/softfp\libg.a(libc_a-mlock.o)
                              C:/Users/budon/.pico-sdk/toolchain/14_2_Rel1/bin/../lib/gcc/arm-none-eabi/14.2.1/thumb/v8-m.main+fp/softfp\libg.a(libc_a-mallocr.o) (__malloc_lock)
C:/Users/budon/.pico-sdk/toolchain/14_2_Rel1/bin/../lib/gcc/arm-none-eabi/14.2.1/thumb/v8-m.main+fp/softfp\libg.a(libc_a-realloc.o)
                              CMakeFiles/ControlBoard_Code.dir/C_/Users/budon/.pico-sdk/sdk/2.2.0/src/rp2_common/pico_malloc/malloc.c.obj (realloc)
C:/Users/budon/.pico-sdk/toolchain/14_2_Rel1/bin/../lib/gcc/arm-none-eabi/14.2.1/thumb/v8-m.main+fp/softfp\libg.a(libc_a-reallocr.o)
                              C:/Users/budon/.pico-sdk/toolchain/14_2_Rel1/bin/../lib/gcc/arm-none-eabi/14.2.1/thumb/v8-m.main+fp/softfp\libg.a(libc_a-realloc.o) (_realloc_r)
C:/Users/budon/.pico-sdk/toolchain/14_2_Rel1/bin/../lib/gcc/arm-none-eabi/14.2.1/thumb/v8-m.main+fp/softfp\libg.a(libc_a-ctype_.o)
                              CMakeFiles/ControlBoard_Code.dir/C_/Users/budon/.pico-sdk/sdk/2.2.0/lib/tinyusb/src/tusb.c.obj (_ctype_)
C:/Users/budon/.pico-sdk/toolchain/14_2_Rel1/bin/../lib/gcc/arm-none-eabi/14.2.1/thumb/v8-m.main+fp/softfp\libg.a(libc_a-memcmp.o)
                              CMakeFiles/ControlBoard_Code.dir/C_/Users/budon/.pico-sdk/sdk/2.2.0/src/rp2_common/pico_atomic/atomic.c.obj (memcmp)
C:/Users/budon/.pico-sdk/toolchain/14_2_Rel1/bin/../lib/gcc/arm-none-eabi/14.2.1/thumb/v8-m.main+fp/softfp\libg.a(libc_a-memmove.o)
                              C:/Users/budon/.pico-sdk/toolchain/14_2_Rel1/bin/../lib/gcc/arm-none-eabi/14.2.1/thumb/v8-m.main+fp/softfp\libg.a(libc_a-reallocr.o) (memmove)
[...]
Memory Configuration

Name             Origin             Length             Attributes
FLASH            0x10000000         0x00400000         xr
RAM              0x20000000         0x00080000         xrw
SCRATCH_X        0x20080000         0x00001000         xrw
SCRATCH_Y        0x20081000         0x00001000         xrw
*default*        0x00000000         0xffffffff

Linker script and memory map

LOAD C:/Users/budon/.pico-sdk/toolchain/14_2_Rel1/bin/../lib/gcc/arm-none-eabi/14.2.1/thumb/v8-m.main+fp/softfp/crti.o
LOAD C:/Users/budon/.pico-sdk/toolchain/14_2_Rel1/bin/../lib/gcc/arm-none-eabi/14.2.1/thumb/v8-m.main+fp/softfp/crtbegin.o
LOAD C:/Users/budon/.pico-sdk/toolchain/14_2_Rel1/bin/../lib/gcc/arm-none-eabi/14.2.1/thumb/v8-m.main+fp/softfp/crt0.o

.flash_begin    0x10000000        0x0
                0x10000000                        __flash_binary_start = .

.text           0x10000000     0x6ee8
                0x10000000                        __logical_binary_start = .
 *(.vectors)
 .vectors       0x10000000      0x124 CMakeFiles/ControlBoard_Code.dir/C_/Users/budon/.pico-sdk/sdk/2.2.0/src/rp2_common/pico_crt0/crt0.S.obj
                0x10000000                __VECTOR_TABLE
                0x10000000                __vectors
                0x10000110                __unhandled_user_irq
                0x10000110                isr_irq49
                0x10000110                isr_irq13
                0x10000110                isr_irq43
                0x10000110                isr_irq45
                0x10000110                isr_irq27
                0x10000110                isr_irq32
                0x10000110                isr_irq31
                0x10000110                isr_irq12
                0x10000110                isr_irq5
                0x10000110                isr_irq11
                0x10000110                isr_irq3
                0x10000110                isr_irq23
                0x10000110                isr_usagefault
                0x10000110                isr_irq48
                0x10000110                isr_irq30
                0x10000110                isr_irq18
                0x10000110                isr_irq50
                0x10000110                isr_irq33
                0x10000110                isr_irq40
                0x10000110                isr_irq28
                0x10000110                isr_irq19
                0x10000110                isr_irq36
                0x10000110                isr_irq41
                0x10000110                isr_irq0
                0x10000110                isr_irq6
                0x10000110                isr_irq26
                0x10000110                isr_irq29
                0x10000110                isr_memmanage
                0x10000110                isr_irq37
                0x10000110                isr_irq42
                0x10000110                isr_irq22
                0x10000110                isr_irq35
                0x10000110                isr_irq17
                0x10000110                isr_irq38
                0x10000110                isr_irq14
                0x10000110                __vectors_end
                0x10000110                __default_isrs_start
                0x10000110                isr_irq2
                0x10000110                isr_irq10
                0x10000110                isr_irq8
                0x10000110                isr_debugmonitor
                0x10000110                isr_irq24
                0x10000110                isr_irq46
                0x10000110                isr_irq1
                0x10000110                isr_irq47
                0x10000110                isr_irq51
                0x10000110                isr_irq7
                0x10000110                isr_irq21
                0x10000110                isr_irq39
                0x10000110                isr_irq20
                0x10000110                isr_irq15
                0x10000110                isr_irq25
                0x10000110                isr_irq34
                0x10000110                isr_irq44
                0x10000110                isr_securefault
                0x10000110                isr_irq4
                0x10000110                isr_busfault
                0x10000110                isr_irq16
                0x10000110                isr_irq9
                0x10000116                unhandled_user_irq_num_in_r0
                0x10000118                isr_invalid
                0x1000011a                isr_nmi
                0x1000011c                isr_hardfault
                0x1000011e                isr_svcall
                0x10000120                isr_pendsv
                0x10000122                isr_systick
                0x10000124                __default_isrs_end
 *(.binary_info_header)
 .binary_info_header
                0x10000124       0x14 CMakeFiles/ControlBoard_Code.dir/C_/Users/budon/.pico-sdk/sdk/2.2.0/src/rp2_common/pico_crt0/crt0.S.obj
                0x10000138                        __binary_info_header_end = .
 *(.embedded_block)
 .embedded_block
                0x10000138       0x14 CMakeFiles/ControlBoard_Code.dir/C_/Users/budon/.pico-sdk/sdk/2.2.0/src/rp2_common/pico_crt0/crt0.S.obj
                0x1000014c                        __embedded_block_end = .
 *(.reset)
 .reset         0x1000014c       0x98 CMakeFiles/ControlBoard_Code.dir/C_/Users/budon/.pico-sdk/sdk/2.2.0/src/rp2_common/pico_crt0/crt0.S.obj
                0x1000014c                _entry_point
 *(.init)
 .init          0x100001e4        0x4 C:/Users/budon/.pico-sdk/toolchain/14_2_Rel1/bin/../lib/gcc/arm-none-eabi/14.2.1/thumb/v8-m.main+fp/softfp/crti.o
                0x100001e4                _init
 SORT_BY_NAME(REVERSE(*libgcc.a:cmse_nonsecure_call.o))()
 *(EXCLUDE_FILE(*libm.a: *libc.a:*lib_a-mem*.o *libgcc.a:) .text*)
 .text.register_tm_clones
                0x100001e8       0x28 C:/Users/budon/.pico-sdk/toolchain/14_2_Rel1/bin/../lib/gcc/arm-none-eabi/14.2.1/thumb/v8-m.main+fp/softfp/crtbegin.o
 .text.frame_dummy
                0x10000210       0x24 C:/Users/budon/.pico-sdk/toolchain/14_2_Rel1/bin/../lib/gcc/arm-none-eabi/14.2.1/thumb/v8-m.main+fp/softfp/crtbegin.o
 .text.pio_get_default_sm_config
                0x10000234       0x24 CMakeFiles/ControlBoard_Code.dir/ControlBoard_Code.c.obj
 .text.freq_counter_program_get_default_config
                0x10000258       0x20 CMakeFiles/ControlBoard_Code.dir/ControlBoard_Code.c.obj
 .text.tft_draw_pixel_absolute
                0x10000278       0x40 CMakeFiles/ControlBoard_Code.dir/ControlBoard_Code.c.obj
 .text.tft_draw_pixel
                0x100002b8       0x1c CMakeFiles/ControlBoard_Code.dir/ControlBoard_Code.c.obj
 .text.freq_counter_program_init
                0x100002d4       0x76 CMakeFiles/ControlBoard_Code.dir/ControlBoard_Code.c.obj
 *fill*         0x1000034a        0x2 
 .text.graphfreq
                0x1000034c       0xc4 CMakeFiles/ControlBoard_Code.dir/ControlBoard_Code.c.obj
                0x1000034c                graphfreq
 .text.main     0x10000410      0x22c CMakeFiles/ControlBoard_Code.dir/ControlBoard_Code.c.obj
                0x10000410                main
 .text.gpio_set_function
                0x1000063c       0x38 CMakeFiles/ControlBoard_Code.dir/C_/Users/budon/.pico-sdk/sdk/2.2.0/src/rp2_common/hardware_gpio/gpio.c.obj
                0x1000063c                gpio_set_function
 .text.gpio_init
                0x10000674       0x16 CMakeFiles/ControlBoard_Code.dir/C_/Users/budon/.pico-sdk/sdk/2.2.0/src/rp2_common/hardware_gpio/gpio.c.obj
                0x10000674                gpio_init
 *fill*         0x1000068a        0x2 
 .text.panic    0x1000068c       0x30 CMakeFiles/ControlBoard_Code.dir/C_/Users/budon/.pico-sdk/sdk/2.2.0/src/rp2_common/pico_platform_panic/panic.c.obj
                0x1000068c                panic
 .text.hw_claim_lock
                0x100006bc       0x24 CMakeFiles/ControlBoard_Code.dir/C_/Users/budon/.pico-sdk/sdk/2.2.0/src/common/hardware_claim/claim.c.obj
                0x100006bc                hw_claim_lock
 .text.hw_claim_unlock
                0x100006e0       0x14 CMakeFiles/ControlBoard_Code.dir/C_/Users/budon/.pico-sdk/sdk/2.2.0/src/common/hardware_claim/claim.c.obj
                0x100006e0                hw_claim_unlock
 .text.hw_claim_or_assert
                0x100006f4       0x32 CMakeFiles/ControlBoard_Code.dir/C_/Users/budon/.pico-sdk/sdk/2.2.0/src/common/hardware_claim/claim.c.obj
                0x100006f4                hw_claim_or_assert
 .text.hw_claim_unused_from_range
                0x10000726       0x4e CMakeFiles/ControlBoard_Code.dir/C_/Users/budon/.pico-sdk/sdk/2.2.0/src/common/hardware_claim/claim.c.obj
                0x10000726                hw_claim_unused_from_range
 .text.next_striped_spin_lock_num
                0x10000774       0x1c CMakeFiles/ControlBoard_Code.dir/C_/Users/budon/.pico-sdk/sdk/2.2.0/src/rp2_common/hardware_sync/sync.c.obj
                0x10000774                next_striped_spin_lock_num
 .text.spin_lock_claim_unused
                0x10000790       0x24 CMakeFiles/ControlBoard_Code.dir/C_/Users/budon/.pico-sdk/sdk/2.2.0/src/rp2_common/hardware_sync/sync.c.obj
                0x10000790                spin_lock_claim_unused
 .text.spinlock_set_extexclall
                0x100007b4        0xe CMakeFiles/ControlBoard_Code.dir/C_/Users/budon/.pico-sdk/sdk/2.2.0/src/rp2_common/hardware_sync_spin_lock/sync_spin_lock.c.obj
 *fill*         0x100007c2        0x2 
 .text.spin_locks_reset
                0x100007c4       0x1c CMakeFiles/ControlBoard_Code.dir/C_/Users/budon/.pico-sdk/sdk/2.2.0/src/rp2_common/hardware_sync_spin_lock/sync_spin_lock.c.obj
                0x100007c4                spin_locks_reset
 .text.set_raw_irq_handler_and_unlock
                0x100007e0       0x24 CMakeFiles/ControlBoard_Code.dir/C_/Users/budon/.pico-sdk/sdk/2.2.0/src/rp2_common/hardware_irq/irq.c.obj
 .text.nvic_ipr0
                0x10000804        0x8 CMakeFiles/ControlBoard_Code.dir/C_/Users/budon/.pico-sdk/sdk/2.2.0/src/rp2_common/hardware_irq/irq.c.obj
 .text.runtime_init_per_core_irq_priorities
                0x1000080c       0x1c CMakeFiles/ControlBoard_Code.dir/C_/Users/budon/.pico-sdk/sdk/2.2.0/src/rp2_common/hardware_irq/irq.c.obj
                0x1000080c                runtime_init_per_core_irq_priorities
 .text.resolve_j_16
                0x10000828       0x40 CMakeFiles/ControlBoard_Code.dir/C_/Users/budon/.pico-sdk/sdk/2.2.0/src/rp2_common/hardware_irq/irq.c.obj
 .text.make_j_16
                0x10000868       0x3c CMakeFiles/ControlBoard_Code.dir/C_/Users/budon/.pico-sdk/sdk/2.2.0/src/rp2_common/hardware_irq/irq.c.obj
 .text.irq_is_enabled
                0x100008a4       0x20 CMakeFiles/ControlBoard_Code.dir/C_/Users/budon/.pico-sdk/sdk/2.2.0/src/rp2_common/hardware_irq/irq.c.obj
                0x100008a4                irq_is_enabled
 .text.irq_set_mask_n_enabled
                0x100008c4       0x20 CMakeFiles/ControlBoard_Code.dir/C_/Users/budon/.pico-sdk/sdk/2.2.0/src/rp2_common/hardware_irq/irq.c.obj
                0x100008c4                irq_set_mask_n_enabled
 .text.irq_set_enabled
                0x100008e4       0x14 CMakeFiles/ControlBoard_Code.dir/C_/Users/budon/.pico-sdk/sdk/2.2.0/src/rp2_common/hardware_irq/irq.c.obj
                0x100008e4                irq_set_enabled
 .text.irq_set_pending
                0x100008f8       0x18 CMakeFiles/ControlBoard_Code.dir/C_/Users/budon/.pico-sdk/sdk/2.2.0/src/rp2_common/hardware_irq/irq.c.obj
                0x100008f8                irq_set_pending
 .text.irq_get_vtable_handler
                0x10000910       0x10 CMakeFiles/ControlBoard_Code.dir/C_/Users/budon/.pico-sdk/sdk/2.2.0/src/rp2_common/hardware_irq/irq.c.obj
                0x10000910                irq_get_vtable_handler
 .text.irq_has_shared_handler
                0x10000920       0x18 CMakeFiles/ControlBoard_Code.dir/C_/Users/budon/.pico-sdk/sdk/2.2.0/src/rp2_common/hardware_irq/irq.c.obj
                0x10000920                irq_has_shared_handler
 .text.irq_set_exclusive_handler
                0x10000938       0x60 CMakeFiles/ControlBoard_Code.dir/C_/Users/budon/.pico-sdk/sdk/2.2.0/src/rp2_common/hardware_irq/irq.c.obj
                0x10000938                irq_set_exclusive_handler
 .text.irq_add_shared_handler
                0x10000998      0x234 CMakeFiles/ControlBoard_Code.dir/C_/Users/budon/.pico-sdk/sdk/2.2.0/src/rp2_common/hardware_irq/irq.c.obj
                0x10000998                irq_add_shared_handler
 .text.irq_add_tail_to_free_list
                0x10000bcc       0xf8 CMakeFiles/ControlBoard_Code.dir/C_/Users/budon/.pico-sdk/sdk/2.2.0/src/rp2_common/hardware_irq/irq.c.obj
                0x10000bcc                irq_add_tail_to_free_list
 .text.user_irq_claim_unused
                0x10000cc4       0x2c CMakeFiles/ControlBoard_Code.dir/C_/Users/budon/.pico-sdk/sdk/2.2.0/src/rp2_common/hardware_irq/irq.c.obj
                0x10000cc4                user_irq_claim_unused
 .text.lock_init
                0x10000cf0        0xc CMakeFiles/ControlBoard_Code.dir/C_/Users/budon/.pico-sdk/sdk/2.2.0/src/common/pico_sync/lock_core.c.obj
                0x10000cf0                lock_init
 .text.mutex_init
                0x10000cfc       0x1a CMakeFiles/ControlBoard_Code.dir/C_/Users/budon/.pico-sdk/sdk/2.2.0/src/common/pico_sync/mutex.c.obj
                0x10000cfc                mutex_init
 .text.recursive_mutex_init
                0x10000d16       0x1e CMakeFiles/ControlBoard_Code.dir/C_/Users/budon/.pico-sdk/sdk/2.2.0/src/common/pico_sync/mutex.c.obj
                0x10000d16                recursive_mutex_init
 .text.runtime_init_mutex
                0x10000d34       0x4c CMakeFiles/ControlBoard_Code.dir/C_/Users/budon/.pico-sdk/sdk/2.2.0/src/common/pico_sync/mutex.c.obj
                0x10000d34                runtime_init_mutex
 .text.critical_section_init_with_lock_num
                0x10000d80       0x10 CMakeFiles/ControlBoard_Code.dir/C_/Users/budon/.pico-sdk/sdk/2.2.0/src/common/pico_sync/critical_section.c.obj
                0x10000d80                critical_section_init_with_lock_num
 .text.critical_section_init
                0x10000d90       0x14 CMakeFiles/ControlBoard_Code.dir/C_/Users/budon/.pico-sdk/sdk/2.2.0/src/common/pico_sync/critical_section.c.obj
                0x10000d90                critical_section_init
 .text.ta_from_current_irq
                0x10000da4       0x24 CMakeFiles/ControlBoard_Code.dir/C_/Users/budon/.pico-sdk/sdk/2.2.0/src/common/pico_time/time.c.obj
 .text.ta_set_timeout
                0x10000dc8       0x2a CMakeFiles/ControlBoard_Code.dir/C_/Users/budon/.pico-sdk/sdk/2.2.0/src/common/pico_time/time.c.obj
 .text.make_alarm_id
                0x10000df2        0x6 CMakeFiles/ControlBoard_Code.dir/C_/Users/budon/.pico-sdk/sdk/2.2.0/src/common/pico_time/time.c.obj
 .text.sleep_until_callback
                0x10000df8       0x3c CMakeFiles/ControlBoard_Code.dir/C_/Users/budon/.pico-sdk/sdk/2.2.0/src/common/pico_time/time.c.obj
 .text.alarm_pool_irq_handler
                0x10000e34      0x2ec CMakeFiles/ControlBoard_Code.dir/C_/Users/budon/.pico-sdk/sdk/2.2.0/src/common/pico_time/time.c.obj
 .text.ta_enable_irq_handler
                0x10001120       0x38 CMakeFiles/ControlBoard_Code.dir/C_/Users/budon/.pico-sdk/sdk/2.2.0/src/common/pico_time/time.c.obj
 .text.alarm_pool_post_alloc_init
                0x10001158       0x7c CMakeFiles/ControlBoard_Code.dir/C_/Users/budon/.pico-sdk/sdk/2.2.0/src/common/pico_time/time.c.obj
 .text.alarm_pool_get_default
                0x100011d4       0x28 CMakeFiles/ControlBoard_Code.dir/C_/Users/budon/.pico-sdk/sdk/2.2.0/src/common/pico_time/time.c.obj
                0x100011d4                alarm_pool_get_default
 .text.alarm_pool_add_alarm_at_force_in_context
                0x100011fc       0xc0 CMakeFiles/ControlBoard_Code.dir/C_/Users/budon/.pico-sdk/sdk/2.2.0/src/common/pico_time/time.c.obj
                0x100011fc                alarm_pool_add_alarm_at_force_in_context
 .text.alarm_pool_add_alarm_at
                0x100012bc       0x38 CMakeFiles/ControlBoard_Code.dir/C_/Users/budon/.pico-sdk/sdk/2.2.0/src/common/pico_time/time.c.obj
                0x100012bc                alarm_pool_add_alarm_at
 .text.add_alarm_at
                0x100012f4       0x26 CMakeFiles/ControlBoard_Code.dir/C_/Users/budon/.pico-sdk/sdk/2.2.0/src/common/pico_time/time.c.obj
 .text.alarm_pool_cancel_alarm
                0x1000131a       0x72 CMakeFiles/ControlBoard_Code.dir/C_/Users/budon/.pico-sdk/sdk/2.2.0/src/common/pico_time/time.c.obj
                0x1000131a                alarm_pool_cancel_alarm
 .text.cancel_alarm
                0x1000138c       0x10 CMakeFiles/ControlBoard_Code.dir/C_/Users/budon/.pico-sdk/sdk/2.2.0/src/common/pico_time/time.c.obj
 .text.alarm_pool_core_num
                0x1000139c        0x4 CMakeFiles/ControlBoard_Code.dir/C_/Users/budon/.pico-sdk/sdk/2.2.0/src/common/pico_time/time.c.obj
                0x1000139c                alarm_pool_core_num
 .text.sleep_until
                0x100013a0       0xb4 CMakeFiles/ControlBoard_Code.dir/C_/Users/budon/.pico-sdk/sdk/2.2.0/src/common/pico_time/time.c.obj
                0x100013a0                sleep_until
 .text.sleep_us
                0x10001454       0x24 CMakeFiles/ControlBoard_Code.dir/C_/Users/budon/.pico-sdk/sdk/2.2.0/src/common/pico_time/time.c.obj
                0x10001454                sleep_us
 .text.sleep_ms
                0x10001478       0x28 CMakeFiles/ControlBoard_Code.dir/C_/Users/budon/.pico-sdk/sdk/2.2.0/src/common/pico_time/time.c.obj
                0x10001478                sleep_ms
 .text.best_effort_wfe_or_timeout
                0x100014a0       0xfc CMakeFiles/ControlBoard_Code.dir/C_/Users/budon/.pico-sdk/sdk/2.2.0/src/common/pico_time/time.c.obj
                0x100014a0                best_effort_wfe_or_timeout
 .text.alarm_pool_get_default_timer
                0x1000159c        0x8 CMakeFiles/ControlBoard_Code.dir/C_/Users/budon/.pico-sdk/sdk/2.2.0/src/common/pico_time/time.c.obj
                0x1000159c                alarm_pool_get_default_timer
 .text.runtime_init_default_alarm_pool
                0x100015a4       0x34 CMakeFiles/ControlBoard_Code.dir/C_/Users/budon/.pico-sdk/sdk/2.2.0/src/common/pico_time/time.c.obj
                0x100015a4                runtime_init_default_alarm_pool
 .text.timer_hardware_alarm_claim
                0x100015d8       0x24 CMakeFiles/ControlBoard_Code.dir/C_/Users/budon/.pico-sdk/sdk/2.2.0/src/rp2_common/hardware_timer/timer.c.obj
                0x100015d8                timer_hardware_alarm_claim
 .text.timer_time_us_64
                0x100015fc       0x10 CMakeFiles/ControlBoard_Code.dir/C_/Users/budon/.pico-sdk/sdk/2.2.0/src/rp2_common/hardware_timer/timer.c.obj
                0x100015fc                timer_time_us_64
 .text.timer_busy_wait_until
                0x1000160c       0x1a CMakeFiles/ControlBoard_Code.dir/C_/Users/budon/.pico-sdk/sdk/2.2.0/src/rp2_common/hardware_timer/timer.c.obj
                0x1000160c                timer_busy_wait_until
 *fill*         0x10001626        0x2 
 .text.time_us_64
                0x10001628       0x10 CMakeFiles/ControlBoard_Code.dir/C_/Users/budon/.pico-sdk/sdk/2.2.0/src/rp2_common/hardware_timer/timer.c.obj
                0x10001628                time_us_64
 .text.busy_wait_until
                0x10001638       0x14 CMakeFiles/ControlBoard_Code.dir/C_/Users/budon/.pico-sdk/sdk/2.2.0/src/rp2_common/hardware_timer/timer.c.obj
                0x10001638                busy_wait_until
 .text.clock_configure_internal
                0x1000164c       0xb8 CMakeFiles/ControlBoard_Code.dir/C_/Users/budon/.pico-sdk/sdk/2.2.0/src/rp2_common/hardware_clocks/clocks.c.obj
 .text.clock_configure_undivided
                0x10001704       0x12 CMakeFiles/ControlBoard_Code.dir/C_/Users/budon/.pico-sdk/sdk/2.2.0/src/rp2_common/hardware_clocks/clocks.c.obj
                0x10001704                clock_configure_undivided
 *fill*         0x10001716        0x2 
 .text.clock_get_hz
                0x10001718        0xc CMakeFiles/ControlBoard_Code.dir/C_/Users/budon/.pico-sdk/sdk/2.2.0/src/rp2_common/hardware_clocks/clocks.c.obj
                0x10001718                clock_get_hz
 .text.pll_init
                0x10001724      0x108 CMakeFiles/ControlBoard_Code.dir/C_/Users/budon/.pico-sdk/sdk/2.2.0/src/rp2_common/hardware_pll/pll.c.obj
                0x10001724                pll_init
 .text.watchdog_update
                0x1000182c       0x14 CMakeFiles/ControlBoard_Code.dir/C_/Users/budon/.pico-sdk/sdk/2.2.0/src/rp2_common/hardware_watchdog/watchdog.c.obj
                0x1000182c                watchdog_update
 .text._watchdog_enable
                0x10001840       0x6c CMakeFiles/ControlBoard_Code.dir/C_/Users/budon/.pico-sdk/sdk/2.2.0/src/rp2_common/hardware_watchdog/watchdog.c.obj
                0x10001840                _watchdog_enable
 .text.watchdog_reboot
                0x100018ac       0x44 CMakeFiles/ControlBoard_Code.dir/C_/Users/budon/.pico-sdk/sdk/2.2.0/src/rp2_common/hardware_watchdog/watchdog.c.obj
                0x100018ac                watchdog_reboot
 .text.tick_start
                0x100018f0       0x1c CMakeFiles/ControlBoard_Code.dir/C_/Users/budon/.pico-sdk/sdk/2.2.0/src/rp2_common/hardware_ticks/ticks.c.obj
                0x100018f0                tick_start
 .text.rom_reboot
                0x1000190c       0x40 CMakeFiles/ControlBoard_Code.dir/C_/Users/budon/.pico-sdk/sdk/2.2.0/src/rp2_common/pico_bootrom/bootrom.c.obj
 .text.rom_func_lookup
                0x1000194c       0x1e CMakeFiles/ControlBoard_Code.dir/C_/Users/budon/.pico-sdk/sdk/2.2.0/src/rp2_common/pico_bootrom/bootrom.c.obj
                0x1000194c                rom_func_lookup
 .text.rom_reset_usb_boot_extra
                0x1000196a       0x20 CMakeFiles/ControlBoard_Code.dir/C_/Users/budon/.pico-sdk/sdk/2.2.0/src/rp2_common/pico_bootrom/bootrom.c.obj
                0x1000196a                rom_reset_usb_boot_extra
 *fill*         0x1000198a        0x2 
 .text.runtime_init_bootrom_locking_enable
                0x1000198c       0x14 CMakeFiles/ControlBoard_Code.dir/C_/Users/budon/.pico-sdk/sdk/2.2.0/src/rp2_common/pico_bootrom/bootrom_lock.c.obj
                0x1000198c                runtime_init_bootrom_locking_enable
 .text.boot_locks_reset
                0x100019a0       0x20 CMakeFiles/ControlBoard_Code.dir/C_/Users/budon/.pico-sdk/sdk/2.2.0/src/rp2_common/hardware_boot_lock/boot_lock.c.obj
                0x100019a0                boot_locks_reset
 .text.runtime_init_boot_locks_reset
                0x100019c0        0x8 CMakeFiles/ControlBoard_Code.dir/C_/Users/budon/.pico-sdk/sdk/2.2.0/src/rp2_common/hardware_boot_lock/boot_lock.c.obj
                0x100019c0                runtime_init_boot_locks_reset
 .text.xosc_init
                0x100019c8       0x28 CMakeFiles/ControlBoard_Code.dir/C_/Users/budon/.pico-sdk/sdk/2.2.0/src/rp2_common/hardware_xosc/xosc.c.obj
                0x100019c8                xosc_init
 .text.runtime_run_initializers_from
                0x100019f0       0x18 CMakeFiles/ControlBoard_Code.dir/C_/Users/budon/.pico-sdk/sdk/2.2.0/src/rp2_common/pico_runtime/runtime.c.obj
 .text.first_per_core_initializer
                0x10001a08        0x2 CMakeFiles/ControlBoard_Code.dir/C_/Users/budon/.pico-sdk/sdk/2.2.0/src/rp2_common/pico_runtime/runtime.c.obj
 *fill*         0x10001a0a        0x2 
 .text.runtime_run_initializers
                0x10001a0c       0x10 CMakeFiles/ControlBoard_Code.dir/C_/Users/budon/.pico-sdk/sdk/2.2.0/src/rp2_common/pico_runtime/runtime.c.obj
                0x10001a0c                runtime_run_initializers
 .text.runtime_init_early_resets
                0x10001a1c       0x2c CMakeFiles/ControlBoard_Code.dir/C_/Users/budon/.pico-sdk/sdk/2.2.0/src/rp2_common/pico_runtime_init/runtime_init.c.obj
                0x10001a1c                runtime_init_early_resets
 .text.runtime_init_usb_power_down
                0x10001a48       0x20 CMakeFiles/ControlBoard_Code.dir/C_/Users/budon/.pico-sdk/sdk/2.2.0/src/rp2_common/pico_runtime_init/runtime_init.c.obj
                0x10001a48                runtime_init_usb_power_down
 .text.runtime_init_per_core_enable_coprocessors
                0x10001a68       0x1c CMakeFiles/ControlBoard_Code.dir/C_/Users/budon/.pico-sdk/sdk/2.2.0/src/rp2_common/pico_runtime_init/runtime_init.c.obj
                0x10001a68                runtime_init_per_core_enable_coprocessors
 .text.runtime_init_post_clock_resets
                0x10001a84       0x20 CMakeFiles/ControlBoard_Code.dir/C_/Users/budon/.pico-sdk/sdk/2.2.0/src/rp2_common/pico_runtime_init/runtime_init.c.obj
                0x10001a84                runtime_init_post_clock_resets
 .text.runtime_init_bootrom_reset
                0x10001aa4       0x12 CMakeFiles/ControlBoard_Code.dir/C_/Users/budon/.pico-sdk/sdk/2.2.0/src/rp2_common/pico_runtime_init/runtime_init.c.obj
                0x10001aa4                runtime_init_bootrom_reset
 .text.runtime_init_per_core_bootrom_reset
                0x10001ab6       0x12 CMakeFiles/ControlBoard_Code.dir/C_/Users/budon/.pico-sdk/sdk/2.2.0/src/rp2_common/pico_runtime_init/runtime_init.c.obj
                0x10001ab6                runtime_init_per_core_bootrom_reset
 .text.runtime_init_spin_locks_reset
                0x10001ac8        0x8 CMakeFiles/ControlBoard_Code.dir/C_/Users/budon/.pico-sdk/sdk/2.2.0/src/rp2_common/pico_runtime_init/runtime_init.c.obj
                0x10001ac8                runtime_init_spin_locks_reset
 .text.runtime_init_install_ram_vector_table
                0x10001ad0       0x48 CMakeFiles/ControlBoard_Code.dir/C_/Users/budon/.pico-sdk/sdk/2.2.0/src/rp2_common/pico_runtime_init/runtime_init.c.obj
                0x10001ad0                runtime_init_install_ram_vector_table
 .text.start_all_ticks
                0x10001b18       0x28 CMakeFiles/ControlBoard_Code.dir/C_/Users/budon/.pico-sdk/sdk/2.2.0/src/rp2_common/pico_runtime_init/runtime_init_clocks.c.obj
 .text.runtime_init_clocks
                0x10001b40       0xc4 CMakeFiles/ControlBoard_Code.dir/C_/Users/budon/.pico-sdk/sdk/2.2.0/src/rp2_common/pico_runtime_init/runtime_init_clocks.c.obj
                0x10001b40                runtime_init_clocks
 .text.__rp2350_dcp_engaged_state_save_restore
                0x10001c04       0x3a CMakeFiles/ControlBoard_Code.dir/C_/Users/budon/.pico-sdk/sdk/2.2.0/src/rp2_common/pico_double/double_aeabi_dcp.S.obj
 *fill*         0x10001c3e        0x2 
 .text.__wrap___aeabi_dadd
                0x10001c40       0x28 CMakeFiles/ControlBoard_Code.dir/C_/Users/budon/.pico-sdk/sdk/2.2.0/src/rp2_common/pico_double/double_aeabi_dcp.S.obj
                0x10001c48                __wrap___aeabi_dadd
 .text.__wrap___aeabi_dsub
                0x10001c68       0x28 CMakeFiles/ControlBoard_Code.dir/C_/Users/budon/.pico-sdk/sdk/2.2.0/src/rp2_common/pico_double/double_aeabi_dcp.S.obj
                0x10001c70                __wrap___aeabi_dsub
 .text.__wrap___aeabi_dmul
                0x10001c90       0x4c CMakeFiles/ControlBoard_Code.dir/C_/Users/budon/.pico-sdk/sdk/2.2.0/src/rp2_common/pico_double/double_aeabi_dcp.S.obj
                0x10001c98                __wrap___aeabi_dmul
 .text.__wrap___aeabi_ddiv
                0x10001cdc       0x9c CMakeFiles/ControlBoard_Code.dir/C_/Users/budon/.pico-sdk/sdk/2.2.0/src/rp2_common/pico_double/double_aeabi_dcp.S.obj
                0x10001ce4                __wrap___aeabi_ddiv
 .text.__wrap___aeabi_i2d
                0x10001d78       0x24 CMakeFiles/ControlBoard_Code.dir/C_/Users/budon/.pico-sdk/sdk/2.2.0/src/rp2_common/pico_double/double_aeabi_dcp.S.obj
                0x10001d80                int2double
                0x10001d80                __wrap___aeabi_i2d
 .text.__wrap___aeabi_ui2d
                0x10001d9c       0x24 CMakeFiles/ControlBoard_Code.dir/C_/Users/budon/.pico-sdk/sdk/2.2.0/src/rp2_common/pico_double/double_aeabi_dcp.S.obj
                0x10001da4                uint2double
                0x10001da4                __wrap___aeabi_ui2d
 .text.__wrap___aeabi_d2iz
                0x10001dc0       0x24 CMakeFiles/ControlBoard_Code.dir/C_/Users/budon/.pico-sdk/sdk/2.2.0/src/rp2_common/pico_double/double_aeabi_dcp.S.obj
                0x10001dc8                double2int_z
                0x10001dc8                __wrap___aeabi_d2iz
 .text.__wrap___aeabi_d2uiz
                0x10001de4       0x24 CMakeFiles/ControlBoard_Code.dir/C_/Users/budon/.pico-sdk/sdk/2.2.0/src/rp2_common/pico_double/double_aeabi_dcp.S.obj
                0x10001dec                double2uint
                0x10001dec                __wrap___aeabi_d2uiz
                0x10001dec                double2uint_z
 .text.__wrap___aeabi_dcmpun
                0x10001e08       0x24 CMakeFiles/ControlBoard_Code.dir/C_/Users/budon/.pico-sdk/sdk/2.2.0/src/rp2_common/pico_double/double_aeabi_dcp.S.obj
                0x10001e10                __wrap___aeabi_dcmpun
 .text.__wrap___aeabi_dcmplt
                0x10001e2c       0x28 CMakeFiles/ControlBoard_Code.dir/C_/Users/budon/.pico-sdk/sdk/2.2.0/src/rp2_common/pico_double/double_aeabi_dcp.S.obj
                0x10001e34                __wrap___aeabi_dcmplt
 .text.__wrap___aeabi_dcmple
                0x10001e54       0x28 CMakeFiles/ControlBoard_Code.dir/C_/Users/budon/.pico-sdk/sdk/2.2.0/src/rp2_common/pico_double/double_aeabi_dcp.S.obj
                0x10001e5c                __wrap___aeabi_dcmple
 .text.__wrap___aeabi_dcmpge
                0x10001e7c       0x28 CMakeFiles/ControlBoard_Code.dir/C_/Users/budon/.pico-sdk/sdk/2.2.0/src/rp2_common/pico_double/double_aeabi_dcp.S.obj
                0x10001e84                __wrap___aeabi_dcmpge
 .text.__wrap___aeabi_dcmpgt
                0x10001ea4       0x28 CMakeFiles/ControlBoard_Code.dir/C_/Users/budon/.pico-sdk/sdk/2.2.0/src/rp2_common/pico_double/double_aeabi_dcp.S.obj
                0x10001eac                __wrap___aeabi_dcmpgt
 .text._out_buffer
                0x10001ecc        0x8 CMakeFiles/ControlBoard_Code.dir/C_/Users/budon/.pico-sdk/sdk/2.2.0/src/rp2_common/pico_printf/printf.c.obj
 .text._out_null
                0x10001ed4        0x2 CMakeFiles/ControlBoard_Code.dir/C_/Users/budon/.pico-sdk/sdk/2.2.0/src/rp2_common/pico_printf/printf.c.obj
 .text._out_fct
                0x10001ed6        0xe CMakeFiles/ControlBoard_Code.dir/C_/Users/budon/.pico-sdk/sdk/2.2.0/src/rp2_common/pico_printf/printf.c.obj
 .text._atoi    0x10001ee4       0x26 CMakeFiles/ControlBoard_Code.dir/C_/Users/budon/.pico-sdk/sdk/2.2.0/src/rp2_common/pico_printf/printf.c.obj
 .text._out_rev
                0x10001f0a       0x7e CMakeFiles/ControlBoard_Code.dir/C_/Users/budon/.pico-sdk/sdk/2.2.0/src/rp2_common/pico_printf/printf.c.obj
 .text._ntoa_format
                0x10001f88      0x134 CMakeFiles/ControlBoard_Code.dir/C_/Users/budon/.pico-sdk/sdk/2.2.0/src/rp2_common/pico_printf/printf.c.obj
 .text._ntoa_long
                0x100020bc       0x94 CMakeFiles/ControlBoard_Code.dir/C_/Users/budon/.pico-sdk/sdk/2.2.0/src/rp2_common/pico_printf/printf.c.obj
 .text._ntoa_long_long
                0x10002150       0xc2 CMakeFiles/ControlBoard_Code.dir/C_/Users/budon/.pico-sdk/sdk/2.2.0/src/rp2_common/pico_printf/printf.c.obj
 *fill*         0x10002212        0x6 
 .text._etoa    0x10002218      0x420 CMakeFiles/ControlBoard_Code.dir/C_/Users/budon/.pico-sdk/sdk/2.2.0/src/rp2_common/pico_printf/printf.c.obj
 .text._ftoa    0x10002638      0x398 CMakeFiles/ControlBoard_Code.dir/C_/Users/budon/.pico-sdk/sdk/2.2.0/src/rp2_common/pico_printf/printf.c.obj
 .text._vsnprintf
                0x100029d0      0x6d8 CMakeFiles/ControlBoard_Code.dir/C_/Users/budon/.pico-sdk/sdk/2.2.0/src/rp2_common/pico_printf/printf.c.obj
 .text.__wrap_snprintf
                0x100030a8       0x28 CMakeFiles/ControlBoard_Code.dir/C_/Users/budon/.pico-sdk/sdk/2.2.0/src/rp2_common/pico_printf/printf.c.obj
                0x100030a8                __wrap_snprintf
 .text.vfctprintf
                0x100030d0       0x24 CMakeFiles/ControlBoard_Code.dir/C_/Users/budon/.pico-sdk/sdk/2.2.0/src/rp2_common/pico_printf/printf.c.obj
                0x100030d0                vfctprintf
 .text._exit    0x100030f4        0x4 CMakeFiles/ControlBoard_Code.dir/C_/Users/budon/.pico-sdk/sdk/2.2.0/src/rp2_common/pico_clib_interface/newlib_interface.c.obj
                0x100030f4                _exit
 .text.exit     0x100030f8        0x6 CMakeFiles/ControlBoard_Code.dir/C_/Users/budon/.pico-sdk/sdk/2.2.0/src/rp2_common/pico_clib_interface/newlib_interface.c.obj
                0x100030f8                exit
 *fill*         0x100030fe        0x2 
 .text.__assert_func
                0x10003100       0x34 CMakeFiles/ControlBoard_Code.dir/C_/Users/budon/.pico-sdk/sdk/2.2.0/src/rp2_common/pico_clib_interface/newlib_interface.c.obj
                0x10003100                __assert_func
 .text.runtime_init
                0x10003134       0x2c CMakeFiles/ControlBoard_Code.dir/C_/Users/budon/.pico-sdk/sdk/2.2.0/src/rp2_common/pico_clib_interface/newlib_interface.c.obj
                0x10003134                runtime_init
 .text.stdio_out_chars_no_crlf
                0x10003160        0xe CMakeFiles/ControlBoard_Code.dir/C_/Users/budon/.pico-sdk/sdk/2.2.0/src/rp2_common/pico_stdio/stdio.c.obj
 *fill*         0x1000316e        0x2 
 .text.stdio_out_chars_crlf
                0x10003170       0x80 CMakeFiles/ControlBoard_Code.dir/C_/Users/budon/.pico-sdk/sdk/2.2.0/src/rp2_common/pico_stdio/stdio.c.obj
 .text.stdio_stack_buffer_flush
                0x100031f0       0x40 CMakeFiles/ControlBoard_Code.dir/C_/Users/budon/.pico-sdk/sdk/2.2.0/src/rp2_common/pico_stdio/stdio.c.obj
 .text.stdio_buffered_printer
                0x10003230       0x20 CMakeFiles/ControlBoard_Code.dir/C_/Users/budon/.pico-sdk/sdk/2.2.0/src/rp2_common/pico_stdio/stdio.c.obj
 .text.stdout_serialize_begin
                0x10003250       0x2c CMakeFiles/ControlBoard_Code.dir/C_/Users/budon/.pico-sdk/sdk/2.2.0/src/rp2_common/pico_stdio/stdio.c.obj
                0x10003250                stdout_serialize_begin
 .text.stdout_serialize_end
                0x1000327c       0x10 CMakeFiles/ControlBoard_Code.dir/C_/Users/budon/.pico-sdk/sdk/2.2.0/src/rp2_common/pico_stdio/stdio.c.obj
                0x1000327c                stdout_serialize_end
 .text.stdio_put_string
                0x1000328c       0x8c CMakeFiles/ControlBoard_Code.dir/C_/Users/budon/.pico-sdk/sdk/2.2.0/src/rp2_common/pico_stdio/stdio.c.obj
                0x1000328c                stdio_put_string
 .text.stdio_set_driver_enabled
                0x10003318       0x2c CMakeFiles/ControlBoard_Code.dir/C_/Users/budon/.pico-sdk/sdk/2.2.0/src/rp2_common/pico_stdio/stdio.c.obj
                0x10003318                stdio_set_driver_enabled
 .text.stdio_flush
                0x10003344       0x1c CMakeFiles/ControlBoard_Code.dir/C_/Users/budon/.pico-sdk/sdk/2.2.0/src/rp2_common/pico_stdio/stdio.c.obj
                0x10003344                stdio_flush
 .text.stdio_init_all
                0x10003360        0x8 CMakeFiles/ControlBoard_Code.dir/C_/Users/budon/.pico-sdk/sdk/2.2.0/src/rp2_common/pico_stdio/stdio.c.obj
                0x10003360                stdio_init_all
 .text.__wrap_puts
                0x10003368       0x1e CMakeFiles/ControlBoard_Code.dir/C_/Users/budon/.pico-sdk/sdk/2.2.0/src/rp2_common/pico_stdio/stdio.c.obj
                0x10003368                stdio_puts
                0x10003368                __wrap_puts
 *fill*         0x10003386        0x2 
 .text.__wrap_vprintf
                0x10003388       0x40 CMakeFiles/ControlBoard_Code.dir/C_/Users/budon/.pico-sdk/sdk/2.2.0/src/rp2_common/pico_stdio/stdio.c.obj
                0x10003388                stdio_vprintf
                0x10003388                __wrap_vprintf
 .text.__wrap_printf
                0x100033c8       0x1c CMakeFiles/ControlBoard_Code.dir/C_/Users/budon/.pico-sdk/sdk/2.2.0/src/rp2_common/pico_stdio/stdio.c.obj
                0x100033c8                __wrap_printf
                0x100033c8                stdio_printf
 .text.resetd_init
                0x100033e4        0x2 CMakeFiles/ControlBoard_Code.dir/C_/Users/budon/.pico-sdk/sdk/2.2.0/src/rp2_common/pico_stdio_usb/reset_interface.c.obj
 *fill*         0x100033e6        0x2 
 .text.resetd_reset
                0x100033e8        0xc CMakeFiles/ControlBoard_Code.dir/C_/Users/budon/.pico-sdk/sdk/2.2.0/src/rp2_common/pico_stdio_usb/reset_interface.c.obj
 .text.resetd_open
                0x100033f4       0x34 CMakeFiles/ControlBoard_Code.dir/C_/Users/budon/.pico-sdk/sdk/2.2.0/src/rp2_common/pico_stdio_usb/reset_interface.c.obj
 .text.resetd_xfer_cb
                0x10003428        0x4 CMakeFiles/ControlBoard_Code.dir/C_/Users/budon/.pico-sdk/sdk/2.2.0/src/rp2_common/pico_stdio_usb/reset_interface.c.obj
 .text.resetd_control_xfer_cb
                0x1000342c       0x54 CMakeFiles/ControlBoard_Code.dir/C_/Users/budon/.pico-sdk/sdk/2.2.0/src/rp2_common/pico_stdio_usb/reset_interface.c.obj
 .text.tud_descriptor_bos_cb
                0x10003480        0x8 CMakeFiles/ControlBoard_Code.dir/C_/Users/budon/.pico-sdk/sdk/2.2.0/src/rp2_common/pico_stdio_usb/reset_interface.c.obj
                0x10003480                tud_descriptor_bos_cb
 .text.tud_vendor_control_xfer_cb
                0x10003488       0x30 CMakeFiles/ControlBoard_Code.dir/C_/Users/budon/.pico-sdk/sdk/2.2.0/src/rp2_common/pico_stdio_usb/reset_interface.c.obj
                0x10003488                tud_vendor_control_xfer_cb
 .text.usbd_app_driver_get_cb
                0x100034b8        0xc CMakeFiles/ControlBoard_Code.dir/C_/Users/budon/.pico-sdk/sdk/2.2.0/src/rp2_common/pico_stdio_usb/reset_interface.c.obj
                0x100034b8                usbd_app_driver_get_cb
 .text.tud_cdc_line_coding_cb
                0x100034c4       0x18 CMakeFiles/ControlBoard_Code.dir/C_/Users/budon/.pico-sdk/sdk/2.2.0/src/rp2_common/pico_stdio_usb/reset_interface.c.obj
                0x100034c4                tud_cdc_line_coding_cb
 .text.stdio_usb_set_chars_available_callback
                0x100034dc       0x14 CMakeFiles/ControlBoard_Code.dir/C_/Users/budon/.pico-sdk/sdk/2.2.0/src/rp2_common/pico_stdio_usb/stdio_usb.c.obj
                0x100034dc                stdio_usb_set_chars_available_callback
 .text.stdio_usb_out_flush
                0x100034f0       0x48 CMakeFiles/ControlBoard_Code.dir/C_/Users/budon/.pico-sdk/sdk/2.2.0/src/rp2_common/pico_stdio_usb/stdio_usb.c.obj
 .text.timer_task
                0x10003538       0x70 CMakeFiles/ControlBoard_Code.dir/C_/Users/budon/.pico-sdk/sdk/2.2.0/src/rp2_common/pico_stdio_usb/stdio_usb.c.obj
 .text.usb_irq  0x100035a8       0x10 CMakeFiles/ControlBoard_Code.dir/C_/Users/budon/.pico-sdk/sdk/2.2.0/src/rp2_common/pico_stdio_usb/stdio_usb.c.obj
 .text.alarm_pool_add_alarm_in_us
                0x100035b8       0x3a CMakeFiles/ControlBoard_Code.dir/C_/Users/budon/.pico-sdk/sdk/2.2.0/src/rp2_common/pico_stdio_usb/stdio_usb.c.obj
 .text.add_alarm_in_us
                0x100035f2       0x26 CMakeFiles/ControlBoard_Code.dir/C_/Users/budon/.pico-sdk/sdk/2.2.0/src/rp2_common/pico_stdio_usb/stdio_usb.c.obj
 .text.low_priority_worker_irq
                0x10003618       0xa8 CMakeFiles/ControlBoard_Code.dir/C_/Users/budon/.pico-sdk/sdk/2.2.0/src/rp2_common/pico_stdio_usb/stdio_usb.c.obj
 .text.stdio_usb_init
                0x100036c0       0xd4 CMakeFiles/ControlBoard_Code.dir/C_/Users/budon/.pico-sdk/sdk/2.2.0/src/rp2_common/pico_stdio_usb/stdio_usb.c.obj
                0x100036c0                stdio_usb_init
 .text.stdio_usb_connected
                0x10003794        0xa CMakeFiles/ControlBoard_Code.dir/C_/Users/budon/.pico-sdk/sdk/2.2.0/src/rp2_common/pico_stdio_usb/stdio_usb.c.obj
                0x10003794                stdio_usb_connected
 *fill*         0x1000379e        0x2 
 .text.stdio_usb_in_chars
                0x100037a0       0x8c CMakeFiles/ControlBoard_Code.dir/C_/Users/budon/.pico-sdk/sdk/2.2.0/src/rp2_common/pico_stdio_usb/stdio_usb.c.obj
                0x100037a0                stdio_usb_in_chars
 .text.stdio_usb_out_chars
                0x1000382c       0xd4 CMakeFiles/ControlBoard_Code.dir/C_/Users/budon/.pico-sdk/sdk/2.2.0/src/rp2_common/pico_stdio_usb/stdio_usb.c.obj
 .text.tud_descriptor_device_cb
                0x10003900        0x8 CMakeFiles/ControlBoard_Code.dir/C_/Users/budon/.pico-sdk/sdk/2.2.0/src/rp2_common/pico_stdio_usb/stdio_usb_descriptors.c.obj
                0x10003900                tud_descriptor_device_cb
 .text.tud_descriptor_configuration_cb
                0x10003908        0x8 CMakeFiles/ControlBoard_Code.dir/C_/Users/budon/.pico-sdk/sdk/2.2.0/src/rp2_common/pico_stdio_usb/stdio_usb_descriptors.c.obj
                0x10003908                tud_descriptor_configuration_cb
 .text.tud_descriptor_string_cb
                0x10003910       0x64 CMakeFiles/ControlBoard_Code.dir/C_/Users/budon/.pico-sdk/sdk/2.2.0/src/rp2_common/pico_stdio_usb/stdio_usb_descriptors.c.obj
                0x10003910                tud_descriptor_string_cb
 .text._retrieve_unique_id_on_boot
                0x10003974       0x58 CMakeFiles/ControlBoard_Code.dir/C_/Users/budon/.pico-sdk/sdk/2.2.0/src/rp2_common/pico_unique_id/unique_id.c.obj
 .text.pico_get_unique_board_id_string
                0x100039cc       0x5c CMakeFiles/ControlBoard_Code.dir/C_/Users/budon/.pico-sdk/sdk/2.2.0/src/rp2_common/pico_unique_id/unique_id.c.obj
                0x100039cc                pico_get_unique_board_id_string
 .text.hw_endpoint_init
                0x10003a28       0xbc CMakeFiles/ControlBoard_Code.dir/C_/Users/budon/.pico-sdk/sdk/2.2.0/lib/tinyusb/src/portable/raspberrypi/rp2040/dcd_rp2040.c.obj
 .text.hw_endpoint_alloc
                0x10003ae4       0x48 CMakeFiles/ControlBoard_Code.dir/C_/Users/budon/.pico-sdk/sdk/2.2.0/lib/tinyusb/src/portable/raspberrypi/rp2040/dcd_rp2040.c.obj
 .text.hw_endpoint_open
                0x10003b2c       0x44 CMakeFiles/ControlBoard_Code.dir/C_/Users/budon/.pico-sdk/sdk/2.2.0/lib/tinyusb/src/portable/raspberrypi/rp2040/dcd_rp2040.c.obj
 .text.hw_endpoint_xfer
                0x10003b70       0x1c CMakeFiles/ControlBoard_Code.dir/C_/Users/budon/.pico-sdk/sdk/2.2.0/lib/tinyusb/src/portable/raspberrypi/rp2040/dcd_rp2040.c.obj
 .text.dcd_int_enable
                0x10003b8c       0x28 CMakeFiles/ControlBoard_Code.dir/C_/Users/budon/.pico-sdk/sdk/2.2.0/lib/tinyusb/src/portable/raspberrypi/rp2040/dcd_rp2040.c.obj
                0x10003b8c                dcd_int_enable
 .text.dcd_set_address
                0x10003bb4       0x2c CMakeFiles/ControlBoard_Code.dir/C_/Users/budon/.pico-sdk/sdk/2.2.0/lib/tinyusb/src/portable/raspberrypi/rp2040/dcd_rp2040.c.obj
                0x10003bb4                dcd_set_address
 .text.dcd_connect
                0x10003be0       0x10 CMakeFiles/ControlBoard_Code.dir/C_/Users/budon/.pico-sdk/sdk/2.2.0/lib/tinyusb/src/portable/raspberrypi/rp2040/dcd_rp2040.c.obj
                0x10003be0                dcd_connect
 .text.dcd_init
                0x10003bf0       0x84 CMakeFiles/ControlBoard_Code.dir/C_/Users/budon/.pico-sdk/sdk/2.2.0/lib/tinyusb/src/portable/raspberrypi/rp2040/dcd_rp2040.c.obj
                0x10003bf0                dcd_init
 .text.dcd_sof_enable
                0x10003c74       0x1c CMakeFiles/ControlBoard_Code.dir/C_/Users/budon/.pico-sdk/sdk/2.2.0/lib/tinyusb/src/portable/raspberrypi/rp2040/dcd_rp2040.c.obj
                0x10003c74                dcd_sof_enable
 .text.dcd_edpt0_status_complete
                0x10003c90       0x20 CMakeFiles/ControlBoard_Code.dir/C_/Users/budon/.pico-sdk/sdk/2.2.0/lib/tinyusb/src/portable/raspberrypi/rp2040/dcd_rp2040.c.obj
                0x10003c90                dcd_edpt0_status_complete
 .text.dcd_edpt_open
                0x10003cb0       0x22 CMakeFiles/ControlBoard_Code.dir/C_/Users/budon/.pico-sdk/sdk/2.2.0/lib/tinyusb/src/portable/raspberrypi/rp2040/dcd_rp2040.c.obj
                0x10003cb0                dcd_edpt_open
 .text.dcd_edpt_close_all
                0x10003cd2        0x8 CMakeFiles/ControlBoard_Code.dir/C_/Users/budon/.pico-sdk/sdk/2.2.0/lib/tinyusb/src/portable/raspberrypi/rp2040/dcd_rp2040.c.obj
                0x10003cd2                dcd_edpt_close_all
 *fill*         0x10003cda        0x2 
 .text.dcd_edpt_xfer
                0x10003cdc       0x2c CMakeFiles/ControlBoard_Code.dir/C_/Users/budon/.pico-sdk/sdk/2.2.0/lib/tinyusb/src/portable/raspberrypi/rp2040/dcd_rp2040.c.obj
                0x10003cdc                dcd_edpt_xfer
 .text.dcd_edpt_stall
                0x10003d08       0x38 CMakeFiles/ControlBoard_Code.dir/C_/Users/budon/.pico-sdk/sdk/2.2.0/lib/tinyusb/src/portable/raspberrypi/rp2040/dcd_rp2040.c.obj
                0x10003d08                dcd_edpt_stall
 .text.dcd_edpt_clear_stall
                0x10003d40       0x28 CMakeFiles/ControlBoard_Code.dir/C_/Users/budon/.pico-sdk/sdk/2.2.0/lib/tinyusb/src/portable/raspberrypi/rp2040/dcd_rp2040.c.obj
                0x10003d40                dcd_edpt_clear_stall
 .text.unaligned_memcpy
                0x10003d68       0x14 CMakeFiles/ControlBoard_Code.dir/C_/Users/budon/.pico-sdk/sdk/2.2.0/lib/tinyusb/src/portable/raspberrypi/rp2040/rp2040_usb.c.obj
 .text.rp2040_usb_init
                0x10003d7c       0x40 CMakeFiles/ControlBoard_Code.dir/C_/Users/budon/.pico-sdk/sdk/2.2.0/lib/tinyusb/src/portable/raspberrypi/rp2040/rp2040_usb.c.obj
                0x10003d7c                rp2040_usb_init
 .text.hw_endpoint_xfer_start
                0x10003dbc       0x58 CMakeFiles/ControlBoard_Code.dir/C_/Users/budon/.pico-sdk/sdk/2.2.0/lib/tinyusb/src/portable/raspberrypi/rp2040/rp2040_usb.c.obj
                0x10003dbc                hw_endpoint_xfer_start
 .text.configuration_reset
                0x10003e14       0x90 CMakeFiles/ControlBoard_Code.dir/C_/Users/budon/.pico-sdk/sdk/2.2.0/lib/tinyusb/src/device/usbd.c.obj
 .text.usbd_reset
                0x10003ea4        0xc CMakeFiles/ControlBoard_Code.dir/C_/Users/budon/.pico-sdk/sdk/2.2.0/lib/tinyusb/src/device/usbd.c.obj
 .text.invoke_class_control
                0x10003eb0       0x1a CMakeFiles/ControlBoard_Code.dir/C_/Users/budon/.pico-sdk/sdk/2.2.0/lib/tinyusb/src/device/usbd.c.obj
 *fill*         0x10003eca        0x2 
 .text.process_set_config
                0x10003ecc      0x1cc CMakeFiles/ControlBoard_Code.dir/C_/Users/budon/.pico-sdk/sdk/2.2.0/lib/tinyusb/src/device/usbd.c.obj
 .text.tud_event_hook_cb
                0x10004098        0x2 CMakeFiles/ControlBoard_Code.dir/C_/Users/budon/.pico-sdk/sdk/2.2.0/lib/tinyusb/src/device/usbd.c.obj
                0x10004098                tud_event_hook_cb
 .text.tud_sof_cb
                0x1000409a        0x2 CMakeFiles/ControlBoard_Code.dir/C_/Users/budon/.pico-sdk/sdk/2.2.0/lib/tinyusb/src/device/usbd.c.obj
                0x1000409a                tud_sof_cb
 .text.tud_descriptor_device_qualifier_cb
                0x1000409c        0x4 CMakeFiles/ControlBoard_Code.dir/C_/Users/budon/.pico-sdk/sdk/2.2.0/lib/tinyusb/src/device/usbd.c.obj
                0x1000409c                tud_descriptor_device_qualifier_cb
 .text.tud_descriptor_other_speed_configuration_cb
                0x100040a0        0x4 CMakeFiles/ControlBoard_Code.dir/C_/Users/budon/.pico-sdk/sdk/2.2.0/lib/tinyusb/src/device/usbd.c.obj
                0x100040a0                tud_descriptor_other_speed_configuration_cb
 .text.process_get_descriptor
                0x100040a4       0xf8 CMakeFiles/ControlBoard_Code.dir/C_/Users/budon/.pico-sdk/sdk/2.2.0/lib/tinyusb/src/device/usbd.c.obj
 .text.tud_mount_cb
                0x1000419c        0x2 CMakeFiles/ControlBoard_Code.dir/C_/Users/budon/.pico-sdk/sdk/2.2.0/lib/tinyusb/src/device/usbd.c.obj
                0x1000419c                tud_mount_cb
 .text.tud_umount_cb
                0x1000419e        0x2 CMakeFiles/ControlBoard_Code.dir/C_/Users/budon/.pico-sdk/sdk/2.2.0/lib/tinyusb/src/device/usbd.c.obj
                0x1000419e                tud_umount_cb
 .text.tud_suspend_cb
                0x100041a0        0x2 CMakeFiles/ControlBoard_Code.dir/C_/Users/budon/.pico-sdk/sdk/2.2.0/lib/tinyusb/src/device/usbd.c.obj
                0x100041a0                tud_suspend_cb
 .text.tud_resume_cb
                0x100041a2        0x2 CMakeFiles/ControlBoard_Code.dir/C_/Users/budon/.pico-sdk/sdk/2.2.0/lib/tinyusb/src/device/usbd.c.obj
                0x100041a2                tud_resume_cb
 .text.tud_mounted
                0x100041a4       0x14 CMakeFiles/ControlBoard_Code.dir/C_/Users/budon/.pico-sdk/sdk/2.2.0/lib/tinyusb/src/device/usbd.c.obj
                0x100041a4                tud_mounted
 .text.tud_suspended
                0x100041b8       0x10 CMakeFiles/ControlBoard_Code.dir/C_/Users/budon/.pico-sdk/sdk/2.2.0/lib/tinyusb/src/device/usbd.c.obj
                0x100041b8                tud_suspended
 .text.tud_inited
                0x100041c8       0x10 CMakeFiles/ControlBoard_Code.dir/C_/Users/budon/.pico-sdk/sdk/2.2.0/lib/tinyusb/src/device/usbd.c.obj
                0x100041c8                tud_inited
 .text.tud_rhport_init
                0x100041d8      0x128 CMakeFiles/ControlBoard_Code.dir/C_/Users/budon/.pico-sdk/sdk/2.2.0/lib/tinyusb/src/device/usbd.c.obj
                0x100041d8                tud_rhport_init
 .text.usbd_edpt_open
                0x10004300       0x7c CMakeFiles/ControlBoard_Code.dir/C_/Users/budon/.pico-sdk/sdk/2.2.0/lib/tinyusb/src/device/usbd.c.obj
                0x10004300                usbd_edpt_open
 .text.usbd_open_edpt_pair
                0x1000437c       0xa4 CMakeFiles/ControlBoard_Code.dir/C_/Users/budon/.pico-sdk/sdk/2.2.0/lib/tinyusb/src/device/usbd.c.obj
                0x1000437c                usbd_open_edpt_pair
 .text.usbd_edpt_claim
                0x10004420       0x28 CMakeFiles/ControlBoard_Code.dir/C_/Users/budon/.pico-sdk/sdk/2.2.0/lib/tinyusb/src/device/usbd.c.obj
                0x10004420                usbd_edpt_claim
 .text.usbd_edpt_release
                0x10004448       0x28 CMakeFiles/ControlBoard_Code.dir/C_/Users/budon/.pico-sdk/sdk/2.2.0/lib/tinyusb/src/device/usbd.c.obj
                0x10004448                usbd_edpt_release
 .text.usbd_edpt_xfer
                0x10004470       0x90 CMakeFiles/ControlBoard_Code.dir/C_/Users/budon/.pico-sdk/sdk/2.2.0/lib/tinyusb/src/device/usbd.c.obj
                0x10004470                usbd_edpt_xfer
 .text.usbd_edpt_stall
                0x10004500       0x3c CMakeFiles/ControlBoard_Code.dir/C_/Users/budon/.pico-sdk/sdk/2.2.0/lib/tinyusb/src/device/usbd.c.obj
                0x10004500                usbd_edpt_stall
 .text.usbd_edpt_clear_stall
                0x1000453c       0x3c CMakeFiles/ControlBoard_Code.dir/C_/Users/budon/.pico-sdk/sdk/2.2.0/lib/tinyusb/src/device/usbd.c.obj
                0x1000453c                usbd_edpt_clear_stall
 .text.usbd_edpt_stalled
                0x10004578       0x1c CMakeFiles/ControlBoard_Code.dir/C_/Users/budon/.pico-sdk/sdk/2.2.0/lib/tinyusb/src/device/usbd.c.obj
                0x10004578                usbd_edpt_stalled
 .text.process_control_request
                0x10004594      0x404 CMakeFiles/ControlBoard_Code.dir/C_/Users/budon/.pico-sdk/sdk/2.2.0/lib/tinyusb/src/device/usbd.c.obj
 .text.tud_task_ext
                0x10004998      0x250 CMakeFiles/ControlBoard_Code.dir/C_/Users/budon/.pico-sdk/sdk/2.2.0/lib/tinyusb/src/device/usbd.c.obj
                0x10004998                tud_task_ext
 .text.status_stage_xact
                0x10004be8       0x1a CMakeFiles/ControlBoard_Code.dir/C_/Users/budon/.pico-sdk/sdk/2.2.0/lib/tinyusb/src/device/usbd_control.c.obj
 *fill*         0x10004c02        0x2 
 .text.data_stage_xact
                0x10004c04       0x5c CMakeFiles/ControlBoard_Code.dir/C_/Users/budon/.pico-sdk/sdk/2.2.0/lib/tinyusb/src/device/usbd_control.c.obj
 .text.tud_control_status
                0x10004c60       0x28 CMakeFiles/ControlBoard_Code.dir/C_/Users/budon/.pico-sdk/sdk/2.2.0/lib/tinyusb/src/device/usbd_control.c.obj
                0x10004c60                tud_control_status
 .text.tud_control_xfer
                0x10004c88       0xac CMakeFiles/ControlBoard_Code.dir/C_/Users/budon/.pico-sdk/sdk/2.2.0/lib/tinyusb/src/device/usbd_control.c.obj
                0x10004c88                tud_control_xfer
 .text.usbd_control_reset
                0x10004d34       0x14 CMakeFiles/ControlBoard_Code.dir/C_/Users/budon/.pico-sdk/sdk/2.2.0/lib/tinyusb/src/device/usbd_control.c.obj
                0x10004d34                usbd_control_reset
 .text.usbd_control_set_complete_callback
                0x10004d48        0xc CMakeFiles/ControlBoard_Code.dir/C_/Users/budon/.pico-sdk/sdk/2.2.0/lib/tinyusb/src/device/usbd_control.c.obj
                0x10004d48                usbd_control_set_complete_callback
 .text.usbd_control_set_request
                0x10004d54       0x1c CMakeFiles/ControlBoard_Code.dir/C_/Users/budon/.pico-sdk/sdk/2.2.0/lib/tinyusb/src/device/usbd_control.c.obj
                0x10004d54                usbd_control_set_request
 .text.usbd_control_xfer_cb
                0x10004d70      0x10c CMakeFiles/ControlBoard_Code.dir/C_/Users/budon/.pico-sdk/sdk/2.2.0/lib/tinyusb/src/device/usbd_control.c.obj
                0x10004d70                usbd_control_xfer_cb
 .text._prep_out_transaction
                0x10004e7c       0x94 CMakeFiles/ControlBoard_Code.dir/C_/Users/budon/.pico-sdk/sdk/2.2.0/lib/tinyusb/src/class/cdc/cdc_device.c.obj
 .text.tud_cdc_n_connected
                0x10004f10       0x34 CMakeFiles/ControlBoard_Code.dir/C_/Users/budon/.pico-sdk/sdk/2.2.0/lib/tinyusb/src/class/cdc/cdc_device.c.obj
                0x10004f10                tud_cdc_n_connected
 .text.tud_cdc_n_available
                0x10004f44       0x18 CMakeFiles/ControlBoard_Code.dir/C_/Users/budon/.pico-sdk/sdk/2.2.0/lib/tinyusb/src/class/cdc/cdc_device.c.obj
                0x10004f44                tud_cdc_n_available
 .text.tud_cdc_n_read
                0x10004f5c       0x34 CMakeFiles/ControlBoard_Code.dir/C_/Users/budon/.pico-sdk/sdk/2.2.0/lib/tinyusb/src/class/cdc/cdc_device.c.obj
                0x10004f5c                tud_cdc_n_read
 .text.tud_cdc_n_write_flush
                0x10004f90       0xb8 CMakeFiles/ControlBoard_Code.dir/C_/Users/budon/.pico-sdk/sdk/2.2.0/lib/tinyusb/src/class/cdc/cdc_device.c.obj
                0x10004f90                tud_cdc_n_write_flush
 .text.tud_cdc_n_write
                0x10005048       0x44 CMakeFiles/ControlBoard_Code.dir/C_/Users/budon/.pico-sdk/sdk/2.2.0/lib/tinyusb/src/class/cdc/cdc_device.c.obj
                0x10005048                tud_cdc_n_write
 .text.tud_cdc_n_write_available
                0x1000508c       0x1c CMakeFiles/ControlBoard_Code.dir/C_/Users/budon/.pico-sdk/sdk/2.2.0/lib/tinyusb/src/class/cdc/cdc_device.c.obj
                0x1000508c                tud_cdc_n_write_available
 .text.cdcd_init
                0x100050a8       0xa4 CMakeFiles/ControlBoard_Code.dir/C_/Users/budon/.pico-sdk/sdk/2.2.0/lib/tinyusb/src/class/cdc/cdc_device.c.obj
                0x100050a8                cdcd_init
 .text.cdcd_deinit
                0x1000514c       0x40 CMakeFiles/ControlBoard_Code.dir/C_/Users/budon/.pico-sdk/sdk/2.2.0/lib/tinyusb/src/class/cdc/cdc_device.c.obj
                0x1000514c                cdcd_deinit
 .text.cdcd_reset
                0x1000518c       0x78 CMakeFiles/ControlBoard_Code.dir/C_/Users/budon/.pico-sdk/sdk/2.2.0/lib/tinyusb/src/class/cdc/cdc_device.c.obj
                0x1000518c                cdcd_reset
 .text.cdcd_open
                0x10005204      0x124 CMakeFiles/ControlBoard_Code.dir/C_/Users/budon/.pico-sdk/sdk/2.2.0/lib/tinyusb/src/class/cdc/cdc_device.c.obj
                0x10005204                cdcd_open
 .text.cdcd_control_xfer_cb
                0x10005328      0x120 CMakeFiles/ControlBoard_Code.dir/C_/Users/budon/.pico-sdk/sdk/2.2.0/lib/tinyusb/src/class/cdc/cdc_device.c.obj
                0x10005328                cdcd_control_xfer_cb
 .text.cdcd_xfer_cb
                0x10005448      0x138 CMakeFiles/ControlBoard_Code.dir/C_/Users/budon/.pico-sdk/sdk/2.2.0/lib/tinyusb/src/class/cdc/cdc_device.c.obj
                0x10005448                cdcd_xfer_cb
 .text.tud_vendor_n_mounted
                0x10005580       0x30 CMakeFiles/ControlBoard_Code.dir/C_/Users/budon/.pico-sdk/sdk/2.2.0/lib/tinyusb/src/class/vendor/vendor_device.c.obj
                0x10005580                tud_vendor_n_mounted
 .text.tud_vendor_n_write_flush
                0x100055b0       0x20 CMakeFiles/ControlBoard_Code.dir/C_/Users/budon/.pico-sdk/sdk/2.2.0/lib/tinyusb/src/class/vendor/vendor_device.c.obj
                0x100055b0                tud_vendor_n_write_flush
 .text.vendord_init
                0x100055d0       0x90 CMakeFiles/ControlBoard_Code.dir/C_/Users/budon/.pico-sdk/sdk/2.2.0/lib/tinyusb/src/class/vendor/vendor_device.c.obj
                0x100055d0                vendord_init
 .text.vendord_deinit
                0x10005660       0x30 CMakeFiles/ControlBoard_Code.dir/C_/Users/budon/.pico-sdk/sdk/2.2.0/lib/tinyusb/src/class/vendor/vendor_device.c.obj
                0x10005660                vendord_deinit
 .text.vendord_reset
                0x10005690       0x48 CMakeFiles/ControlBoard_Code.dir/C_/Users/budon/.pico-sdk/sdk/2.2.0/lib/tinyusb/src/class/vendor/vendor_device.c.obj
                0x10005690                vendord_reset
 .text.vendord_open
                0x100056d8      0x144 CMakeFiles/ControlBoard_Code.dir/C_/Users/budon/.pico-sdk/sdk/2.2.0/lib/tinyusb/src/class/vendor/vendor_device.c.obj
                0x100056d8                vendord_open
 .text.vendord_xfer_cb
                0x1000581c       0xb8 CMakeFiles/ControlBoard_Code.dir/C_/Users/budon/.pico-sdk/sdk/2.2.0/lib/tinyusb/src/class/vendor/vendor_device.c.obj
                0x1000581c                vendord_xfer_cb
 .text.tusb_rhport_init
                0x100058d4       0xac CMakeFiles/ControlBoard_Code.dir/C_/Users/budon/.pico-sdk/sdk/2.2.0/lib/tinyusb/src/tusb.c.obj
                0x100058d4                tusb_rhport_init
 .text.tu_edpt_claim
                0x10005980       0x50 CMakeFiles/ControlBoard_Code.dir/C_/Users/budon/.pico-sdk/sdk/2.2.0/lib/tinyusb/src/tusb.c.obj
                0x10005980                tu_edpt_claim
 .text.tu_edpt_release
                0x100059d0       0x3c CMakeFiles/ControlBoard_Code.dir/C_/Users/budon/.pico-sdk/sdk/2.2.0/lib/tinyusb/src/tusb.c.obj
                0x100059d0                tu_edpt_release
 .text.tu_edpt_validate
                0x10005a0c       0xe0 CMakeFiles/ControlBoard_Code.dir/C_/Users/budon/.pico-sdk/sdk/2.2.0/lib/tinyusb/src/tusb.c.obj
                0x10005a0c                tu_edpt_validate
 .text.tu_edpt_bind_driver
                0x10005aec       0x4a CMakeFiles/ControlBoard_Code.dir/C_/Users/budon/.pico-sdk/sdk/2.2.0/lib/tinyusb/src/tusb.c.obj
                0x10005aec                tu_edpt_bind_driver
 .text.tu_edpt_stream_init
                0x10005b36       0x54 CMakeFiles/ControlBoard_Code.dir/C_/Users/budon/.pico-sdk/sdk/2.2.0/lib/tinyusb/src/tusb.c.obj
                0x10005b36                tu_edpt_stream_init
 .text.tu_edpt_stream_deinit
                0x10005b8a        0x4 CMakeFiles/ControlBoard_Code.dir/C_/Users/budon/.pico-sdk/sdk/2.2.0/lib/tinyusb/src/tusb.c.obj
                0x10005b8a                tu_edpt_stream_deinit
 *fill*         0x10005b8e        0x2 
 .text.tu_edpt_stream_write_zlp_if_needed
                0x10005b90       0x90 CMakeFiles/ControlBoard_Code.dir/C_/Users/budon/.pico-sdk/sdk/2.2.0/lib/tinyusb/src/tusb.c.obj
                0x10005b90                tu_edpt_stream_write_zlp_if_needed
 .text.tu_edpt_stream_write_xfer
                0x10005c20       0x98 CMakeFiles/ControlBoard_Code.dir/C_/Users/budon/.pico-sdk/sdk/2.2.0/lib/tinyusb/src/tusb.c.obj
                0x10005c20                tu_edpt_stream_write_xfer
 .text.tu_edpt_stream_read_xfer
                0x10005cb8      0x118 CMakeFiles/ControlBoard_Code.dir/C_/Users/budon/.pico-sdk/sdk/2.2.0/lib/tinyusb/src/tusb.c.obj
                0x10005cb8                tu_edpt_stream_read_xfer
 .text.advance_index
                0x10005dd0       0x1a CMakeFiles/ControlBoard_Code.dir/C_/Users/budon/.pico-sdk/sdk/2.2.0/lib/tinyusb/src/common/tusb_fifo.c.obj
 .text._tu_fifo_peek
                0x10005dea       0x62 CMakeFiles/ControlBoard_Code.dir/C_/Users/budon/.pico-sdk/sdk/2.2.0/lib/tinyusb/src/common/tusb_fifo.c.obj
 .text._ff_pull_n
                0x10005e4c       0x68 CMakeFiles/ControlBoard_Code.dir/C_/Users/budon/.pico-sdk/sdk/2.2.0/lib/tinyusb/src/common/tusb_fifo.c.obj
 .text._tu_fifo_peek_n
                0x10005eb4       0x6a CMakeFiles/ControlBoard_Code.dir/C_/Users/budon/.pico-sdk/sdk/2.2.0/lib/tinyusb/src/common/tusb_fifo.c.obj
 .text._tu_fifo_read_n
                0x10005f1e       0x4c CMakeFiles/ControlBoard_Code.dir/C_/Users/budon/.pico-sdk/sdk/2.2.0/lib/tinyusb/src/common/tusb_fifo.c.obj
 .text._ff_push_n
                0x10005f6a       0x66 CMakeFiles/ControlBoard_Code.dir/C_/Users/budon/.pico-sdk/sdk/2.2.0/lib/tinyusb/src/common/tusb_fifo.c.obj
 .text._tu_fifo_write_n
                0x10005fd0       0xf0 CMakeFiles/ControlBoard_Code.dir/C_/Users/budon/.pico-sdk/sdk/2.2.0/lib/tinyusb/src/common/tusb_fifo.c.obj
 .text.tu_fifo_config
                0x100060c0       0x62 CMakeFiles/ControlBoard_Code.dir/C_/Users/budon/.pico-sdk/sdk/2.2.0/lib/tinyusb/src/common/tusb_fifo.c.obj
                0x100060c0                tu_fifo_config
 .text.tu_fifo_count
                0x10006122       0x28 CMakeFiles/ControlBoard_Code.dir/C_/Users/budon/.pico-sdk/sdk/2.2.0/lib/tinyusb/src/common/tusb_fifo.c.obj
                0x10006122                tu_fifo_count
 .text.tu_fifo_empty
                0x1000614a       0x12 CMakeFiles/ControlBoard_Code.dir/C_/Users/budon/.pico-sdk/sdk/2.2.0/lib/tinyusb/src/common/tusb_fifo.c.obj
                0x1000614a                tu_fifo_empty
 .text.tu_fifo_full
                0x1000615c       0x28 CMakeFiles/ControlBoard_Code.dir/C_/Users/budon/.pico-sdk/sdk/2.2.0/lib/tinyusb/src/common/tusb_fifo.c.obj
                0x1000615c                tu_fifo_full
 .text.tu_fifo_remaining
                0x10006184       0x2c CMakeFiles/ControlBoard_Code.dir/C_/Users/budon/.pico-sdk/sdk/2.2.0/lib/tinyusb/src/common/tusb_fifo.c.obj
                0x10006184                tu_fifo_remaining
 .text.tu_fifo_read
                0x100061b0       0x3e CMakeFiles/ControlBoard_Code.dir/C_/Users/budon/.pico-sdk/sdk/2.2.0/lib/tinyusb/src/common/tusb_fifo.c.obj
                0x100061b0                tu_fifo_read
 .text.tu_fifo_read_n
                0x100061ee        0xa CMakeFiles/ControlBoard_Code.dir/C_/Users/budon/.pico-sdk/sdk/2.2.0/lib/tinyusb/src/common/tusb_fifo.c.obj
                0x100061ee                tu_fifo_read_n
 .text.tu_fifo_write
                0x100061f8       0x5e CMakeFiles/ControlBoard_Code.dir/C_/Users/budon/.pico-sdk/sdk/2.2.0/lib/tinyusb/src/common/tusb_fifo.c.obj
                0x100061f8                tu_fifo_write
 .text.tu_fifo_write_n
                0x10006256        0xa CMakeFiles/ControlBoard_Code.dir/C_/Users/budon/.pico-sdk/sdk/2.2.0/lib/tinyusb/src/common/tusb_fifo.c.obj
                0x10006256                tu_fifo_write_n
 .text.tu_fifo_clear
                0x10006260       0x36 CMakeFiles/ControlBoard_Code.dir/C_/Users/budon/.pico-sdk/sdk/2.2.0/lib/tinyusb/src/common/tusb_fifo.c.obj
                0x10006260                tu_fifo_clear
 .text.tu_fifo_set_overwritable
                0x10006296       0x3a CMakeFiles/ControlBoard_Code.dir/C_/Users/budon/.pico-sdk/sdk/2.2.0/lib/tinyusb/src/common/tusb_fifo.c.obj
                0x10006296                tu_fifo_set_overwritable
 .text.spi_unreset
                0x100062d0       0x2c CMakeFiles/ControlBoard_Code.dir/C_/Users/budon/.pico-sdk/sdk/2.2.0/src/rp2_common/hardware_spi/spi.c.obj
 .text.spi_set_baudrate
                0x100062fc       0x7e CMakeFiles/ControlBoard_Code.dir/C_/Users/budon/.pico-sdk/sdk/2.2.0/src/rp2_common/hardware_spi/spi.c.obj
                0x100062fc                spi_set_baudrate
 *fill*         0x1000637a        0x2 
 .text.spi_init
                0x1000637c       0x68 CMakeFiles/ControlBoard_Code.dir/C_/Users/budon/.pico-sdk/sdk/2.2.0/src/rp2_common/hardware_spi/spi.c.obj
                0x1000637c                spi_init
 .text.pio_get_default_sm_config
                0x100063e4       0x24 CMakeFiles/ControlBoard_Code.dir/C_/Users/budon/.pico-sdk/sdk/2.2.0/src/rp2_common/hardware_pio/pio.c.obj
 .text.is_gpio_compatible
                0x10006408       0x22 CMakeFiles/ControlBoard_Code.dir/C_/Users/budon/.pico-sdk/sdk/2.2.0/src/rp2_common/hardware_pio/pio.c.obj
 .text.is_program_gpio_compatible
                0x1000642a        0xa CMakeFiles/ControlBoard_Code.dir/C_/Users/budon/.pico-sdk/sdk/2.2.0/src/rp2_common/hardware_pio/pio.c.obj
 .text.add_program_at_offset_check
                0x10006434       0x54 CMakeFiles/ControlBoard_Code.dir/C_/Users/budon/.pico-sdk/sdk/2.2.0/src/rp2_common/hardware_pio/pio.c.obj
 .text.add_program_at_offset
                0x10006488       0x60 CMakeFiles/ControlBoard_Code.dir/C_/Users/budon/.pico-sdk/sdk/2.2.0/src/rp2_common/hardware_pio/pio.c.obj
 .text.find_offset_for_program
                0x100064e8       0x78 CMakeFiles/ControlBoard_Code.dir/C_/Users/budon/.pico-sdk/sdk/2.2.0/src/rp2_common/hardware_pio/pio.c.obj
 .text.pio_claim_unused_sm
                0x10006560       0x38 CMakeFiles/ControlBoard_Code.dir/C_/Users/budon/.pico-sdk/sdk/2.2.0/src/rp2_common/hardware_pio/pio.c.obj
                0x10006560                pio_claim_unused_sm
 .text.pio_add_program
                0x10006598       0x30 CMakeFiles/ControlBoard_Code.dir/C_/Users/budon/.pico-sdk/sdk/2.2.0/src/rp2_common/hardware_pio/pio.c.obj
                0x10006598                pio_add_program
 .text.pio_sm_set_consecutive_pindirs
                0x100065c8       0x9e CMakeFiles/ControlBoard_Code.dir/C_/Users/budon/.pico-sdk/sdk/2.2.0/src/rp2_common/hardware_pio/pio.c.obj
                0x100065c8                pio_sm_set_consecutive_pindirs
 .text.pio_sm_init
                0x10006666       0xac CMakeFiles/ControlBoard_Code.dir/C_/Users/budon/.pico-sdk/sdk/2.2.0/src/rp2_common/hardware_pio/pio.c.obj
                0x10006666                pio_sm_init
 *fill*         0x10006712        0x2 
 .text.tft_draw_pixel_absolute
                0x10006714       0x40 CMakeFiles/ControlBoard_Code.dir/lib/pico-tft/tft.c.obj
 .text.tft_draw_pixel
                0x10006754       0x1c CMakeFiles/ControlBoard_Code.dir/lib/pico-tft/tft.c.obj
 .text.channel_config_set_chain_to
                0x10006770       0x30 CMakeFiles/ControlBoard_Code.dir/lib/pico-tft/tft.c.obj
 .text.dma_channel_get_default_config
                0x100067a0       0x78 CMakeFiles/ControlBoard_Code.dir/lib/pico-tft/tft.c.obj
 .text.channel_config_set_dreq
                0x10006818       0x30 CMakeFiles/ControlBoard_Code.dir/lib/pico-tft/tft.c.obj
 .text.tft_dma_channel_wait_for_finish_blocking
                0x10006848       0x10 CMakeFiles/ControlBoard_Code.dir/lib/pico-tft/tft.c.obj
                0x10006848                tft_dma_channel_wait_for_finish_blocking
 .text.write_buffer_dma
                0x10006858       0x20 CMakeFiles/ControlBoard_Code.dir/lib/pico-tft/tft.c.obj
 .text.tft_control
                0x10006878       0x84 CMakeFiles/ControlBoard_Code.dir/lib/pico-tft/tft.c.obj
                0x10006878                tft_control
 .text.tft_init
                0x100068fc      0x150 CMakeFiles/ControlBoard_Code.dir/lib/pico-tft/tft.c.obj
                0x100068fc                tft_init
 .text.tft_swap_buffers
                0x10006a4c       0x18 CMakeFiles/ControlBoard_Code.dir/lib/pico-tft/tft.c.obj
                0x10006a4c                tft_swap_buffers
 .text.tft_sync
                0x10006a64       0x98 CMakeFiles/ControlBoard_Code.dir/lib/pico-tft/tft.c.obj
                0x10006a64                tft_sync
 .text.tft_swap_sync
                0x10006afc        0xc CMakeFiles/ControlBoard_Code.dir/lib/pico-tft/tft.c.obj
                0x10006afc                tft_swap_sync
 .text.tft_fill
                0x10006b08       0x18 CMakeFiles/ControlBoard_Code.dir/lib/pico-tft/tft.c.obj
                0x10006b08                tft_fill
 .text.tft_draw_glyph
                0x10006b20       0x4c CMakeFiles/ControlBoard_Code.dir/lib/pico-tft/tft.c.obj
                0x10006b20                tft_draw_glyph
 .text.tft_draw_string
                0x10006b6c       0x30 CMakeFiles/ControlBoard_Code.dir/lib/pico-tft/tft.c.obj
                0x10006b6c                tft_draw_string
 .text.tft_preflight
                0x10006b9c       0x80 CMakeFiles/ControlBoard_Code.dir/lib/pico-tft/st7735.c.obj
                0x10006b9c                tft_preflight
 .text.tft_begin_sync
                0x10006c1c        0xe CMakeFiles/ControlBoard_Code.dir/lib/pico-tft/st7735.c.obj
                0x10006c1c                tft_begin_sync
 *fill*         0x10006c2a        0x2 
 .text.dma_claim_unused_channel
                0x10006c2c       0x24 CMakeFiles/ControlBoard_Code.dir/C_/Users/budon/.pico-sdk/sdk/2.2.0/src/rp2_common/hardware_dma/dma.c.obj
                0x10006c2c                dma_claim_unused_channel
 .text.memset   0x10006c50       0x9c C:/Users/budon/.pico-sdk/toolchain/14_2_Rel1/bin/../lib/gcc/arm-none-eabi/14.2.1/thumb/v8-m.main+fp/softfp\libg.a(libc_a-memset.o)
                0x10006c50                memset
 .text          0x10006cec       0xec C:/Users/budon/.pico-sdk/toolchain/14_2_Rel1/bin/../lib/gcc/arm-none-eabi/14.2.1/thumb/v8-m.main+fp/softfp\libg.a(libc_a-memcpy.o)
                0x10006cec                memcpy
 .text.strlen   0x10006dd8       0x5c C:/Users/budon/.pico-sdk/toolchain/14_2_Rel1/bin/../lib/gcc/arm-none-eabi/14.2.1/thumb/v8-m.main+fp/softfp\libg.a(libc_a-strlen-stub.o)
                0x10006dd8                strlen
 *(.fini)
 .fini          0x10006e34        0x4 C:/Users/budon/.pico-sdk/toolchain/14_2_Rel1/bin/../lib/gcc/arm-none-eabi/14.2.1/thumb/v8-m.main+fp/softfp/crti.o
                0x10006e34                _fini
 .fini.__stub   0x10006e38       0x68 linker stubs
 *crtbegin.o(.ctors)
 *crtbegin?.o(.ctors)
 *(EXCLUDE_FILE(*crtend.o *crtend?.o) .ctors)
 *(SORT_BY_NAME(.ctors.*))
 *(.ctors)
 *crtbegin.o(.dtors)
 *crtbegin?.o(.dtors)
 *(EXCLUDE_FILE(*crtend.o *crtend?.o) .dtors)
 *(SORT_BY_NAME(.dtors.*))
 *(.dtors)
                0x10006ea0                        . = ALIGN (0x4)
                0x10006ea0                        PROVIDE (__preinit_array_start = .)
 *(SORT_BY_NAME(.preinit_array.*))
 .preinit_array.00050
                0x10006ea0        0x4 CMakeFiles/ControlBoard_Code.dir/C_/Users/budon/.pico-sdk/sdk/2.2.0/src/rp2_common/pico_runtime_init/runtime_init.c.obj
                0x10006ea0                __pre_init_runtime_init_bootrom_reset
 .preinit_array.00100
                0x10006ea4        0x4 CMakeFiles/ControlBoard_Code.dir/C_/Users/budon/.pico-sdk/sdk/2.2.0/src/rp2_common/pico_runtime_init/runtime_init.c.obj
                0x10006ea4                __pre_init_runtime_init_early_resets
 .preinit_array.00101
                0x10006ea8        0x4 CMakeFiles/ControlBoard_Code.dir/C_/Users/budon/.pico-sdk/sdk/2.2.0/src/rp2_common/pico_runtime_init/runtime_init.c.obj
                0x10006ea8                __pre_init_runtime_init_usb_power_down
 .preinit_array.00500
                0x10006eac        0x4 CMakeFiles/ControlBoard_Code.dir/C_/Users/budon/.pico-sdk/sdk/2.2.0/src/rp2_common/pico_runtime_init/runtime_init.c.obj
                0x10006eac                __pre_init_runtime_init_clocks
 .preinit_array.00600
                0x10006eb0        0x4 CMakeFiles/ControlBoard_Code.dir/C_/Users/budon/.pico-sdk/sdk/2.2.0/src/rp2_common/pico_runtime_init/runtime_init.c.obj
                0x10006eb0                __pre_init_runtime_init_post_clock_resets
 .preinit_array.01000
                0x10006eb4        0x4 CMakeFiles/ControlBoard_Code.dir/C_/Users/budon/.pico-sdk/sdk/2.2.0/src/rp2_common/hardware_boot_lock/boot_lock.c.obj
                0x10006eb4                __pre_init_runtime_init_boot_locks_reset
 .preinit_array.01000
                0x10006eb8        0x4 CMakeFiles/ControlBoard_Code.dir/C_/Users/budon/.pico-sdk/sdk/2.2.0/src/rp2_common/pico_runtime_init/runtime_init.c.obj
                0x10006eb8                __pre_init_runtime_init_spin_locks_reset
 .preinit_array.01010
                0x10006ebc        0x4 CMakeFiles/ControlBoard_Code.dir/C_/Users/budon/.pico-sdk/sdk/2.2.0/src/rp2_common/pico_bootrom/bootrom_lock.c.obj
                0x10006ebc                __pre_init_runtime_init_bootrom_locking_enable
 .preinit_array.01100
                0x10006ec0        0x4 CMakeFiles/ControlBoard_Code.dir/C_/Users/budon/.pico-sdk/sdk/2.2.0/src/common/pico_sync/mutex.c.obj
                0x10006ec0                __pre_init_runtime_init_mutex
 .preinit_array.10080
                0x10006ec4        0x4 CMakeFiles/ControlBoard_Code.dir/C_/Users/budon/.pico-sdk/sdk/2.2.0/src/rp2_common/pico_runtime_init/runtime_init.c.obj
                0x10006ec4                __pre_init_runtime_init_install_ram_vector_table
 .preinit_array.11000
                0x10006ec8        0x4 CMakeFiles/ControlBoard_Code.dir/C_/Users/budon/.pico-sdk/sdk/2.2.0/src/common/pico_time/time.c.obj
                0x10006ec8                __pre_init_runtime_init_default_alarm_pool
 .preinit_array.YYYYY
                0x10006ecc        0x4 CMakeFiles/ControlBoard_Code.dir/C_/Users/budon/.pico-sdk/sdk/2.2.0/src/rp2_common/pico_runtime/runtime.c.obj
                0x10006ecc                __pre_init_first_per_core_initializer
 .preinit_array.ZZZZZ.00051
                0x10006ed0        0x4 CMakeFiles/ControlBoard_Code.dir/C_/Users/budon/.pico-sdk/sdk/2.2.0/src/rp2_common/pico_runtime_init/runtime_init.c.obj
                0x10006ed0                __pre_init_runtime_init_per_core_bootrom_reset
 .preinit_array.ZZZZZ.00200
                0x10006ed4        0x4 CMakeFiles/ControlBoard_Code.dir/C_/Users/budon/.pico-sdk/sdk/2.2.0/src/rp2_common/pico_runtime_init/runtime_init.c.obj
                0x10006ed4                __pre_init_runtime_init_per_core_enable_coprocessors
 .preinit_array.ZZZZZ.01000
                0x10006ed8        0x4 CMakeFiles/ControlBoard_Code.dir/C_/Users/budon/.pico-sdk/sdk/2.2.0/src/rp2_common/hardware_sync_spin_lock/sync_spin_lock.c.obj
                0x10006ed8                __pre_init_spinlock_set_extexclall
 .preinit_array.ZZZZZ.01200
                0x10006edc        0x4 CMakeFiles/ControlBoard_Code.dir/C_/Users/budon/.pico-sdk/sdk/2.2.0/src/rp2_common/hardware_irq/irq.c.obj
                0x10006edc                __pre_init_runtime_init_per_core_irq_priorities
 *(.preinit_array)
                0x10006ee0                        PROVIDE (__preinit_array_end = .)
                0x10006ee0                        . = ALIGN (0x4)
                0x10006ee0                        PROVIDE (__init_array_start = .)
 *(SORT_BY_NAME(.init_array.*))
 .init_array.01000
                0x10006ee0        0x4 CMakeFiles/ControlBoard_Code.dir/C_/Users/budon/.pico-sdk/sdk/2.2.0/src/rp2_common/pico_unique_id/unique_id.c.obj
 *(.init_array)
 .init_array    0x10006ee4        0x4 C:/Users/budon/.pico-sdk/toolchain/14_2_Rel1/bin/../lib/gcc/arm-none-eabi/14.2.1/thumb/v8-m.main+fp/softfp/crtbegin.o
                0x10006ee8                        PROVIDE (__init_array_end = .)
                0x10006ee8                        . = ALIGN (0x4)
                [!provide]                        PROVIDE (__fini_array_start = .)
 *(SORT_BY_NAME(.fini_array.*))
 *(.fini_array)
                [!provide]                        PROVIDE (__fini_array_end = .)
 *(.eh_frame*)
 .eh_frame      0x10006ee8        0x0 C:/Users/budon/.pico-sdk/toolchain/14_2_Rel1/bin/../lib/gcc/arm-none-eabi/14.2.1/thumb/v8-m.main+fp/softfp/crtbegin.o
                0x10006ee8                        . = ALIGN (0x4)

.glue_7         0x10006ee8        0x0
 .glue_7        0x10006ee8        0x0 linker stubs

.glue_7t        0x10006ee8        0x0
 .glue_7t       0x10006ee8        0x0 linker stubs

.vfp11_veneer   0x10006ee8        0x0
 .vfp11_veneer  0x10006ee8        0x0 linker stubs

.v4_bx          0x10006ee8        0x0
 .v4_bx         0x10006ee8        0x0 linker stubs

.iplt           0x10006ee8        0x0
 .iplt          0x10006ee8        0x0 C:/Users/budon/.pico-sdk/toolchain/14_2_Rel1/bin/../lib/gcc/arm-none-eabi/14.2.1/thumb/v8-m.main+fp/softfp/crtbegin.o

.boot2          0x10006ee8        0x0
                0x10006ee8                        __boot2_start__ = .
 *(.boot2)
                0x10006ee8                        __boot2_end__ = .
                0x00000001                        ASSERT (((__boot2_end__ - __boot2_start__) <= 0x100), ERROR: Pico second stage bootloader must be no more than 256 bytes in size)

.rodata         0x10006ee8     0x10b0
 *(EXCLUDE_FILE(*libm.a: *libc.a:*lib_a-mem*.o *libgcc.a:) .rodata*)
 .rodata.main.str1.4
                0x10006ee8      0xaaa CMakeFiles/ControlBoard_Code.dir/ControlBoard_Code.c.obj
                                 0x2b (size before relaxing)
 *fill*         0x10007992        0x2 
 .rodata.freq_counter_program
                0x10007994        0x8 CMakeFiles/ControlBoard_Code.dir/ControlBoard_Code.c.obj
 .rodata.freq_counter_program_instructions
                0x1000799c        0xa CMakeFiles/ControlBoard_Code.dir/ControlBoard_Code.c.obj
 .rodata.panic.str1.4
                0x100079a6       0x12 CMakeFiles/ControlBoard_Code.dir/C_/Users/budon/.pico-sdk/sdk/2.2.0/src/rp2_common/pico_platform_panic/panic.c.obj
 .rodata.spin_lock_claim_unused.str1.4
                0x100079a6       0x1b CMakeFiles/ControlBoard_Code.dir/C_/Users/budon/.pico-sdk/sdk/2.2.0/src/rp2_common/hardware_sync/sync.c.obj
 .rodata.resolve_j_16.str1.4
                0x100079a6       0x5d CMakeFiles/ControlBoard_Code.dir/C_/Users/budon/.pico-sdk/sdk/2.2.0/src/rp2_common/hardware_irq/irq.c.obj
 .rodata.make_j_16.str1.4
                0x100079a6       0x30 CMakeFiles/ControlBoard_Code.dir/C_/Users/budon/.pico-sdk/sdk/2.2.0/src/rp2_common/hardware_irq/irq.c.obj
 .rodata.irq_set_exclusive_handler.str1.4
                0x100079a6       0x36 CMakeFiles/ControlBoard_Code.dir/C_/Users/budon/.pico-sdk/sdk/2.2.0/src/rp2_common/hardware_irq/irq.c.obj
 .rodata.irq_add_shared_handler.str1.4
                0x100079a6       0xd2 CMakeFiles/ControlBoard_Code.dir/C_/Users/budon/.pico-sdk/sdk/2.2.0/src/rp2_common/hardware_irq/irq.c.obj
 .rodata.irq_add_tail_to_free_list.str1.4
                0x100079a6       0x3a CMakeFiles/ControlBoard_Code.dir/C_/Users/budon/.pico-sdk/sdk/2.2.0/src/rp2_common/hardware_irq/irq.c.obj
 .rodata.user_irq_claim_unused.str1.4
                0x100079a6       0x1b CMakeFiles/ControlBoard_Code.dir/C_/Users/budon/.pico-sdk/sdk/2.2.0/src/rp2_common/hardware_irq/irq.c.obj
 *fill*         0x100079a6        0x2 
 .rodata.__func__.0
                0x100079a8       0x1a CMakeFiles/ControlBoard_Code.dir/C_/Users/budon/.pico-sdk/sdk/2.2.0/src/rp2_common/hardware_irq/irq.c.obj
 *fill*         0x100079c2        0x2 
 .rodata.__func__.3
                0x100079c4        0xa CMakeFiles/ControlBoard_Code.dir/C_/Users/budon/.pico-sdk/sdk/2.2.0/src/rp2_common/hardware_irq/irq.c.obj
 *fill*         0x100079ce        0x2 
 .rodata.__func__.4
                0x100079d0        0xd CMakeFiles/ControlBoard_Code.dir/C_/Users/budon/.pico-sdk/sdk/2.2.0/src/rp2_common/hardware_irq/irq.c.obj
 *fill*         0x100079dd        0x3 
 .rodata.__func__.5
                0x100079e0       0x17 CMakeFiles/ControlBoard_Code.dir/C_/Users/budon/.pico-sdk/sdk/2.2.0/src/rp2_common/hardware_irq/irq.c.obj
 *fill*         0x100079f7        0x1 
 .rodata.__func__.6
                0x100079f8       0x1a CMakeFiles/ControlBoard_Code.dir/C_/Users/budon/.pico-sdk/sdk/2.2.0/src/rp2_common/hardware_irq/irq.c.obj
 .rodata.runtime_init_mutex.str1.4
                0x10007a12       0x60 CMakeFiles/ControlBoard_Code.dir/C_/Users/budon/.pico-sdk/sdk/2.2.0/src/common/pico_sync/mutex.c.obj
 .rodata.str1.4
                0x10007a12       0x51 CMakeFiles/ControlBoard_Code.dir/C_/Users/budon/.pico-sdk/sdk/2.2.0/src/common/pico_sync/mutex.c.obj
 *fill*         0x10007a12        0x2 
 .rodata.__func__.1
                0x10007a14        0xb CMakeFiles/ControlBoard_Code.dir/C_/Users/budon/.pico-sdk/sdk/2.2.0/src/common/pico_sync/mutex.c.obj
 *fill*         0x10007a1f        0x1 
 .rodata.__func__.3
                0x10007a20       0x18 CMakeFiles/ControlBoard_Code.dir/C_/Users/budon/.pico-sdk/sdk/2.2.0/src/common/pico_sync/mutex.c.obj
 .rodata.__func__.6
                0x10007a38       0x13 CMakeFiles/ControlBoard_Code.dir/C_/Users/budon/.pico-sdk/sdk/2.2.0/src/common/pico_sync/mutex.c.obj
 .rodata.alarm_pool_irq_handler.str1.4
                0x10007a4b       0x6b CMakeFiles/ControlBoard_Code.dir/C_/Users/budon/.pico-sdk/sdk/2.2.0/src/common/pico_time/time.c.obj
 .rodata.alarm_pool_get_default.str1.4
                0x10007a4b       0x21 CMakeFiles/ControlBoard_Code.dir/C_/Users/budon/.pico-sdk/sdk/2.2.0/src/common/pico_time/time.c.obj
 .rodata.sleep_until.str1.4
                0x10007a4b       0x4d CMakeFiles/ControlBoard_Code.dir/C_/Users/budon/.pico-sdk/sdk/2.2.0/src/common/pico_time/time.c.obj
 *fill*         0x10007a4b        0x1 
 .rodata.__func__.1
                0x10007a4c       0x17 CMakeFiles/ControlBoard_Code.dir/C_/Users/budon/.pico-sdk/sdk/2.2.0/src/common/pico_time/time.c.obj
 *fill*         0x10007a63        0x1 
 .rodata.__func__.2
                0x10007a64       0x17 CMakeFiles/ControlBoard_Code.dir/C_/Users/budon/.pico-sdk/sdk/2.2.0/src/common/pico_time/time.c.obj
 .rodata.timer_hardware_alarm_claim.str1.4
                0x10007a7b       0x22 CMakeFiles/ControlBoard_Code.dir/C_/Users/budon/.pico-sdk/sdk/2.2.0/src/rp2_common/hardware_timer/timer.c.obj
 .rodata.pll_init.str1.4
                0x10007a7b      0x11c CMakeFiles/ControlBoard_Code.dir/C_/Users/budon/.pico-sdk/sdk/2.2.0/src/rp2_common/hardware_pll/pll.c.obj
 *fill*         0x10007a7b        0x1 
 .rodata.__func__.0
                0x10007a7c        0x9 CMakeFiles/ControlBoard_Code.dir/C_/Users/budon/.pico-sdk/sdk/2.2.0/src/rp2_common/hardware_pll/pll.c.obj
 .rodata.str1.4
                0x10007a85       0x4c CMakeFiles/ControlBoard_Code.dir/C_/Users/budon/.pico-sdk/sdk/2.2.0/src/rp2_common/pico_standard_binary_info/standard_binary_info.c.obj
 *fill*         0x10007a85        0x3 
 .rodata.__bi_84
                0x10007a88        0xc CMakeFiles/ControlBoard_Code.dir/C_/Users/budon/.pico-sdk/sdk/2.2.0/src/rp2_common/pico_standard_binary_info/standard_binary_info.c.obj
 .rodata.__bi_78
                0x10007a94        0xc CMakeFiles/ControlBoard_Code.dir/C_/Users/budon/.pico-sdk/sdk/2.2.0/src/rp2_common/pico_standard_binary_info/standard_binary_info.c.obj
 .rodata.__bi_60
                0x10007aa0        0xc CMakeFiles/ControlBoard_Code.dir/C_/Users/budon/.pico-sdk/sdk/2.2.0/src/rp2_common/pico_standard_binary_info/standard_binary_info.c.obj
 .rodata.__bi_54
                0x10007aac        0xc CMakeFiles/ControlBoard_Code.dir/C_/Users/budon/.pico-sdk/sdk/2.2.0/src/rp2_common/pico_standard_binary_info/standard_binary_info.c.obj
 .rodata.__bi_48
                0x10007ab8        0xc CMakeFiles/ControlBoard_Code.dir/C_/Users/budon/.pico-sdk/sdk/2.2.0/src/rp2_common/pico_standard_binary_info/standard_binary_info.c.obj
 .rodata.__bi_42
                0x10007ac4        0xc CMakeFiles/ControlBoard_Code.dir/C_/Users/budon/.pico-sdk/sdk/2.2.0/src/rp2_common/pico_standard_binary_info/standard_binary_info.c.obj
 .rodata.__bi_34
                0x10007ad0        0xc CMakeFiles/ControlBoard_Code.dir/C_/Users/budon/.pico-sdk/sdk/2.2.0/src/rp2_common/pico_standard_binary_info/standard_binary_info.c.obj
 .rodata.__bi_26
                0x10007adc        0xc CMakeFiles/ControlBoard_Code.dir/C_/Users/budon/.pico-sdk/sdk/2.2.0/src/rp2_common/pico_standard_binary_info/standard_binary_info.c.obj
 .rodata._ftoa.str1.4
                0x10007ae8       0x15 CMakeFiles/ControlBoard_Code.dir/C_/Users/budon/.pico-sdk/sdk/2.2.0/src/rp2_common/pico_printf/printf.c.obj
 .rodata.pow10.0
                0x10007ae8       0x50 CMakeFiles/ControlBoard_Code.dir/C_/Users/budon/.pico-sdk/sdk/2.2.0/src/rp2_common/pico_printf/printf.c.obj
 .rodata.__assert_func.str1.4
                0x10007b38       0x43 CMakeFiles/ControlBoard_Code.dir/C_/Users/budon/.pico-sdk/sdk/2.2.0/src/rp2_common/pico_clib_interface/newlib_interface.c.obj
 .rodata.crlf_str.0
                0x10007b38        0x2 CMakeFiles/ControlBoard_Code.dir/C_/Users/budon/.pico-sdk/sdk/2.2.0/src/rp2_common/pico_stdio/stdio.c.obj
 *fill*         0x10007b3a        0x2 
 .rodata._resetd_driver
                0x10007b3c       0x20 CMakeFiles/ControlBoard_Code.dir/C_/Users/budon/.pico-sdk/sdk/2.2.0/src/rp2_common/pico_stdio_usb/reset_interface.c.obj
 .rodata.desc_ms_os_20
                0x10007b5c       0xa6 CMakeFiles/ControlBoard_Code.dir/C_/Users/budon/.pico-sdk/sdk/2.2.0/src/rp2_common/pico_stdio_usb/reset_interface.c.obj
 *fill*         0x10007c02        0x2 
 .rodata.desc_bos
                0x10007c04       0x21 CMakeFiles/ControlBoard_Code.dir/C_/Users/budon/.pico-sdk/sdk/2.2.0/src/rp2_common/pico_stdio_usb/reset_interface.c.obj
                0x10007c04                desc_bos
 .rodata.stdio_usb_init.str1.4
                0x10007c25       0x55 CMakeFiles/ControlBoard_Code.dir/C_/Users/budon/.pico-sdk/sdk/2.2.0/src/rp2_common/pico_stdio_usb/stdio_usb.c.obj
 .rodata.str1.4
                0x10007c25       0x13 CMakeFiles/ControlBoard_Code.dir/C_/Users/budon/.pico-sdk/sdk/2.2.0/src/rp2_common/pico_stdio_usb/stdio_usb.c.obj
 *fill*         0x10007c25        0x3 
 .rodata.__bi_202.1
                0x10007c28        0xc CMakeFiles/ControlBoard_Code.dir/C_/Users/budon/.pico-sdk/sdk/2.2.0/src/rp2_common/pico_stdio_usb/stdio_usb.c.obj
 .rodata.__func__.2
                0x10007c34        0xf CMakeFiles/ControlBoard_Code.dir/C_/Users/budon/.pico-sdk/sdk/2.2.0/src/rp2_common/pico_stdio_usb/stdio_usb.c.obj
 .rodata.str1.4
                0x10007c43       0x2a CMakeFiles/ControlBoard_Code.dir/C_/Users/budon/.pico-sdk/sdk/2.2.0/src/rp2_common/pico_stdio_usb/stdio_usb_descriptors.c.obj
 *fill*         0x10007c43        0x1 
 .rodata.usbd_desc_str
                0x10007c44       0x18 CMakeFiles/ControlBoard_Code.dir/C_/Users/budon/.pico-sdk/sdk/2.2.0/src/rp2_common/pico_stdio_usb/stdio_usb_descriptors.c.obj
 .rodata.usbd_desc_cfg
                0x10007c5c       0x54 CMakeFiles/ControlBoard_Code.dir/C_/Users/budon/.pico-sdk/sdk/2.2.0/src/rp2_common/pico_stdio_usb/stdio_usb_descriptors.c.obj
 .rodata.usbd_desc_device
                0x10007cb0       0x12 CMakeFiles/ControlBoard_Code.dir/C_/Users/budon/.pico-sdk/sdk/2.2.0/src/rp2_common/pico_stdio_usb/stdio_usb_descriptors.c.obj
 .rodata._retrieve_unique_id_on_boot.str1.4
                0x10007cc2       0x55 CMakeFiles/ControlBoard_Code.dir/C_/Users/budon/.pico-sdk/sdk/2.2.0/src/rp2_common/pico_unique_id/unique_id.c.obj
 .rodata.pico_get_unique_board_id_string.str1.4
                0x10007cc2        0x8 CMakeFiles/ControlBoard_Code.dir/C_/Users/budon/.pico-sdk/sdk/2.2.0/src/rp2_common/pico_unique_id/unique_id.c.obj
 *fill*         0x10007cc2        0x2 
 .rodata.__func__.0
                0x10007cc4       0x20 CMakeFiles/ControlBoard_Code.dir/C_/Users/budon/.pico-sdk/sdk/2.2.0/src/rp2_common/pico_unique_id/unique_id.c.obj
 .rodata.__func__.1
                0x10007ce4       0x1c CMakeFiles/ControlBoard_Code.dir/C_/Users/budon/.pico-sdk/sdk/2.2.0/src/rp2_common/pico_unique_id/unique_id.c.obj
 .rodata.hw_endpoint_alloc.str1.4
                0x10007d00       0xa0 CMakeFiles/ControlBoard_Code.dir/C_/Users/budon/.pico-sdk/sdk/2.2.0/lib/tinyusb/src/portable/raspberrypi/rp2040/dcd_rp2040.c.obj
 .rodata.str1.4
                0x10007d00       0x14 CMakeFiles/ControlBoard_Code.dir/C_/Users/budon/.pico-sdk/sdk/2.2.0/lib/tinyusb/src/portable/raspberrypi/rp2040/dcd_rp2040.c.obj
 .rodata.dcd_int_enable.str1.4
                0x10007d00        0xc CMakeFiles/ControlBoard_Code.dir/C_/Users/budon/.pico-sdk/sdk/2.2.0/lib/tinyusb/src/portable/raspberrypi/rp2040/dcd_rp2040.c.obj
 .rodata.__func__.0
                0x10007d00        0xe CMakeFiles/ControlBoard_Code.dir/C_/Users/budon/.pico-sdk/sdk/2.2.0/lib/tinyusb/src/portable/raspberrypi/rp2040/dcd_rp2040.c.obj
 *fill*         0x10007d0e        0x2 
 .rodata.__func__.3
                0x10007d10       0x10 CMakeFiles/ControlBoard_Code.dir/C_/Users/budon/.pico-sdk/sdk/2.2.0/lib/tinyusb/src/portable/raspberrypi/rp2040/dcd_rp2040.c.obj
 .rodata.__func__.5
                0x10007d20        0xf CMakeFiles/ControlBoard_Code.dir/C_/Users/budon/.pico-sdk/sdk/2.2.0/lib/tinyusb/src/portable/raspberrypi/rp2040/dcd_rp2040.c.obj
 *fill*         0x10007d2f        0x1 
 .rodata.__func__.6
                0x10007d30       0x12 CMakeFiles/ControlBoard_Code.dir/C_/Users/budon/.pico-sdk/sdk/2.2.0/lib/tinyusb/src/portable/raspberrypi/rp2040/dcd_rp2040.c.obj
 *fill*         0x10007d42        0x2 
 .rodata.__func__.7
                0x10007d44        0x9 CMakeFiles/ControlBoard_Code.dir/C_/Users/budon/.pico-sdk/sdk/2.2.0/lib/tinyusb/src/portable/raspberrypi/rp2040/dcd_rp2040.c.obj
 .rodata.str1.4
                0x10007d4d       0xe4 CMakeFiles/ControlBoard_Code.dir/C_/Users/budon/.pico-sdk/sdk/2.2.0/lib/tinyusb/src/portable/raspberrypi/rp2040/rp2040_usb.c.obj
 .rodata.hw_endpoint_xfer_start.str1.4
                0x10007d4d       0x38 CMakeFiles/ControlBoard_Code.dir/C_/Users/budon/.pico-sdk/sdk/2.2.0/lib/tinyusb/src/portable/raspberrypi/rp2040/rp2040_usb.c.obj
 *fill*         0x10007d4d        0x3 
 .rodata.__func__.0
                0x10007d50        0xf CMakeFiles/ControlBoard_Code.dir/C_/Users/budon/.pico-sdk/sdk/2.2.0/lib/tinyusb/src/portable/raspberrypi/rp2040/rp2040_usb.c.obj
 .rodata.configuration_reset.str1.4
                0x10007d5f       0x17 CMakeFiles/ControlBoard_Code.dir/C_/Users/budon/.pico-sdk/sdk/2.2.0/lib/tinyusb/src/device/usbd.c.obj
 *fill*         0x10007d5f        0x1 
 .rodata.__func__.3
                0x10007d60        0xf CMakeFiles/ControlBoard_Code.dir/C_/Users/budon/.pico-sdk/sdk/2.2.0/lib/tinyusb/src/device/usbd.c.obj
 *fill*         0x10007d6f        0x1 
 .rodata.__func__.4
                0x10007d70        0xf CMakeFiles/ControlBoard_Code.dir/C_/Users/budon/.pico-sdk/sdk/2.2.0/lib/tinyusb/src/device/usbd.c.obj
 *fill*         0x10007d7f        0x1 
 .rodata.__func__.5
                0x10007d80       0x14 CMakeFiles/ControlBoard_Code.dir/C_/Users/budon/.pico-sdk/sdk/2.2.0/lib/tinyusb/src/device/usbd.c.obj
 .rodata.__func__.6
                0x10007d94        0xc CMakeFiles/ControlBoard_Code.dir/C_/Users/budon/.pico-sdk/sdk/2.2.0/lib/tinyusb/src/device/usbd.c.obj
 .rodata.__func__.7
                0x10007da0       0x17 CMakeFiles/ControlBoard_Code.dir/C_/Users/budon/.pico-sdk/sdk/2.2.0/lib/tinyusb/src/device/usbd.c.obj
 *fill*         0x10007db7        0x1 
 .rodata.__func__.8
                0x10007db8       0x13 CMakeFiles/ControlBoard_Code.dir/C_/Users/budon/.pico-sdk/sdk/2.2.0/lib/tinyusb/src/device/usbd.c.obj
 *fill*         0x10007dcb        0x1 
 .rodata.__func__.9
                0x10007dcc       0x18 CMakeFiles/ControlBoard_Code.dir/C_/Users/budon/.pico-sdk/sdk/2.2.0/lib/tinyusb/src/device/usbd.c.obj
 .rodata.__func__.10
                0x10007de4       0x14 CMakeFiles/ControlBoard_Code.dir/C_/Users/budon/.pico-sdk/sdk/2.2.0/lib/tinyusb/src/device/usbd.c.obj
 .rodata.__func__.11
                0x10007df8        0xd CMakeFiles/ControlBoard_Code.dir/C_/Users/budon/.pico-sdk/sdk/2.2.0/lib/tinyusb/src/device/usbd.c.obj
 *fill*         0x10007e05        0x3 
 .rodata.__func__.12
                0x10007e08       0x10 CMakeFiles/ControlBoard_Code.dir/C_/Users/budon/.pico-sdk/sdk/2.2.0/lib/tinyusb/src/device/usbd.c.obj
 .rodata._usbd_driver
                0x10007e18       0x40 CMakeFiles/ControlBoard_Code.dir/C_/Users/budon/.pico-sdk/sdk/2.2.0/lib/tinyusb/src/device/usbd.c.obj
 .rodata.tud_control_xfer.str1.4
                0x10007e58       0x17 CMakeFiles/ControlBoard_Code.dir/C_/Users/budon/.pico-sdk/sdk/2.2.0/lib/tinyusb/src/device/usbd_control.c.obj
 .rodata.__func__.0
                0x10007e58       0x15 CMakeFiles/ControlBoard_Code.dir/C_/Users/budon/.pico-sdk/sdk/2.2.0/lib/tinyusb/src/device/usbd_control.c.obj
 *fill*         0x10007e6d        0x3 
 .rodata.__func__.1
                0x10007e70       0x11 CMakeFiles/ControlBoard_Code.dir/C_/Users/budon/.pico-sdk/sdk/2.2.0/lib/tinyusb/src/device/usbd_control.c.obj
 .rodata.tud_cdc_n_write_flush.str1.4
                0x10007e81       0x17 CMakeFiles/ControlBoard_Code.dir/C_/Users/budon/.pico-sdk/sdk/2.2.0/lib/tinyusb/src/class/cdc/cdc_device.c.obj
 *fill*         0x10007e81        0x3 
 .rodata.__func__.0
                0x10007e84        0xd CMakeFiles/ControlBoard_Code.dir/C_/Users/budon/.pico-sdk/sdk/2.2.0/lib/tinyusb/src/class/cdc/cdc_device.c.obj
 *fill*         0x10007e91        0x3 
 .rodata.__func__.1
                0x10007e94        0xa CMakeFiles/ControlBoard_Code.dir/C_/Users/budon/.pico-sdk/sdk/2.2.0/lib/tinyusb/src/class/cdc/cdc_device.c.obj
 *fill*         0x10007e9e        0x2 
 .rodata.__func__.3
                0x10007ea0       0x16 CMakeFiles/ControlBoard_Code.dir/C_/Users/budon/.pico-sdk/sdk/2.2.0/lib/tinyusb/src/class/cdc/cdc_device.c.obj
 .rodata.vendord_open.str1.4
                0x10007eb6       0x17 CMakeFiles/ControlBoard_Code.dir/C_/Users/budon/.pico-sdk/sdk/2.2.0/lib/tinyusb/src/class/vendor/vendor_device.c.obj
 *fill*         0x10007eb6        0x2 
 .rodata.__func__.0
                0x10007eb8        0xd CMakeFiles/ControlBoard_Code.dir/C_/Users/budon/.pico-sdk/sdk/2.2.0/lib/tinyusb/src/class/vendor/vendor_device.c.obj
 .rodata.tusb_rhport_init.str1.4
                0x10007ec5       0x17 CMakeFiles/ControlBoard_Code.dir/C_/Users/budon/.pico-sdk/sdk/2.2.0/lib/tinyusb/src/tusb.c.obj
 *fill*         0x10007ec5        0x3 
 .rodata.__func__.0
                0x10007ec8       0x19 CMakeFiles/ControlBoard_Code.dir/C_/Users/budon/.pico-sdk/sdk/2.2.0/lib/tinyusb/src/tusb.c.obj
 *fill*         0x10007ee1        0x3 
 .rodata.__func__.2