Archive member included to satisfy reference by file (symbol)

extern/pico-st7735/lib-st7735/libst7735.a(ST7735_TFT.c.obj)
                              CMakeFiles/ControlBoard_Code.dir/ControlBoard_Code.c.obj (fillScreen)
extern/pico-st7735/lib-st7735/libst7735.a(hw.c.obj)
                              CMakeFiles/ControlBoard_Code.dir/ControlBoard_Code.c.obj (tft_spi_init)
C:/Users/Nicholas/.pico-sdk/toolchain/14_2_Rel1/bin/../lib/gcc/arm-none-eabi/14.2.1/thumb/v8-m.main+fp/softfp\libm.a(libm_a-wf_sqrt.o)
                              CMakeFiles/ControlBoard_Code.dir/C_/Users/Nicholas/.pico-sdk/sdk/2.2.0/src/rp2_common/pico_float/float_math.c.obj (sqrtf)
C:/Users/Nicholas/.pico-sdk/toolchain/14_2_Rel1/bin/../lib/gcc/arm-none-eabi/14.2.1/thumb/v8-m.main+fp/softfp\libm.a(libm_a-ef_sqrt.o)
                              C:/Users/Nicholas/.pico-sdk/toolchain/14_2_Rel1/bin/../lib/gcc/arm-none-eabi/14.2.1/thumb/v8-m.main+fp/softfp\libm.a(libm_a-wf_sqrt.o) (__ieee754_sqrtf)
C:/Users/Nicholas/.pico-sdk/toolchain/14_2_Rel1/bin/../lib/gcc/arm-none-eabi/14.2.1/thumb/v8-m.main+fp/softfp\libgcc.a(_arm_addsubdf3.o)
                              CMakeFiles/ControlBoard_Code.dir/C_/Users/Nicholas/.pico-sdk/sdk/2.2.0/src/rp2_common/pico_float/float_math.c.obj (__aeabi_f2d)
C:/Users/Nicholas/.pico-sdk/toolchain/14_2_Rel1/bin/../lib/gcc/arm-none-eabi/14.2.1/thumb/v8-m.main+fp/softfp\libgcc.a(_aeabi_ldivmod.o)
                              CMakeFiles/ControlBoard_Code.dir/C_/Users/Nicholas/.pico-sdk/sdk/2.2.0/src/common/pico_time/time.c.obj (__aeabi_ldivmod)
C:/Users/Nicholas/.pico-sdk/toolchain/14_2_Rel1/bin/../lib/gcc/arm-none-eabi/14.2.1/thumb/v8-m.main+fp/softfp\libgcc.a(_aeabi_uldivmod.o)
                              CMakeFiles/ControlBoard_Code.dir/ControlBoard_Code.c.obj (__aeabi_uldivmod)
C:/Users/Nicholas/.pico-sdk/toolchain/14_2_Rel1/bin/../lib/gcc/arm-none-eabi/14.2.1/thumb/v8-m.main+fp/softfp\libgcc.a(_udivmoddi4.o)
                              C:/Users/Nicholas/.pico-sdk/toolchain/14_2_Rel1/bin/../lib/gcc/arm-none-eabi/14.2.1/thumb/v8-m.main+fp/softfp\libgcc.a(_aeabi_ldivmod.o) (__udivmoddi4)
C:/Users/Nicholas/.pico-sdk/toolchain/14_2_Rel1/bin/../lib/gcc/arm-none-eabi/14.2.1/thumb/v8-m.main+fp/softfp\libgcc.a(_dvmd_tls.o)
                              C:/Users/Nicholas/.pico-sdk/toolchain/14_2_Rel1/bin/../lib/gcc/arm-none-eabi/14.2.1/thumb/v8-m.main+fp/softfp\libgcc.a(_aeabi_ldivmod.o) (__aeabi_ldiv0)
C:/Users/Nicholas/.pico-sdk/toolchain/14_2_Rel1/bin/../lib/gcc/arm-none-eabi/14.2.1/thumb/v8-m.main+fp/softfp\libg.a(libc_a-calloc.o)
                              CMakeFiles/ControlBoard_Code.dir/C_/Users/Nicholas/.pico-sdk/sdk/2.2.0/src/rp2_common/pico_malloc/malloc.c.obj (calloc)
C:/Users/Nicholas/.pico-sdk/toolchain/14_2_Rel1/bin/../lib/gcc/arm-none-eabi/14.2.1/thumb/v8-m.main+fp/softfp\libg.a(libc_a-callocr.o)
                              C:/Users/Nicholas/.pico-sdk/toolchain/14_2_Rel1/bin/../lib/gcc/arm-none-eabi/14.2.1/thumb/v8-m.main+fp/softfp\libg.a(libc_a-calloc.o) (_calloc_r)
C:/Users/Nicholas/.pico-sdk/toolchain/14_2_Rel1/bin/../lib/gcc/arm-none-eabi/14.2.1/thumb/v8-m.main+fp/softfp\libg.a(libc_a-malloc.o)
                              CMakeFiles/ControlBoard_Code.dir/C_/Users/Nicholas/.pico-sdk/sdk/2.2.0/src/rp2_common/pico_malloc/malloc.c.obj (malloc)
C:/Users/Nicholas/.pico-sdk/toolchain/14_2_Rel1/bin/../lib/gcc/arm-none-eabi/14.2.1/thumb/v8-m.main+fp/softfp\libg.a(libc_a-mallocr.o)
                              C:/Users/Nicholas/.pico-sdk/toolchain/14_2_Rel1/bin/../lib/gcc/arm-none-eabi/14.2.1/thumb/v8-m.main+fp/softfp\libg.a(libc_a-callocr.o) (_malloc_r)
C:/Users/Nicholas/.pico-sdk/toolchain/14_2_Rel1/bin/../lib/gcc/arm-none-eabi/14.2.1/thumb/v8-m.main+fp/softfp\libg.a(libc_a-mlock.o)
                              C:/Users/Nicholas/.pico-sdk/toolchain/14_2_Rel1/bin/../lib/gcc/arm-none-eabi/14.2.1/thumb/v8-m.main+fp/softfp\libg.a(libc_a-mallocr.o) (__malloc_lock)
C:/Users/Nicholas/.pico-sdk/toolchain/14_2_Rel1/bin/../lib/gcc/arm-none-eabi/14.2.1/thumb/v8-m.main+fp/softfp\libg.a(libc_a-realloc.o)
                              CMakeFiles/ControlBoard_Code.dir/C_/Users/Nicholas/.pico-sdk/sdk/2.2.0/src/rp2_common/pico_malloc/malloc.c.obj (realloc)
C:/Users/Nicholas/.pico-sdk/toolchain/14_2_Rel1/bin/../lib/gcc/arm-none-eabi/14.2.1/thumb/v8-m.main+fp/softfp\libg.a(libc_a-reallocr.o)
                              C:/Users/Nicholas/.pico-sdk/toolchain/14_2_Rel1/bin/../lib/gcc/arm-none-eabi/14.2.1/thumb/v8-m.main+fp/softfp\libg.a(libc_a-realloc.o) (_realloc_r)
C:/Users/Nicholas/.pico-sdk/toolchain/14_2_Rel1/bin/../lib/gcc/arm-none-eabi/14.2.1/thumb/v8-m.main+fp/softfp\libg.a(libc_a-ctype_.o)
                              CMakeFiles/ControlBoard_Code.dir/C_/Users/Nicholas/.pico-sdk/sdk/2.2.0/lib/tinyusb/src/tusb.c.obj (_ctype_)
C:/Users/Nicholas/.pico-sdk/toolchain/14_2_Rel1/bin/../lib/gcc/arm-none-eabi/14.2.1/thumb/v8-m.main+fp/softfp\libg.a(libc_a-memcmp.o)
[...]
Memory Configuration

Name             Origin             Length             Attributes
FLASH            0x10000000         0x00400000         xr
RAM              0x20000000         0x00080000         xrw
SCRATCH_X        0x20080000         0x00001000         xrw
SCRATCH_Y        0x20081000         0x00001000         xrw
*default*        0x00000000         0xffffffff

Linker script and memory map

LOAD C:/Users/Nicholas/.pico-sdk/toolchain/14_2_Rel1/bin/../lib/gcc/arm-none-eabi/14.2.1/thumb/v8-m.main+fp/softfp/crti.o
LOAD C:/Users/Nicholas/.pico-sdk/toolchain/14_2_Rel1/bin/../lib/gcc/arm-none-eabi/14.2.1/thumb/v8-m.main+fp/softfp/crtbegin.o
LOAD C:/Users/Nicholas/.pico-sdk/toolchain/14_2_Rel1/bin/../lib/gcc/arm-none-eabi/14.2.1/thumb/v8-m.main+fp/softfp/crt0.o

.flash_begin    0x10000000        0x0
                0x10000000                        __flash_binary_start = .

.text           0x10000000     0x72c0
                0x10000000                        __logical_binary_start = .
 *(.vectors)
 .vectors       0x10000000      0x124 CMakeFiles/ControlBoard_Code.dir/C_/Users/Nicholas/.pico-sdk/sdk/2.2.0/src/rp2_common/pico_crt0/crt0.S.obj
                0x10000000                __VECTOR_TABLE
                0x10000000                __vectors
                0x10000110                __unhandled_user_irq
                0x10000110                isr_irq49
                0x10000110                isr_irq13
                0x10000110                isr_irq43
                0x10000110                isr_irq45
                0x10000110                isr_irq27
                0x10000110                isr_irq32
                0x10000110                isr_irq31
                0x10000110                isr_irq12
                0x10000110                isr_irq5
                0x10000110                isr_irq11
                0x10000110                isr_irq3
                0x10000110                isr_irq23
                0x10000110                isr_usagefault
                0x10000110                isr_irq48
                0x10000110                isr_irq30
                0x10000110                isr_irq18
                0x10000110                isr_irq50
                0x10000110                isr_irq33
                0x10000110                isr_irq40
                0x10000110                isr_irq28
                0x10000110                isr_irq19
                0x10000110                isr_irq36
                0x10000110                isr_irq41
                0x10000110                isr_irq0
                0x10000110                isr_irq6
                0x10000110                isr_irq26
                0x10000110                isr_irq29
                0x10000110                isr_memmanage
                0x10000110                isr_irq37
                0x10000110                isr_irq42
                0x10000110                isr_irq22
                0x10000110                isr_irq35
                0x10000110                isr_irq17
                0x10000110                isr_irq38
                0x10000110                isr_irq14
                0x10000110                __vectors_end
                0x10000110                __default_isrs_start
                0x10000110                isr_irq2
                0x10000110                isr_irq10
                0x10000110                isr_irq8
                0x10000110                isr_debugmonitor
                0x10000110                isr_irq24
                0x10000110                isr_irq46
                0x10000110                isr_irq1
                0x10000110                isr_irq47
                0x10000110                isr_irq51
                0x10000110                isr_irq7
                0x10000110                isr_irq21
                0x10000110                isr_irq39
                0x10000110                isr_irq20
                0x10000110                isr_irq15
                0x10000110                isr_irq25
                0x10000110                isr_irq34
                0x10000110                isr_irq44
                0x10000110                isr_securefault
                0x10000110                isr_irq4
                0x10000110                isr_busfault
                0x10000110                isr_irq16
                0x10000110                isr_irq9
                0x10000116                unhandled_user_irq_num_in_r0
                0x10000118                isr_invalid
                0x1000011a                isr_nmi
                0x1000011c                isr_hardfault
                0x1000011e                isr_svcall
                0x10000120                isr_pendsv
                0x10000122                isr_systick
                0x10000124                __default_isrs_end
 *(.binary_info_header)
 .binary_info_header
                0x10000124       0x14 CMakeFiles/ControlBoard_Code.dir/C_/Users/Nicholas/.pico-sdk/sdk/2.2.0/src/rp2_common/pico_crt0/crt0.S.obj
                0x10000138                        __binary_info_header_end = .
 *(.embedded_block)
 .embedded_block
                0x10000138       0x14 CMakeFiles/ControlBoard_Code.dir/C_/Users/Nicholas/.pico-sdk/sdk/2.2.0/src/rp2_common/pico_crt0/crt0.S.obj
                0x1000014c                        __embedded_block_end = .
 *(.reset)
 .reset         0x1000014c       0x98 CMakeFiles/ControlBoard_Code.dir/C_/Users/Nicholas/.pico-sdk/sdk/2.2.0/src/rp2_common/pico_crt0/crt0.S.obj
                0x1000014c                _entry_point
 *(.init)
 .init          0x100001e4        0x4 C:/Users/Nicholas/.pico-sdk/toolchain/14_2_Rel1/bin/../lib/gcc/arm-none-eabi/14.2.1/thumb/v8-m.main+fp/softfp/crti.o
                0x100001e4                _init
 SORT_BY_NAME(REVERSE(*libgcc.a:cmse_nonsecure_call.o))()
 *(EXCLUDE_FILE(*libm.a: *libc.a:*lib_a-mem*.o *libgcc.a:) .text*)
 .text.register_tm_clones
                0x100001e8       0x28 C:/Users/Nicholas/.pico-sdk/toolchain/14_2_Rel1/bin/../lib/gcc/arm-none-eabi/14.2.1/thumb/v8-m.main+fp/softfp/crtbegin.o
 .text.frame_dummy
                0x10000210       0x24 C:/Users/Nicholas/.pico-sdk/toolchain/14_2_Rel1/bin/../lib/gcc/arm-none-eabi/14.2.1/thumb/v8-m.main+fp/softfp/crtbegin.o
 .text.pio_get_default_sm_config
                0x10000234       0x24 CMakeFiles/ControlBoard_Code.dir/ControlBoard_Code.c.obj
 .text.pwm_set_chan_level
                0x10000258       0x30 CMakeFiles/ControlBoard_Code.dir/ControlBoard_Code.c.obj
 .text.pwm_set_gpio_level
                0x10000288       0x20 CMakeFiles/ControlBoard_Code.dir/ControlBoard_Code.c.obj
 .text.freq_counter_program_get_default_config
                0x100002a8       0x20 CMakeFiles/ControlBoard_Code.dir/ControlBoard_Code.c.obj
 .text.freq_counter_program_init
                0x100002c8       0x76 CMakeFiles/ControlBoard_Code.dir/ControlBoard_Code.c.obj
 *fill*         0x1000033e        0x2 
 .text.graphfreq
                0x10000340      0x110 CMakeFiles/ControlBoard_Code.dir/ControlBoard_Code.c.obj
                0x10000340                graphfreq
 .text.init_hw  0x10000450       0x34 CMakeFiles/ControlBoard_Code.dir/ControlBoard_Code.c.obj
                0x10000450                init_hw
 .text.Drive_stepper
                0x10000484       0x66 CMakeFiles/ControlBoard_Code.dir/ControlBoard_Code.c.obj
                0x10000484                Drive_stepper
 *fill*         0x100004ea        0x6 
 .text.main     0x100004f0      0x29c CMakeFiles/ControlBoard_Code.dir/ControlBoard_Code.c.obj
                0x100004f0                main
 .text.gpio_set_function
                0x1000078c       0x38 CMakeFiles/ControlBoard_Code.dir/C_/Users/Nicholas/.pico-sdk/sdk/2.2.0/src/rp2_common/hardware_gpio/gpio.c.obj
                0x1000078c                gpio_set_function
 .text.gpio_init
                0x100007c4       0x16 CMakeFiles/ControlBoard_Code.dir/C_/Users/Nicholas/.pico-sdk/sdk/2.2.0/src/rp2_common/hardware_gpio/gpio.c.obj
                0x100007c4                gpio_init
 *fill*         0x100007da        0x2 
 .text.panic    0x100007dc       0x30 CMakeFiles/ControlBoard_Code.dir/C_/Users/Nicholas/.pico-sdk/sdk/2.2.0/src/rp2_common/pico_platform_panic/panic.c.obj
                0x100007dc                panic
 .text.hw_claim_lock
                0x1000080c       0x24 CMakeFiles/ControlBoard_Code.dir/C_/Users/Nicholas/.pico-sdk/sdk/2.2.0/src/common/hardware_claim/claim.c.obj
                0x1000080c                hw_claim_lock
 .text.hw_claim_unlock
                0x10000830       0x14 CMakeFiles/ControlBoard_Code.dir/C_/Users/Nicholas/.pico-sdk/sdk/2.2.0/src/common/hardware_claim/claim.c.obj
                0x10000830                hw_claim_unlock
 .text.hw_claim_or_assert
                0x10000844       0x32 CMakeFiles/ControlBoard_Code.dir/C_/Users/Nicholas/.pico-sdk/sdk/2.2.0/src/common/hardware_claim/claim.c.obj
                0x10000844                hw_claim_or_assert
 .text.hw_claim_unused_from_range
                0x10000876       0x4e CMakeFiles/ControlBoard_Code.dir/C_/Users/Nicholas/.pico-sdk/sdk/2.2.0/src/common/hardware_claim/claim.c.obj
                0x10000876                hw_claim_unused_from_range
 .text.next_striped_spin_lock_num
                0x100008c4       0x1c CMakeFiles/ControlBoard_Code.dir/C_/Users/Nicholas/.pico-sdk/sdk/2.2.0/src/rp2_common/hardware_sync/sync.c.obj
                0x100008c4                next_striped_spin_lock_num
 .text.spin_lock_claim_unused
                0x100008e0       0x24 CMakeFiles/ControlBoard_Code.dir/C_/Users/Nicholas/.pico-sdk/sdk/2.2.0/src/rp2_common/hardware_sync/sync.c.obj
                0x100008e0                spin_lock_claim_unused
 .text.spinlock_set_extexclall
                0x10000904        0xe CMakeFiles/ControlBoard_Code.dir/C_/Users/Nicholas/.pico-sdk/sdk/2.2.0/src/rp2_common/hardware_sync_spin_lock/sync_spin_lock.c.obj
 *fill*         0x10000912        0x2 
 .text.spin_locks_reset
                0x10000914       0x1c CMakeFiles/ControlBoard_Code.dir/C_/Users/Nicholas/.pico-sdk/sdk/2.2.0/src/rp2_common/hardware_sync_spin_lock/sync_spin_lock.c.obj
                0x10000914                spin_locks_reset
 .text.set_raw_irq_handler_and_unlock
                0x10000930       0x24 CMakeFiles/ControlBoard_Code.dir/C_/Users/Nicholas/.pico-sdk/sdk/2.2.0/src/rp2_common/hardware_irq/irq.c.obj
 .text.nvic_ipr0
                0x10000954        0x8 CMakeFiles/ControlBoard_Code.dir/C_/Users/Nicholas/.pico-sdk/sdk/2.2.0/src/rp2_common/hardware_irq/irq.c.obj
 .text.runtime_init_per_core_irq_priorities
                0x1000095c       0x1c CMakeFiles/ControlBoard_Code.dir/C_/Users/Nicholas/.pico-sdk/sdk/2.2.0/src/rp2_common/hardware_irq/irq.c.obj
                0x1000095c                runtime_init_per_core_irq_priorities
 .text.resolve_j_16
                0x10000978       0x40 CMakeFiles/ControlBoard_Code.dir/C_/Users/Nicholas/.pico-sdk/sdk/2.2.0/src/rp2_common/hardware_irq/irq.c.obj
 .text.make_j_16
                0x100009b8       0x3c CMakeFiles/ControlBoard_Code.dir/C_/Users/Nicholas/.pico-sdk/sdk/2.2.0/src/rp2_common/hardware_irq/irq.c.obj
 .text.irq_is_enabled
                0x100009f4       0x20 CMakeFiles/ControlBoard_Code.dir/C_/Users/Nicholas/.pico-sdk/sdk/2.2.0/src/rp2_common/hardware_irq/irq.c.obj
                0x100009f4                irq_is_enabled
 .text.irq_set_mask_n_enabled
                0x10000a14       0x20 CMakeFiles/ControlBoard_Code.dir/C_/Users/Nicholas/.pico-sdk/sdk/2.2.0/src/rp2_common/hardware_irq/irq.c.obj
                0x10000a14                irq_set_mask_n_enabled
 .text.irq_set_enabled
                0x10000a34       0x14 CMakeFiles/ControlBoard_Code.dir/C_/Users/Nicholas/.pico-sdk/sdk/2.2.0/src/rp2_common/hardware_irq/irq.c.obj
                0x10000a34                irq_set_enabled
 .text.irq_set_pending
                0x10000a48       0x18 CMakeFiles/ControlBoard_Code.dir/C_/Users/Nicholas/.pico-sdk/sdk/2.2.0/src/rp2_common/hardware_irq/irq.c.obj
                0x10000a48                irq_set_pending
 .text.irq_get_vtable_handler
                0x10000a60       0x10 CMakeFiles/ControlBoard_Code.dir/C_/Users/Nicholas/.pico-sdk/sdk/2.2.0/src/rp2_common/hardware_irq/irq.c.obj
                0x10000a60                irq_get_vtable_handler
 .text.irq_has_shared_handler
                0x10000a70       0x18 CMakeFiles/ControlBoard_Code.dir/C_/Users/Nicholas/.pico-sdk/sdk/2.2.0/src/rp2_common/hardware_irq/irq.c.obj
                0x10000a70                irq_has_shared_handler
 .text.irq_set_exclusive_handler
                0x10000a88       0x60 CMakeFiles/ControlBoard_Code.dir/C_/Users/Nicholas/.pico-sdk/sdk/2.2.0/src/rp2_common/hardware_irq/irq.c.obj
                0x10000a88                irq_set_exclusive_handler
 .text.irq_add_shared_handler
                0x10000ae8      0x234 CMakeFiles/ControlBoard_Code.dir/C_/Users/Nicholas/.pico-sdk/sdk/2.2.0/src/rp2_common/hardware_irq/irq.c.obj
                0x10000ae8                irq_add_shared_handler
 .text.irq_add_tail_to_free_list
                0x10000d1c       0xf8 CMakeFiles/ControlBoard_Code.dir/C_/Users/Nicholas/.pico-sdk/sdk/2.2.0/src/rp2_common/hardware_irq/irq.c.obj
                0x10000d1c                irq_add_tail_to_free_list
 .text.user_irq_claim_unused
                0x10000e14       0x2c CMakeFiles/ControlBoard_Code.dir/C_/Users/Nicholas/.pico-sdk/sdk/2.2.0/src/rp2_common/hardware_irq/irq.c.obj
                0x10000e14                user_irq_claim_unused
 .text.lock_init
                0x10000e40        0xc CMakeFiles/ControlBoard_Code.dir/C_/Users/Nicholas/.pico-sdk/sdk/2.2.0/src/common/pico_sync/lock_core.c.obj
                0x10000e40                lock_init
 .text.mutex_init
                0x10000e4c       0x1a CMakeFiles/ControlBoard_Code.dir/C_/Users/Nicholas/.pico-sdk/sdk/2.2.0/src/common/pico_sync/mutex.c.obj
                0x10000e4c                mutex_init
 .text.recursive_mutex_init
                0x10000e66       0x1e CMakeFiles/ControlBoard_Code.dir/C_/Users/Nicholas/.pico-sdk/sdk/2.2.0/src/common/pico_sync/mutex.c.obj
                0x10000e66                recursive_mutex_init
 .text.runtime_init_mutex
                0x10000e84       0x4c CMakeFiles/ControlBoard_Code.dir/C_/Users/Nicholas/.pico-sdk/sdk/2.2.0/src/common/pico_sync/mutex.c.obj
                0x10000e84                runtime_init_mutex
 .text.critical_section_init_with_lock_num
                0x10000ed0       0x10 CMakeFiles/ControlBoard_Code.dir/C_/Users/Nicholas/.pico-sdk/sdk/2.2.0/src/common/pico_sync/critical_section.c.obj
                0x10000ed0                critical_section_init_with_lock_num
 .text.critical_section_init
                0x10000ee0       0x14 CMakeFiles/ControlBoard_Code.dir/C_/Users/Nicholas/.pico-sdk/sdk/2.2.0/src/common/pico_sync/critical_section.c.obj
                0x10000ee0                critical_section_init
 .text.ta_from_current_irq
                0x10000ef4       0x24 CMakeFiles/ControlBoard_Code.dir/C_/Users/Nicholas/.pico-sdk/sdk/2.2.0/src/common/pico_time/time.c.obj
 .text.ta_set_timeout
                0x10000f18       0x2a CMakeFiles/ControlBoard_Code.dir/C_/Users/Nicholas/.pico-sdk/sdk/2.2.0/src/common/pico_time/time.c.obj
 .text.make_alarm_id
                0x10000f42        0x6 CMakeFiles/ControlBoard_Code.dir/C_/Users/Nicholas/.pico-sdk/sdk/2.2.0/src/common/pico_time/time.c.obj
 .text.sleep_until_callback
                0x10000f48       0x3c CMakeFiles/ControlBoard_Code.dir/C_/Users/Nicholas/.pico-sdk/sdk/2.2.0/src/common/pico_time/time.c.obj
 .text.alarm_pool_irq_handler
                0x10000f84      0x2ec CMakeFiles/ControlBoard_Code.dir/C_/Users/Nicholas/.pico-sdk/sdk/2.2.0/src/common/pico_time/time.c.obj
 .text.ta_enable_irq_handler
                0x10001270       0x38 CMakeFiles/ControlBoard_Code.dir/C_/Users/Nicholas/.pico-sdk/sdk/2.2.0/src/common/pico_time/time.c.obj
 .text.alarm_pool_post_alloc_init
                0x100012a8       0x7c CMakeFiles/ControlBoard_Code.dir/C_/Users/Nicholas/.pico-sdk/sdk/2.2.0/src/common/pico_time/time.c.obj
 .text.alarm_pool_get_default
                0x10001324       0x28 CMakeFiles/ControlBoard_Code.dir/C_/Users/Nicholas/.pico-sdk/sdk/2.2.0/src/common/pico_time/time.c.obj
                0x10001324                alarm_pool_get_default
 .text.alarm_pool_add_alarm_at_force_in_context
                0x1000134c       0xc0 CMakeFiles/ControlBoard_Code.dir/C_/Users/Nicholas/.pico-sdk/sdk/2.2.0/src/common/pico_time/time.c.obj
                0x1000134c                alarm_pool_add_alarm_at_force_in_context
 .text.alarm_pool_add_alarm_at
                0x1000140c       0x38 CMakeFiles/ControlBoard_Code.dir/C_/Users/Nicholas/.pico-sdk/sdk/2.2.0/src/common/pico_time/time.c.obj
                0x1000140c                alarm_pool_add_alarm_at
 .text.add_alarm_at
                0x10001444       0x26 CMakeFiles/ControlBoard_Code.dir/C_/Users/Nicholas/.pico-sdk/sdk/2.2.0/src/common/pico_time/time.c.obj
 .text.alarm_pool_cancel_alarm
                0x1000146a       0x72 CMakeFiles/ControlBoard_Code.dir/C_/Users/Nicholas/.pico-sdk/sdk/2.2.0/src/common/pico_time/time.c.obj
                0x1000146a                alarm_pool_cancel_alarm
 .text.cancel_alarm
                0x100014dc       0x10 CMakeFiles/ControlBoard_Code.dir/C_/Users/Nicholas/.pico-sdk/sdk/2.2.0/src/common/pico_time/time.c.obj
 .text.alarm_pool_core_num
                0x100014ec        0x4 CMakeFiles/ControlBoard_Code.dir/C_/Users/Nicholas/.pico-sdk/sdk/2.2.0/src/common/pico_time/time.c.obj
                0x100014ec                alarm_pool_core_num
 .text.sleep_until
                0x100014f0       0xb4 CMakeFiles/ControlBoard_Code.dir/C_/Users/Nicholas/.pico-sdk/sdk/2.2.0/src/common/pico_time/time.c.obj
                0x100014f0                sleep_until
 .text.sleep_us
                0x100015a4       0x24 CMakeFiles/ControlBoard_Code.dir/C_/Users/Nicholas/.pico-sdk/sdk/2.2.0/src/common/pico_time/time.c.obj
                0x100015a4                sleep_us
 .text.sleep_ms
                0x100015c8       0x28 CMakeFiles/ControlBoard_Code.dir/C_/Users/Nicholas/.pico-sdk/sdk/2.2.0/src/common/pico_time/time.c.obj
                0x100015c8                sleep_ms
 .text.best_effort_wfe_or_timeout
                0x100015f0       0xfc CMakeFiles/ControlBoard_Code.dir/C_/Users/Nicholas/.pico-sdk/sdk/2.2.0/src/common/pico_time/time.c.obj
                0x100015f0                best_effort_wfe_or_timeout
 .text.alarm_pool_get_default_timer
                0x100016ec        0x8 CMakeFiles/ControlBoard_Code.dir/C_/Users/Nicholas/.pico-sdk/sdk/2.2.0/src/common/pico_time/time.c.obj
                0x100016ec                alarm_pool_get_default_timer
 .text.runtime_init_default_alarm_pool
                0x100016f4       0x34 CMakeFiles/ControlBoard_Code.dir/C_/Users/Nicholas/.pico-sdk/sdk/2.2.0/src/common/pico_time/time.c.obj
                0x100016f4                runtime_init_default_alarm_pool
 .text.timer_hardware_alarm_claim
                0x10001728       0x24 CMakeFiles/ControlBoard_Code.dir/C_/Users/Nicholas/.pico-sdk/sdk/2.2.0/src/rp2_common/hardware_timer/timer.c.obj
                0x10001728                timer_hardware_alarm_claim
 .text.timer_time_us_64
                0x1000174c       0x10 CMakeFiles/ControlBoard_Code.dir/C_/Users/Nicholas/.pico-sdk/sdk/2.2.0/src/rp2_common/hardware_timer/timer.c.obj
                0x1000174c                timer_time_us_64
 .text.timer_busy_wait_until
                0x1000175c       0x1a CMakeFiles/ControlBoard_Code.dir/C_/Users/Nicholas/.pico-sdk/sdk/2.2.0/src/rp2_common/hardware_timer/timer.c.obj
                0x1000175c                timer_busy_wait_until
 *fill*         0x10001776        0x2 
 .text.time_us_64
                0x10001778       0x10 CMakeFiles/ControlBoard_Code.dir/C_/Users/Nicholas/.pico-sdk/sdk/2.2.0/src/rp2_common/hardware_timer/timer.c.obj
                0x10001778                time_us_64
 .text.busy_wait_until
                0x10001788       0x14 CMakeFiles/ControlBoard_Code.dir/C_/Users/Nicholas/.pico-sdk/sdk/2.2.0/src/rp2_common/hardware_timer/timer.c.obj
                0x10001788                busy_wait_until
 .text.clock_configure_internal
                0x1000179c       0xb8 CMakeFiles/ControlBoard_Code.dir/C_/Users/Nicholas/.pico-sdk/sdk/2.2.0/src/rp2_common/hardware_clocks/clocks.c.obj
 .text.clock_configure_undivided
                0x10001854       0x12 CMakeFiles/ControlBoard_Code.dir/C_/Users/Nicholas/.pico-sdk/sdk/2.2.0/src/rp2_common/hardware_clocks/clocks.c.obj
                0x10001854                clock_configure_undivided
 *fill*         0x10001866        0x2 
 .text.clock_get_hz
                0x10001868        0xc CMakeFiles/ControlBoard_Code.dir/C_/Users/Nicholas/.pico-sdk/sdk/2.2.0/src/rp2_common/hardware_clocks/clocks.c.obj
                0x10001868                clock_get_hz
 .text.pll_init
                0x10001874      0x108 CMakeFiles/ControlBoard_Code.dir/C_/Users/Nicholas/.pico-sdk/sdk/2.2.0/src/rp2_common/hardware_pll/pll.c.obj
                0x10001874                pll_init
 .text.watchdog_update
                0x1000197c       0x14 CMakeFiles/ControlBoard_Code.dir/C_/Users/Nicholas/.pico-sdk/sdk/2.2.0/src/rp2_common/hardware_watchdog/watchdog.c.obj
                0x1000197c                watchdog_update
 .text._watchdog_enable
                0x10001990       0x6c CMakeFiles/ControlBoard_Code.dir/C_/Users/Nicholas/.pico-sdk/sdk/2.2.0/src/rp2_common/hardware_watchdog/watchdog.c.obj
                0x10001990                _watchdog_enable
 .text.watchdog_reboot
                0x100019fc       0x44 CMakeFiles/ControlBoard_Code.dir/C_/Users/Nicholas/.pico-sdk/sdk/2.2.0/src/rp2_common/hardware_watchdog/watchdog.c.obj
                0x100019fc                watchdog_reboot
 .text.tick_start
                0x10001a40       0x1c CMakeFiles/ControlBoard_Code.dir/C_/Users/Nicholas/.pico-sdk/sdk/2.2.0/src/rp2_common/hardware_ticks/ticks.c.obj
                0x10001a40                tick_start
 .text.rom_reboot
                0x10001a5c       0x40 CMakeFiles/ControlBoard_Code.dir/C_/Users/Nicholas/.pico-sdk/sdk/2.2.0/src/rp2_common/pico_bootrom/bootrom.c.obj
 .text.rom_func_lookup
                0x10001a9c       0x1e CMakeFiles/ControlBoard_Code.dir/C_/Users/Nicholas/.pico-sdk/sdk/2.2.0/src/rp2_common/pico_bootrom/bootrom.c.obj
                0x10001a9c                rom_func_lookup
 .text.rom_reset_usb_boot_extra
                0x10001aba       0x20 CMakeFiles/ControlBoard_Code.dir/C_/Users/Nicholas/.pico-sdk/sdk/2.2.0/src/rp2_common/pico_bootrom/bootrom.c.obj
                0x10001aba                rom_reset_usb_boot_extra
 *fill*         0x10001ada        0x2 
 .text.runtime_init_bootrom_locking_enable
                0x10001adc       0x14 CMakeFiles/ControlBoard_Code.dir/C_/Users/Nicholas/.pico-sdk/sdk/2.2.0/src/rp2_common/pico_bootrom/bootrom_lock.c.obj
                0x10001adc                runtime_init_bootrom_locking_enable
 .text.boot_locks_reset
                0x10001af0       0x20 CMakeFiles/ControlBoard_Code.dir/C_/Users/Nicholas/.pico-sdk/sdk/2.2.0/src/rp2_common/hardware_boot_lock/boot_lock.c.obj
                0x10001af0                boot_locks_reset
 .text.runtime_init_boot_locks_reset
                0x10001b10        0x8 CMakeFiles/ControlBoard_Code.dir/C_/Users/Nicholas/.pico-sdk/sdk/2.2.0/src/rp2_common/hardware_boot_lock/boot_lock.c.obj
                0x10001b10                runtime_init_boot_locks_reset
 .text.xosc_init
                0x10001b18       0x28 CMakeFiles/ControlBoard_Code.dir/C_/Users/Nicholas/.pico-sdk/sdk/2.2.0/src/rp2_common/hardware_xosc/xosc.c.obj
                0x10001b18                xosc_init
 .text.runtime_run_initializers_from
                0x10001b40       0x18 CMakeFiles/ControlBoard_Code.dir/C_/Users/Nicholas/.pico-sdk/sdk/2.2.0/src/rp2_common/pico_runtime/runtime.c.obj
 .text.first_per_core_initializer
                0x10001b58        0x2 CMakeFiles/ControlBoard_Code.dir/C_/Users/Nicholas/.pico-sdk/sdk/2.2.0/src/rp2_common/pico_runtime/runtime.c.obj
 *fill*         0x10001b5a        0x2 
 .text.runtime_run_initializers
                0x10001b5c       0x10 CMakeFiles/ControlBoard_Code.dir/C_/Users/Nicholas/.pico-sdk/sdk/2.2.0/src/rp2_common/pico_runtime/runtime.c.obj
                0x10001b5c                runtime_run_initializers
 .text.runtime_init_early_resets
                0x10001b6c       0x2c CMakeFiles/ControlBoard_Code.dir/C_/Users/Nicholas/.pico-sdk/sdk/2.2.0/src/rp2_common/pico_runtime_init/runtime_init.c.obj
                0x10001b6c                runtime_init_early_resets
 .text.runtime_init_usb_power_down
                0x10001b98       0x20 CMakeFiles/ControlBoard_Code.dir/C_/Users/Nicholas/.pico-sdk/sdk/2.2.0/src/rp2_common/pico_runtime_init/runtime_init.c.obj
                0x10001b98                runtime_init_usb_power_down
 .text.runtime_init_per_core_enable_coprocessors
                0x10001bb8       0x1c CMakeFiles/ControlBoard_Code.dir/C_/Users/Nicholas/.pico-sdk/sdk/2.2.0/src/rp2_common/pico_runtime_init/runtime_init.c.obj
                0x10001bb8                runtime_init_per_core_enable_coprocessors
 .text.runtime_init_post_clock_resets
                0x10001bd4       0x20 CMakeFiles/ControlBoard_Code.dir/C_/Users/Nicholas/.pico-sdk/sdk/2.2.0/src/rp2_common/pico_runtime_init/runtime_init.c.obj
                0x10001bd4                runtime_init_post_clock_resets
 .text.runtime_init_bootrom_reset
                0x10001bf4       0x12 CMakeFiles/ControlBoard_Code.dir/C_/Users/Nicholas/.pico-sdk/sdk/2.2.0/src/rp2_common/pico_runtime_init/runtime_init.c.obj
                0x10001bf4                runtime_init_bootrom_reset
 .text.runtime_init_per_core_bootrom_reset
                0x10001c06       0x12 CMakeFiles/ControlBoard_Code.dir/C_/Users/Nicholas/.pico-sdk/sdk/2.2.0/src/rp2_common/pico_runtime_init/runtime_init.c.obj
                0x10001c06                runtime_init_per_core_bootrom_reset
 .text.runtime_init_spin_locks_reset
                0x10001c18        0x8 CMakeFiles/ControlBoard_Code.dir/C_/Users/Nicholas/.pico-sdk/sdk/2.2.0/src/rp2_common/pico_runtime_init/runtime_init.c.obj
                0x10001c18                runtime_init_spin_locks_reset
 .text.runtime_init_install_ram_vector_table
                0x10001c20       0x48 CMakeFiles/ControlBoard_Code.dir/C_/Users/Nicholas/.pico-sdk/sdk/2.2.0/src/rp2_common/pico_runtime_init/runtime_init.c.obj
                0x10001c20                runtime_init_install_ram_vector_table
 .text.start_all_ticks
                0x10001c68       0x28 CMakeFiles/ControlBoard_Code.dir/C_/Users/Nicholas/.pico-sdk/sdk/2.2.0/src/rp2_common/pico_runtime_init/runtime_init_clocks.c.obj
 .text.runtime_init_clocks
                0x10001c90       0xc4 CMakeFiles/ControlBoard_Code.dir/C_/Users/Nicholas/.pico-sdk/sdk/2.2.0/src/rp2_common/pico_runtime_init/runtime_init_clocks.c.obj
                0x10001c90                runtime_init_clocks
 .text.__rp2350_dcp_engaged_state_save_restore
                0x10001d54       0x3a CMakeFiles/ControlBoard_Code.dir/C_/Users/Nicholas/.pico-sdk/sdk/2.2.0/src/rp2_common/pico_double/double_aeabi_dcp.S.obj
 *fill*         0x10001d8e        0x2 
 .text.__wrap___aeabi_dadd
                0x10001d90       0x28 CMakeFiles/ControlBoard_Code.dir/C_/Users/Nicholas/.pico-sdk/sdk/2.2.0/src/rp2_common/pico_double/double_aeabi_dcp.S.obj
                0x10001d98                __wrap___aeabi_dadd
 .text.__wrap___aeabi_dsub
                0x10001db8       0x28 CMakeFiles/ControlBoard_Code.dir/C_/Users/Nicholas/.pico-sdk/sdk/2.2.0/src/rp2_common/pico_double/double_aeabi_dcp.S.obj
                0x10001dc0                __wrap___aeabi_dsub
 .text.__wrap___aeabi_dmul
                0x10001de0       0x4c CMakeFiles/ControlBoard_Code.dir/C_/Users/Nicholas/.pico-sdk/sdk/2.2.0/src/rp2_common/pico_double/double_aeabi_dcp.S.obj
                0x10001de8                __wrap___aeabi_dmul
 .text.__wrap___aeabi_ddiv
                0x10001e2c       0x9c CMakeFiles/ControlBoard_Code.dir/C_/Users/Nicholas/.pico-sdk/sdk/2.2.0/src/rp2_common/pico_double/double_aeabi_dcp.S.obj
                0x10001e34                __wrap___aeabi_ddiv
 .text.__wrap___aeabi_i2d
                0x10001ec8       0x24 CMakeFiles/ControlBoard_Code.dir/C_/Users/Nicholas/.pico-sdk/sdk/2.2.0/src/rp2_common/pico_double/double_aeabi_dcp.S.obj
                0x10001ed0                int2double
                0x10001ed0                __wrap___aeabi_i2d
 .text.__wrap___aeabi_ui2d
                0x10001eec       0x24 CMakeFiles/ControlBoard_Code.dir/C_/Users/Nicholas/.pico-sdk/sdk/2.2.0/src/rp2_common/pico_double/double_aeabi_dcp.S.obj
                0x10001ef4                uint2double
                0x10001ef4                __wrap___aeabi_ui2d
 .text.__wrap___aeabi_d2iz
                0x10001f10       0x24 CMakeFiles/ControlBoard_Code.dir/C_/Users/Nicholas/.pico-sdk/sdk/2.2.0/src/rp2_common/pico_double/double_aeabi_dcp.S.obj
                0x10001f18                double2int_z
                0x10001f18                __wrap___aeabi_d2iz
 .text.__wrap___aeabi_d2uiz
                0x10001f34       0x24 CMakeFiles/ControlBoard_Code.dir/C_/Users/Nicholas/.pico-sdk/sdk/2.2.0/src/rp2_common/pico_double/double_aeabi_dcp.S.obj
                0x10001f3c                double2uint
                0x10001f3c                __wrap___aeabi_d2uiz
                0x10001f3c                double2uint_z
 .text.__wrap___aeabi_dcmpun
                0x10001f58       0x24 CMakeFiles/ControlBoard_Code.dir/C_/Users/Nicholas/.pico-sdk/sdk/2.2.0/src/rp2_common/pico_double/double_aeabi_dcp.S.obj
                0x10001f60                __wrap___aeabi_dcmpun
 .text.__wrap___aeabi_dcmplt
                0x10001f7c       0x28 CMakeFiles/ControlBoard_Code.dir/C_/Users/Nicholas/.pico-sdk/sdk/2.2.0/src/rp2_common/pico_double/double_aeabi_dcp.S.obj
                0x10001f84                __wrap___aeabi_dcmplt
 .text.__wrap___aeabi_dcmple
                0x10001fa4       0x28 CMakeFiles/ControlBoard_Code.dir/C_/Users/Nicholas/.pico-sdk/sdk/2.2.0/src/rp2_common/pico_double/double_aeabi_dcp.S.obj
                0x10001fac                __wrap___aeabi_dcmple
 .text.__wrap___aeabi_dcmpge
                0x10001fcc       0x28 CMakeFiles/ControlBoard_Code.dir/C_/Users/Nicholas/.pico-sdk/sdk/2.2.0/src/rp2_common/pico_double/double_aeabi_dcp.S.obj
                0x10001fd4                __wrap___aeabi_dcmpge
 .text.__wrap___aeabi_dcmpgt
                0x10001ff4       0x28 CMakeFiles/ControlBoard_Code.dir/C_/Users/Nicholas/.pico-sdk/sdk/2.2.0/src/rp2_common/pico_double/double_aeabi_dcp.S.obj
                0x10001ffc                __wrap___aeabi_dcmpgt
 .text._out_buffer
                0x1000201c        0x8 CMakeFiles/ControlBoard_Code.dir/C_/Users/Nicholas/.pico-sdk/sdk/2.2.0/src/rp2_common/pico_printf/printf.c.obj
 .text._out_null
                0x10002024        0x2 CMakeFiles/ControlBoard_Code.dir/C_/Users/Nicholas/.pico-sdk/sdk/2.2.0/src/rp2_common/pico_printf/printf.c.obj
 .text._out_fct
                0x10002026        0xe CMakeFiles/ControlBoard_Code.dir/C_/Users/Nicholas/.pico-sdk/sdk/2.2.0/src/rp2_common/pico_printf/printf.c.obj
 .text._atoi    0x10002034       0x26 CMakeFiles/ControlBoard_Code.dir/C_/Users/Nicholas/.pico-sdk/sdk/2.2.0/src/rp2_common/pico_printf/printf.c.obj
 .text._out_rev
                0x1000205a       0x7e CMakeFiles/ControlBoard_Code.dir/C_/Users/Nicholas/.pico-sdk/sdk/2.2.0/src/rp2_common/pico_printf/printf.c.obj
 .text._ntoa_format
                0x100020d8      0x134 CMakeFiles/ControlBoard_Code.dir/C_/Users/Nicholas/.pico-sdk/sdk/2.2.0/src/rp2_common/pico_printf/printf.c.obj
 .text._ntoa_long
                0x1000220c       0x94 CMakeFiles/ControlBoard_Code.dir/C_/Users/Nicholas/.pico-sdk/sdk/2.2.0/src/rp2_common/pico_printf/printf.c.obj
 .text._ntoa_long_long
                0x100022a0       0xc2 CMakeFiles/ControlBoard_Code.dir/C_/Users/Nicholas/.pico-sdk/sdk/2.2.0/src/rp2_common/pico_printf/printf.c.obj
 *fill*         0x10002362        0x6 
 .text._etoa    0x10002368      0x420 CMakeFiles/ControlBoard_Code.dir/C_/Users/Nicholas/.pico-sdk/sdk/2.2.0/src/rp2_common/pico_printf/printf.c.obj
 .text._ftoa    0x10002788      0x398 CMakeFiles/ControlBoard_Code.dir/C_/Users/Nicholas/.pico-sdk/sdk/2.2.0/src/rp2_common/pico_printf/printf.c.obj
 .text._vsnprintf
                0x10002b20      0x6d8 CMakeFiles/ControlBoard_Code.dir/C_/Users/Nicholas/.pico-sdk/sdk/2.2.0/src/rp2_common/pico_printf/printf.c.obj
 .text.__wrap_snprintf
                0x100031f8       0x28 CMakeFiles/ControlBoard_Code.dir/C_/Users/Nicholas/.pico-sdk/sdk/2.2.0/src/rp2_common/pico_printf/printf.c.obj
                0x100031f8                __wrap_snprintf
 .text.vfctprintf
                0x10003220       0x24 CMakeFiles/ControlBoard_Code.dir/C_/Users/Nicholas/.pico-sdk/sdk/2.2.0/src/rp2_common/pico_printf/printf.c.obj
                0x10003220                vfctprintf
 .text._exit    0x10003244        0x4 CMakeFiles/ControlBoard_Code.dir/C_/Users/Nicholas/.pico-sdk/sdk/2.2.0/src/rp2_common/pico_clib_interface/newlib_interface.c.obj
                0x10003244                _exit
 .text.exit     0x10003248        0x6 CMakeFiles/ControlBoard_Code.dir/C_/Users/Nicholas/.pico-sdk/sdk/2.2.0/src/rp2_common/pico_clib_interface/newlib_interface.c.obj
                0x10003248                exit
 *fill*         0x1000324e        0x2 
 .text.__assert_func
                0x10003250       0x34 CMakeFiles/ControlBoard_Code.dir/C_/Users/Nicholas/.pico-sdk/sdk/2.2.0/src/rp2_common/pico_clib_interface/newlib_interface.c.obj
                0x10003250                __assert_func
 .text.runtime_init
                0x10003284       0x2c CMakeFiles/ControlBoard_Code.dir/C_/Users/Nicholas/.pico-sdk/sdk/2.2.0/src/rp2_common/pico_clib_interface/newlib_interface.c.obj
                0x10003284                runtime_init
 .text.stdio_out_chars_no_crlf
                0x100032b0        0xe CMakeFiles/ControlBoard_Code.dir/C_/Users/Nicholas/.pico-sdk/sdk/2.2.0/src/rp2_common/pico_stdio/stdio.c.obj
 *fill*         0x100032be        0x2 
 .text.stdio_out_chars_crlf
                0x100032c0       0x80 CMakeFiles/ControlBoard_Code.dir/C_/Users/Nicholas/.pico-sdk/sdk/2.2.0/src/rp2_common/pico_stdio/stdio.c.obj
 .text.stdio_stack_buffer_flush
                0x10003340       0x40 CMakeFiles/ControlBoard_Code.dir/C_/Users/Nicholas/.pico-sdk/sdk/2.2.0/src/rp2_common/pico_stdio/stdio.c.obj
 .text.stdio_buffered_printer
                0x10003380       0x20 CMakeFiles/ControlBoard_Code.dir/C_/Users/Nicholas/.pico-sdk/sdk/2.2.0/src/rp2_common/pico_stdio/stdio.c.obj
 .text.stdout_serialize_begin
                0x100033a0       0x2c CMakeFiles/ControlBoard_Code.dir/C_/Users/Nicholas/.pico-sdk/sdk/2.2.0/src/rp2_common/pico_stdio/stdio.c.obj
                0x100033a0                stdout_serialize_begin
 .text.stdout_serialize_end
                0x100033cc       0x10 CMakeFiles/ControlBoard_Code.dir/C_/Users/Nicholas/.pico-sdk/sdk/2.2.0/src/rp2_common/pico_stdio/stdio.c.obj
                0x100033cc                stdout_serialize_end
 .text.stdio_put_string
                0x100033dc       0x8c CMakeFiles/ControlBoard_Code.dir/C_/Users/Nicholas/.pico-sdk/sdk/2.2.0/src/rp2_common/pico_stdio/stdio.c.obj
                0x100033dc                stdio_put_string
 .text.stdio_set_driver_enabled
                0x10003468       0x2c CMakeFiles/ControlBoard_Code.dir/C_/Users/Nicholas/.pico-sdk/sdk/2.2.0/src/rp2_common/pico_stdio/stdio.c.obj
                0x10003468                stdio_set_driver_enabled
 .text.stdio_flush
                0x10003494       0x1c CMakeFiles/ControlBoard_Code.dir/C_/Users/Nicholas/.pico-sdk/sdk/2.2.0/src/rp2_common/pico_stdio/stdio.c.obj
                0x10003494                stdio_flush
 .text.stdio_init_all
                0x100034b0        0x8 CMakeFiles/ControlBoard_Code.dir/C_/Users/Nicholas/.pico-sdk/sdk/2.2.0/src/rp2_common/pico_stdio/stdio.c.obj
                0x100034b0                stdio_init_all
 .text.__wrap_puts
                0x100034b8       0x1e CMakeFiles/ControlBoard_Code.dir/C_/Users/Nicholas/.pico-sdk/sdk/2.2.0/src/rp2_common/pico_stdio/stdio.c.obj
                0x100034b8                stdio_puts
                0x100034b8                __wrap_puts
 *fill*         0x100034d6        0x2 
 .text.__wrap_vprintf
                0x100034d8       0x40 CMakeFiles/ControlBoard_Code.dir/C_/Users/Nicholas/.pico-sdk/sdk/2.2.0/src/rp2_common/pico_stdio/stdio.c.obj
                0x100034d8                stdio_vprintf
                0x100034d8                __wrap_vprintf
 .text.__wrap_printf
                0x10003518       0x1c CMakeFiles/ControlBoard_Code.dir/C_/Users/Nicholas/.pico-sdk/sdk/2.2.0/src/rp2_common/pico_stdio/stdio.c.obj
                0x10003518                __wrap_printf
                0x10003518                stdio_printf
 .text.resetd_init
                0x10003534        0x2 CMakeFiles/ControlBoard_Code.dir/C_/Users/Nicholas/.pico-sdk/sdk/2.2.0/src/rp2_common/pico_stdio_usb/reset_interface.c.obj
 *fill*         0x10003536        0x2 
 .text.resetd_reset
                0x10003538        0xc CMakeFiles/ControlBoard_Code.dir/C_/Users/Nicholas/.pico-sdk/sdk/2.2.0/src/rp2_common/pico_stdio_usb/reset_interface.c.obj
 .text.resetd_open
                0x10003544       0x34 CMakeFiles/ControlBoard_Code.dir/C_/Users/Nicholas/.pico-sdk/sdk/2.2.0/src/rp2_common/pico_stdio_usb/reset_interface.c.obj
 .text.resetd_xfer_cb
                0x10003578        0x4 CMakeFiles/ControlBoard_Code.dir/C_/Users/Nicholas/.pico-sdk/sdk/2.2.0/src/rp2_common/pico_stdio_usb/reset_interface.c.obj
 .text.resetd_control_xfer_cb
                0x1000357c       0x54 CMakeFiles/ControlBoard_Code.dir/C_/Users/Nicholas/.pico-sdk/sdk/2.2.0/src/rp2_common/pico_stdio_usb/reset_interface.c.obj
 .text.tud_descriptor_bos_cb
                0x100035d0        0x8 CMakeFiles/ControlBoard_Code.dir/C_/Users/Nicholas/.pico-sdk/sdk/2.2.0/src/rp2_common/pico_stdio_usb/reset_interface.c.obj
                0x100035d0                tud_descriptor_bos_cb
 .text.tud_vendor_control_xfer_cb
                0x100035d8       0x30 CMakeFiles/ControlBoard_Code.dir/C_/Users/Nicholas/.pico-sdk/sdk/2.2.0/src/rp2_common/pico_stdio_usb/reset_interface.c.obj
                0x100035d8                tud_vendor_control_xfer_cb
 .text.usbd_app_driver_get_cb
                0x10003608        0xc CMakeFiles/ControlBoard_Code.dir/C_/Users/Nicholas/.pico-sdk/sdk/2.2.0/src/rp2_common/pico_stdio_usb/reset_interface.c.obj
                0x10003608                usbd_app_driver_get_cb
 .text.tud_cdc_line_coding_cb
                0x10003614       0x18 CMakeFiles/ControlBoard_Code.dir/C_/Users/Nicholas/.pico-sdk/sdk/2.2.0/src/rp2_common/pico_stdio_usb/reset_interface.c.obj
                0x10003614                tud_cdc_line_coding_cb
 .text.stdio_usb_set_chars_available_callback
                0x1000362c       0x14 CMakeFiles/ControlBoard_Code.dir/C_/Users/Nicholas/.pico-sdk/sdk/2.2.0/src/rp2_common/pico_stdio_usb/stdio_usb.c.obj
                0x1000362c                stdio_usb_set_chars_available_callback
 .text.stdio_usb_out_flush
                0x10003640       0x48 CMakeFiles/ControlBoard_Code.dir/C_/Users/Nicholas/.pico-sdk/sdk/2.2.0/src/rp2_common/pico_stdio_usb/stdio_usb.c.obj
 .text.timer_task
                0x10003688       0x70 CMakeFiles/ControlBoard_Code.dir/C_/Users/Nicholas/.pico-sdk/sdk/2.2.0/src/rp2_common/pico_stdio_usb/stdio_usb.c.obj
 .text.usb_irq  0x100036f8       0x10 CMakeFiles/ControlBoard_Code.dir/C_/Users/Nicholas/.pico-sdk/sdk/2.2.0/src/rp2_common/pico_stdio_usb/stdio_usb.c.obj
 .text.alarm_pool_add_alarm_in_us
                0x10003708       0x3a CMakeFiles/ControlBoard_Code.dir/C_/Users/Nicholas/.pico-sdk/sdk/2.2.0/src/rp2_common/pico_stdio_usb/stdio_usb.c.obj
 .text.add_alarm_in_us
                0x10003742       0x26 CMakeFiles/ControlBoard_Code.dir/C_/Users/Nicholas/.pico-sdk/sdk/2.2.0/src/rp2_common/pico_stdio_usb/stdio_usb.c.obj
 .text.low_priority_worker_irq
                0x10003768       0xa8 CMakeFiles/ControlBoard_Code.dir/C_/Users/Nicholas/.pico-sdk/sdk/2.2.0/src/rp2_common/pico_stdio_usb/stdio_usb.c.obj
 .text.stdio_usb_init
                0x10003810       0xd4 CMakeFiles/ControlBoard_Code.dir/C_/Users/Nicholas/.pico-sdk/sdk/2.2.0/src/rp2_common/pico_stdio_usb/stdio_usb.c.obj
                0x10003810                stdio_usb_init
 .text.stdio_usb_connected
                0x100038e4        0xa CMakeFiles/ControlBoard_Code.dir/C_/Users/Nicholas/.pico-sdk/sdk/2.2.0/src/rp2_common/pico_stdio_usb/stdio_usb.c.obj
                0x100038e4                stdio_usb_connected
 *fill*         0x100038ee        0x2 
 .text.stdio_usb_in_chars
                0x100038f0       0x8c CMakeFiles/ControlBoard_Code.dir/C_/Users/Nicholas/.pico-sdk/sdk/2.2.0/src/rp2_common/pico_stdio_usb/stdio_usb.c.obj
                0x100038f0                stdio_usb_in_chars
 .text.stdio_usb_out_chars
                0x1000397c       0xd4 CMakeFiles/ControlBoard_Code.dir/C_/Users/Nicholas/.pico-sdk/sdk/2.2.0/src/rp2_common/pico_stdio_usb/stdio_usb.c.obj
 .text.tud_descriptor_device_cb
                0x10003a50        0x8 CMakeFiles/ControlBoard_Code.dir/C_/Users/Nicholas/.pico-sdk/sdk/2.2.0/src/rp2_common/pico_stdio_usb/stdio_usb_descriptors.c.obj
                0x10003a50                tud_descriptor_device_cb
 .text.tud_descriptor_configuration_cb
                0x10003a58        0x8 CMakeFiles/ControlBoard_Code.dir/C_/Users/Nicholas/.pico-sdk/sdk/2.2.0/src/rp2_common/pico_stdio_usb/stdio_usb_descriptors.c.obj
                0x10003a58                tud_descriptor_configuration_cb
 .text.tud_descriptor_string_cb
                0x10003a60       0x64 CMakeFiles/ControlBoard_Code.dir/C_/Users/Nicholas/.pico-sdk/sdk/2.2.0/src/rp2_common/pico_stdio_usb/stdio_usb_descriptors.c.obj
                0x10003a60                tud_descriptor_string_cb
 .text._retrieve_unique_id_on_boot
                0x10003ac4       0x58 CMakeFiles/ControlBoard_Code.dir/C_/Users/Nicholas/.pico-sdk/sdk/2.2.0/src/rp2_common/pico_unique_id/unique_id.c.obj
 .text.pico_get_unique_board_id_string
                0x10003b1c       0x5c CMakeFiles/ControlBoard_Code.dir/C_/Users/Nicholas/.pico-sdk/sdk/2.2.0/src/rp2_common/pico_unique_id/unique_id.c.obj
                0x10003b1c                pico_get_unique_board_id_string
 .text.hw_endpoint_init
                0x10003b78       0xbc CMakeFiles/ControlBoard_Code.dir/C_/Users/Nicholas/.pico-sdk/sdk/2.2.0/lib/tinyusb/src/portable/raspberrypi/rp2040/dcd_rp2040.c.obj
 .text.hw_endpoint_alloc
                0x10003c34       0x48 CMakeFiles/ControlBoard_Code.dir/C_/Users/Nicholas/.pico-sdk/sdk/2.2.0/lib/tinyusb/src/portable/raspberrypi/rp2040/dcd_rp2040.c.obj
 .text.hw_endpoint_open
                0x10003c7c       0x44 CMakeFiles/ControlBoard_Code.dir/C_/Users/Nicholas/.pico-sdk/sdk/2.2.0/lib/tinyusb/src/portable/raspberrypi/rp2040/dcd_rp2040.c.obj
 .text.hw_endpoint_xfer
                0x10003cc0       0x1c CMakeFiles/ControlBoard_Code.dir/C_/Users/Nicholas/.pico-sdk/sdk/2.2.0/lib/tinyusb/src/portable/raspberrypi/rp2040/dcd_rp2040.c.obj
 .text.dcd_int_enable
                0x10003cdc       0x28 CMakeFiles/ControlBoard_Code.dir/C_/Users/Nicholas/.pico-sdk/sdk/2.2.0/lib/tinyusb/src/portable/raspberrypi/rp2040/dcd_rp2040.c.obj
                0x10003cdc                dcd_int_enable
 .text.dcd_set_address
                0x10003d04       0x2c CMakeFiles/ControlBoard_Code.dir/C_/Users/Nicholas/.pico-sdk/sdk/2.2.0/lib/tinyusb/src/portable/raspberrypi/rp2040/dcd_rp2040.c.obj
                0x10003d04                dcd_set_address
 .text.dcd_connect
                0x10003d30       0x10 CMakeFiles/ControlBoard_Code.dir/C_/Users/Nicholas/.pico-sdk/sdk/2.2.0/lib/tinyusb/src/portable/raspberrypi/rp2040/dcd_rp2040.c.obj
                0x10003d30                dcd_connect
 .text.dcd_init
                0x10003d40       0x84 CMakeFiles/ControlBoard_Code.dir/C_/Users/Nicholas/.pico-sdk/sdk/2.2.0/lib/tinyusb/src/portable/raspberrypi/rp2040/dcd_rp2040.c.obj
                0x10003d40                dcd_init
 .text.dcd_sof_enable
                0x10003dc4       0x1c CMakeFiles/ControlBoard_Code.dir/C_/Users/Nicholas/.pico-sdk/sdk/2.2.0/lib/tinyusb/src/portable/raspberrypi/rp2040/dcd_rp2040.c.obj
                0x10003dc4                dcd_sof_enable
 .text.dcd_edpt0_status_complete
                0x10003de0       0x20 CMakeFiles/ControlBoard_Code.dir/C_/Users/Nicholas/.pico-sdk/sdk/2.2.0/lib/tinyusb/src/portable/raspberrypi/rp2040/dcd_rp2040.c.obj
                0x10003de0                dcd_edpt0_status_complete
 .text.dcd_edpt_open
                0x10003e00       0x22 CMakeFiles/ControlBoard_Code.dir/C_/Users/Nicholas/.pico-sdk/sdk/2.2.0/lib/tinyusb/src/portable/raspberrypi/rp2040/dcd_rp2040.c.obj
                0x10003e00                dcd_edpt_open
 .text.dcd_edpt_close_all
                0x10003e22        0x8 CMakeFiles/ControlBoard_Code.dir/C_/Users/Nicholas/.pico-sdk/sdk/2.2.0/lib/tinyusb/src/portable/raspberrypi/rp2040/dcd_rp2040.c.obj
                0x10003e22                dcd_edpt_close_all
 *fill*         0x10003e2a        0x2 
 .text.dcd_edpt_xfer
                0x10003e2c       0x2c CMakeFiles/ControlBoard_Code.dir/C_/Users/Nicholas/.pico-sdk/sdk/2.2.0/lib/tinyusb/src/portable/raspberrypi/rp2040/dcd_rp2040.c.obj
                0x10003e2c                dcd_edpt_xfer
 .text.dcd_edpt_stall
                0x10003e58       0x38 CMakeFiles/ControlBoard_Code.dir/C_/Users/Nicholas/.pico-sdk/sdk/2.2.0/lib/tinyusb/src/portable/raspberrypi/rp2040/dcd_rp2040.c.obj
                0x10003e58                dcd_edpt_stall
 .text.dcd_edpt_clear_stall
                0x10003e90       0x28 CMakeFiles/ControlBoard_Code.dir/C_/Users/Nicholas/.pico-sdk/sdk/2.2.0/lib/tinyusb/src/portable/raspberrypi/rp2040/dcd_rp2040.c.obj
                0x10003e90                dcd_edpt_clear_stall
 .text.unaligned_memcpy
                0x10003eb8       0x14 CMakeFiles/ControlBoard_Code.dir/C_/Users/Nicholas/.pico-sdk/sdk/2.2.0/lib/tinyusb/src/portable/raspberrypi/rp2040/rp2040_usb.c.obj
 .text.rp2040_usb_init
                0x10003ecc       0x40 CMakeFiles/ControlBoard_Code.dir/C_/Users/Nicholas/.pico-sdk/sdk/2.2.0/lib/tinyusb/src/portable/raspberrypi/rp2040/rp2040_usb.c.obj
                0x10003ecc                rp2040_usb_init
 .text.hw_endpoint_xfer_start
                0x10003f0c       0x58 CMakeFiles/ControlBoard_Code.dir/C_/Users/Nicholas/.pico-sdk/sdk/2.2.0/lib/tinyusb/src/portable/raspberrypi/rp2040/rp2040_usb.c.obj
                0x10003f0c                hw_endpoint_xfer_start
 .text.configuration_reset
                0x10003f64       0x90 CMakeFiles/ControlBoard_Code.dir/C_/Users/Nicholas/.pico-sdk/sdk/2.2.0/lib/tinyusb/src/device/usbd.c.obj
 .text.usbd_reset
                0x10003ff4        0xc CMakeFiles/ControlBoard_Code.dir/C_/Users/Nicholas/.pico-sdk/sdk/2.2.0/lib/tinyusb/src/device/usbd.c.obj
 .text.invoke_class_control
                0x10004000       0x1a CMakeFiles/ControlBoard_Code.dir/C_/Users/Nicholas/.pico-sdk/sdk/2.2.0/lib/tinyusb/src/device/usbd.c.obj
 *fill*         0x1000401a        0x2 
 .text.process_set_config
                0x1000401c      0x1cc CMakeFiles/ControlBoard_Code.dir/C_/Users/Nicholas/.pico-sdk/sdk/2.2.0/lib/tinyusb/src/device/usbd.c.obj
 .text.tud_event_hook_cb
                0x100041e8        0x2 CMakeFiles/ControlBoard_Code.dir/C_/Users/Nicholas/.pico-sdk/sdk/2.2.0/lib/tinyusb/src/device/usbd.c.obj
                0x100041e8                tud_event_hook_cb
 .text.tud_sof_cb
                0x100041ea        0x2 CMakeFiles/ControlBoard_Code.dir/C_/Users/Nicholas/.pico-sdk/sdk/2.2.0/lib/tinyusb/src/device/usbd.c.obj
                0x100041ea                tud_sof_cb
 .text.tud_descriptor_device_qualifier_cb
                0x100041ec        0x4 CMakeFiles/ControlBoard_Code.dir/C_/Users/Nicholas/.pico-sdk/sdk/2.2.0/lib/tinyusb/src/device/usbd.c.obj
                0x100041ec                tud_descriptor_device_qualifier_cb
 .text.tud_descriptor_other_speed_configuration_cb
                0x100041f0        0x4 CMakeFiles/ControlBoard_Code.dir/C_/Users/Nicholas/.pico-sdk/sdk/2.2.0/lib/tinyusb/src/device/usbd.c.obj
                0x100041f0                tud_descriptor_other_speed_configuration_cb
 .text.process_get_descriptor
                0x100041f4       0xf8 CMakeFiles/ControlBoard_Code.dir/C_/Users/Nicholas/.pico-sdk/sdk/2.2.0/lib/tinyusb/src/device/usbd.c.obj
 .text.tud_mount_cb
                0x100042ec        0x2 CMakeFiles/ControlBoard_Code.dir/C_/Users/Nicholas/.pico-sdk/sdk/2.2.0/lib/tinyusb/src/device/usbd.c.obj
                0x100042ec                tud_mount_cb
 .text.tud_umount_cb
                0x100042ee        0x2 CMakeFiles/ControlBoard_Code.dir/C_/Users/Nicholas/.pico-sdk/sdk/2.2.0/lib/tinyusb/src/device/usbd.c.obj
                0x100042ee                tud_umount_cb
 .text.tud_suspend_cb
                0x100042f0        0x2 CMakeFiles/ControlBoard_Code.dir/C_/Users/Nicholas/.pico-sdk/sdk/2.2.0/lib/tinyusb/src/device/usbd.c.obj
                0x100042f0                tud_suspend_cb
 .text.tud_resume_cb
                0x100042f2        0x2 CMakeFiles/ControlBoard_Code.dir/C_/Users/Nicholas/.pico-sdk/sdk/2.2.0/lib/tinyusb/src/device/usbd.c.obj
                0x100042f2                tud_resume_cb
 .text.tud_mounted
                0x100042f4       0x14 CMakeFiles/ControlBoard_Code.dir/C_/Users/Nicholas/.pico-sdk/sdk/2.2.0/lib/tinyusb/src/device/usbd.c.obj
                0x100042f4                tud_mounted
 .text.tud_suspended
                0x10004308       0x10 CMakeFiles/ControlBoard_Code.dir/C_/Users/Nicholas/.pico-sdk/sdk/2.2.0/lib/tinyusb/src/device/usbd.c.obj
                0x10004308                tud_suspended
 .text.tud_inited
                0x10004318       0x10 CMakeFiles/ControlBoard_Code.dir/C_/Users/Nicholas/.pico-sdk/sdk/2.2.0/lib/tinyusb/src/device/usbd.c.obj
                0x10004318                tud_inited
 .text.tud_rhport_init
                0x10004328      0x128 CMakeFiles/ControlBoard_Code.dir/C_/Users/Nicholas/.pico-sdk/sdk/2.2.0/lib/tinyusb/src/device/usbd.c.obj
                0x10004328                tud_rhport_init
 .text.usbd_edpt_open
                0x10004450       0x7c CMakeFiles/ControlBoard_Code.dir/C_/Users/Nicholas/.pico-sdk/sdk/2.2.0/lib/tinyusb/src/device/usbd.c.obj
                0x10004450                usbd_edpt_open
 .text.usbd_open_edpt_pair
                0x100044cc       0xa4 CMakeFiles/ControlBoard_Code.dir/C_/Users/Nicholas/.pico-sdk/sdk/2.2.0/lib/tinyusb/src/device/usbd.c.obj
                0x100044cc                usbd_open_edpt_pair
 .text.usbd_edpt_claim
                0x10004570       0x28 CMakeFiles/ControlBoard_Code.dir/C_/Users/Nicholas/.pico-sdk/sdk/2.2.0/lib/tinyusb/src/device/usbd.c.obj
                0x10004570                usbd_edpt_claim
 .text.usbd_edpt_release
                0x10004598       0x28 CMakeFiles/ControlBoard_Code.dir/C_/Users/Nicholas/.pico-sdk/sdk/2.2.0/lib/tinyusb/src/device/usbd.c.obj
                0x10004598                usbd_edpt_release
 .text.usbd_edpt_xfer
                0x100045c0       0x90 CMakeFiles/ControlBoard_Code.dir/C_/Users/Nicholas/.pico-sdk/sdk/2.2.0/lib/tinyusb/src/device/usbd.c.obj
                0x100045c0                usbd_edpt_xfer
 .text.usbd_edpt_stall
                0x10004650       0x3c CMakeFiles/ControlBoard_Code.dir/C_/Users/Nicholas/.pico-sdk/sdk/2.2.0/lib/tinyusb/src/device/usbd.c.obj
                0x10004650                usbd_edpt_stall
 .text.usbd_edpt_clear_stall
                0x1000468c       0x3c CMakeFiles/ControlBoard_Code.dir/C_/Users/Nicholas/.pico-sdk/sdk/2.2.0/lib/tinyusb/src/device/usbd.c.obj
                0x1000468c                usbd_edpt_clear_stall
 .text.usbd_edpt_stalled
                0x100046c8       0x1c CMakeFiles/ControlBoard_Code.dir/C_/Users/Nicholas/.pico-sdk/sdk/2.2.0/lib/tinyusb/src/device/usbd.c.obj
                0x100046c8                usbd_edpt_stalled
 .text.process_control_request
                0x100046e4      0x404 CMakeFiles/ControlBoard_Code.dir/C_/Users/Nicholas/.pico-sdk/sdk/2.2.0/lib/tinyusb/src/device/usbd.c.obj
 .text.tud_task_ext
                0x10004ae8      0x250 CMakeFiles/ControlBoard_Code.dir/C_/Users/Nicholas/.pico-sdk/sdk/2.2.0/lib/tinyusb/src/device/usbd.c.obj
                0x10004ae8                tud_task_ext
 .text.status_stage_xact
                0x10004d38       0x1a CMakeFiles/ControlBoard_Code.dir/C_/Users/Nicholas/.pico-sdk/sdk/2.2.0/lib/tinyusb/src/device/usbd_control.c.obj
 *fill*         0x10004d52        0x2 
 .text.data_stage_xact
                0x10004d54       0x5c CMakeFiles/ControlBoard_Code.dir/C_/Users/Nicholas/.pico-sdk/sdk/2.2.0/lib/tinyusb/src/device/usbd_control.c.obj
 .text.tud_control_status
                0x10004db0       0x28 CMakeFiles/ControlBoard_Code.dir/C_/Users/Nicholas/.pico-sdk/sdk/2.2.0/lib/tinyusb/src/device/usbd_control.c.obj
                0x10004db0                tud_control_status
 .text.tud_control_xfer
                0x10004dd8       0xac CMakeFiles/ControlBoard_Code.dir/C_/Users/Nicholas/.pico-sdk/sdk/2.2.0/lib/tinyusb/src/device/usbd_control.c.obj
                0x10004dd8                tud_control_xfer
 .text.usbd_control_reset
                0x10004e84       0x14 CMakeFiles/ControlBoard_Code.dir/C_/Users/Nicholas/.pico-sdk/sdk/2.2.0/lib/tinyusb/src/device/usbd_control.c.obj
                0x10004e84                usbd_control_reset
 .text.usbd_control_set_complete_callback
                0x10004e98        0xc CMakeFiles/ControlBoard_Code.dir/C_/Users/Nicholas/.pico-sdk/sdk/2.2.0/lib/tinyusb/src/device/usbd_control.c.obj
                0x10004e98                usbd_control_set_complete_callback
 .text.usbd_control_set_request
                0x10004ea4       0x1c CMakeFiles/ControlBoard_Code.dir/C_/Users/Nicholas/.pico-sdk/sdk/2.2.0/lib/tinyusb/src/device/usbd_control.c.obj
                0x10004ea4                usbd_control_set_request
 .text.usbd_control_xfer_cb
                0x10004ec0      0x10c CMakeFiles/ControlBoard_Code.dir/C_/Users/Nicholas/.pico-sdk/sdk/2.2.0/lib/tinyusb/src/device/usbd_control.c.obj
                0x10004ec0                usbd_control_xfer_cb
 .text._prep_out_transaction
                0x10004fcc       0x94 CMakeFiles/ControlBoard_Code.dir/C_/Users/Nicholas/.pico-sdk/sdk/2.2.0/lib/tinyusb/src/class/cdc/cdc_device.c.obj
 .text.tud_cdc_n_connected
                0x10005060       0x34 CMakeFiles/ControlBoard_Code.dir/C_/Users/Nicholas/.pico-sdk/sdk/2.2.0/lib/tinyusb/src/class/cdc/cdc_device.c.obj
                0x10005060                tud_cdc_n_connected
 .text.tud_cdc_n_available
                0x10005094       0x18 CMakeFiles/ControlBoard_Code.dir/C_/Users/Nicholas/.pico-sdk/sdk/2.2.0/lib/tinyusb/src/class/cdc/cdc_device.c.obj
                0x10005094                tud_cdc_n_available
 .text.tud_cdc_n_read
                0x100050ac       0x34 CMakeFiles/ControlBoard_Code.dir/C_/Users/Nicholas/.pico-sdk/sdk/2.2.0/lib/tinyusb/src/class/cdc/cdc_device.c.obj
                0x100050ac                tud_cdc_n_read
 .text.tud_cdc_n_write_flush
                0x100050e0       0xb8 CMakeFiles/ControlBoard_Code.dir/C_/Users/Nicholas/.pico-sdk/sdk/2.2.0/lib/tinyusb/src/class/cdc/cdc_device.c.obj
                0x100050e0                tud_cdc_n_write_flush
 .text.tud_cdc_n_write
                0x10005198       0x44 CMakeFiles/ControlBoard_Code.dir/C_/Users/Nicholas/.pico-sdk/sdk/2.2.0/lib/tinyusb/src/class/cdc/cdc_device.c.obj
                0x10005198                tud_cdc_n_write
 .text.tud_cdc_n_write_available
                0x100051dc       0x1c CMakeFiles/ControlBoard_Code.dir/C_/Users/Nicholas/.pico-sdk/sdk/2.2.0/lib/tinyusb/src/class/cdc/cdc_device.c.obj
                0x100051dc                tud_cdc_n_write_available
 .text.cdcd_init
                0x100051f8       0xa4 CMakeFiles/ControlBoard_Code.dir/C_/Users/Nicholas/.pico-sdk/sdk/2.2.0/lib/tinyusb/src/class/cdc/cdc_device.c.obj
                0x100051f8                cdcd_init
 .text.cdcd_deinit
                0x1000529c       0x40 CMakeFiles/ControlBoard_Code.dir/C_/Users/Nicholas/.pico-sdk/sdk/2.2.0/lib/tinyusb/src/class/cdc/cdc_device.c.obj
                0x1000529c                cdcd_deinit
 .text.cdcd_reset
                0x100052dc       0x78 CMakeFiles/ControlBoard_Code.dir/C_/Users/Nicholas/.pico-sdk/sdk/2.2.0/lib/tinyusb/src/class/cdc/cdc_device.c.obj
                0x100052dc                cdcd_reset
 .text.cdcd_open
                0x10005354      0x124 CMakeFiles/ControlBoard_Code.dir/C_/Users/Nicholas/.pico-sdk/sdk/2.2.0/lib/tinyusb/src/class/cdc/cdc_device.c.obj
                0x10005354                cdcd_open
 .text.cdcd_control_xfer_cb
                0x10005478      0x120 CMakeFiles/ControlBoard_Code.dir/C_/Users/Nicholas/.pico-sdk/sdk/2.2.0/lib/tinyusb/src/class/cdc/cdc_device.c.obj
                0x10005478                cdcd_control_xfer_cb
 .text.cdcd_xfer_cb
                0x10005598      0x138 CMakeFiles/ControlBoard_Code.dir/C_/Users/Nicholas/.pico-sdk/sdk/2.2.0/lib/tinyusb/src/class/cdc/cdc_device.c.obj
                0x10005598                cdcd_xfer_cb
 .text.tud_vendor_n_mounted
                0x100056d0       0x30 CMakeFiles/ControlBoard_Code.dir/C_/Users/Nicholas/.pico-sdk/sdk/2.2.0/lib/tinyusb/src/class/vendor/vendor_device.c.obj
                0x100056d0                tud_vendor_n_mounted
 .text.tud_vendor_n_write_flush
                0x10005700       0x20 CMakeFiles/ControlBoard_Code.dir/C_/Users/Nicholas/.pico-sdk/sdk/2.2.0/lib/tinyusb/src/class/vendor/vendor_device.c.obj
                0x10005700                tud_vendor_n_write_flush
 .text.vendord_init
                0x10005720       0x90 CMakeFiles/ControlBoard_Code.dir/C_/Users/Nicholas/.pico-sdk/sdk/2.2.0/lib/tinyusb/src/class/vendor/vendor_device.c.obj
                0x10005720                vendord_init
 .text.vendord_deinit
                0x100057b0       0x30 CMakeFiles/ControlBoard_Code.dir/C_/Users/Nicholas/.pico-sdk/sdk/2.2.0/lib/tinyusb/src/class/vendor/vendor_device.c.obj
                0x100057b0                vendord_deinit
 .text.vendord_reset
                0x100057e0       0x48 CMakeFiles/ControlBoard_Code.dir/C_/Users/Nicholas/.pico-sdk/sdk/2.2.0/lib/tinyusb/src/class/vendor/vendor_device.c.obj
                0x100057e0                vendord_reset
 .text.vendord_open
                0x10005828      0x144 CMakeFiles/ControlBoard_Code.dir/C_/Users/Nicholas/.pico-sdk/sdk/2.2.0/lib/tinyusb/src/class/vendor/vendor_device.c.obj
                0x10005828                vendord_open
 .text.vendord_xfer_cb
                0x1000596c       0xb8 CMakeFiles/ControlBoard_Code.dir/C_/Users/Nicholas/.pico-sdk/sdk/2.2.0/lib/tinyusb/src/class/vendor/vendor_device.c.obj
                0x1000596c                vendord_xfer_cb
 .text.tusb_rhport_init
                0x10005a24       0xac CMakeFiles/ControlBoard_Code.dir/C_/Users/Nicholas/.pico-sdk/sdk/2.2.0/lib/tinyusb/src/tusb.c.obj
                0x10005a24                tusb_rhport_init
 .text.tu_edpt_claim
                0x10005ad0       0x50 CMakeFiles/ControlBoard_Code.dir/C_/Users/Nicholas/.pico-sdk/sdk/2.2.0/lib/tinyusb/src/tusb.c.obj
                0x10005ad0                tu_edpt_claim
 .text.tu_edpt_release
                0x10005b20       0x3c CMakeFiles/ControlBoard_Code.dir/C_/Users/Nicholas/.pico-sdk/sdk/2.2.0/lib/tinyusb/src/tusb.c.obj
                0x10005b20                tu_edpt_release
 .text.tu_edpt_validate
                0x10005b5c       0xe0 CMakeFiles/ControlBoard_Code.dir/C_/Users/Nicholas/.pico-sdk/sdk/2.2.0/lib/tinyusb/src/tusb.c.obj
                0x10005b5c                tu_edpt_validate
 .text.tu_edpt_bind_driver
                0x10005c3c       0x4a CMakeFiles/ControlBoard_Code.dir/C_/Users/Nicholas/.pico-sdk/sdk/2.2.0/lib/tinyusb/src/tusb.c.obj
                0x10005c3c                tu_edpt_bind_driver
 .text.tu_edpt_stream_init
                0x10005c86       0x54 CMakeFiles/ControlBoard_Code.dir/C_/Users/Nicholas/.pico-sdk/sdk/2.2.0/lib/tinyusb/src/tusb.c.obj
                0x10005c86                tu_edpt_stream_init
 .text.tu_edpt_stream_deinit
                0x10005cda        0x4 CMakeFiles/ControlBoard_Code.dir/C_/Users/Nicholas/.pico-sdk/sdk/2.2.0/lib/tinyusb/src/tusb.c.obj
                0x10005cda                tu_edpt_stream_deinit
 *fill*         0x10005cde        0x2 
 .text.tu_edpt_stream_write_zlp_if_needed
                0x10005ce0       0x90 CMakeFiles/ControlBoard_Code.dir/C_/Users/Nicholas/.pico-sdk/sdk/2.2.0/lib/tinyusb/src/tusb.c.obj
                0x10005ce0                tu_edpt_stream_write_zlp_if_needed
 .text.tu_edpt_stream_write_xfer
                0x10005d70       0x98 CMakeFiles/ControlBoard_Code.dir/C_/Users/Nicholas/.pico-sdk/sdk/2.2.0/lib/tinyusb/src/tusb.c.obj
                0x10005d70                tu_edpt_stream_write_xfer
 .text.tu_edpt_stream_read_xfer
                0x10005e08      0x118 CMakeFiles/ControlBoard_Code.dir/C_/Users/Nicholas/.pico-sdk/sdk/2.2.0/lib/tinyusb/src/tusb.c.obj
                0x10005e08                tu_edpt_stream_read_xfer
 .text.advance_index
                0x10005f20       0x1a CMakeFiles/ControlBoard_Code.dir/C_/Users/Nicholas/.pico-sdk/sdk/2.2.0/lib/tinyusb/src/common/tusb_fifo.c.obj
 .text._tu_fifo_peek
                0x10005f3a       0x62 CMakeFiles/ControlBoard_Code.dir/C_/Users/Nicholas/.pico-sdk/sdk/2.2.0/lib/tinyusb/src/common/tusb_fifo.c.obj
 .text._ff_pull_n
                0x10005f9c       0x68 CMakeFiles/ControlBoard_Code.dir/C_/Users/Nicholas/.pico-sdk/sdk/2.2.0/lib/tinyusb/src/common/tusb_fifo.c.obj
 .text._tu_fifo_peek_n
                0x10006004       0x6a CMakeFiles/ControlBoard_Code.dir/C_/Users/Nicholas/.pico-sdk/sdk/2.2.0/lib/tinyusb/src/common/tusb_fifo.c.obj
 .text._tu_fifo_read_n
                0x1000606e       0x4c CMakeFiles/ControlBoard_Code.dir/C_/Users/Nicholas/.pico-sdk/sdk/2.2.0/lib/tinyusb/src/common/tusb_fifo.c.obj
 .text._ff_push_n
                0x100060ba       0x66 CMakeFiles/ControlBoard_Code.dir/C_/Users/Nicholas/.pico-sdk/sdk/2.2.0/lib/tinyusb/src/common/tusb_fifo.c.obj
 .text._tu_fifo_write_n
                0x10006120       0xf0 CMakeFiles/ControlBoard_Code.dir/C_/Users/Nicholas/.pico-sdk/sdk/2.2.0/lib/tinyusb/src/common/tusb_fifo.c.obj
 .text.tu_fifo_config
                0x10006210       0x62 CMakeFiles/ControlBoard_Code.dir/C_/Users/Nicholas/.pico-sdk/sdk/2.2.0/lib/tinyusb/src/common/tusb_fifo.c.obj
                0x10006210                tu_fifo_config
 .text.tu_fifo_count
                0x10006272       0x28 CMakeFiles/ControlBoard_Code.dir/C_/Users/Nicholas/.pico-sdk/sdk/2.2.0/lib/tinyusb/src/common/tusb_fifo.c.obj
                0x10006272                tu_fifo_count
 .text.tu_fifo_empty
                0x1000629a       0x12 CMakeFiles/ControlBoard_Code.dir/C_/Users/Nicholas/.pico-sdk/sdk/2.2.0/lib/tinyusb/src/common/tusb_fifo.c.obj
                0x1000629a                tu_fifo_empty
 .text.tu_fifo_full
                0x100062ac       0x28 CMakeFiles/ControlBoard_Code.dir/C_/Users/Nicholas/.pico-sdk/sdk/2.2.0/lib/tinyusb/src/common/tusb_fifo.c.obj
                0x100062ac                tu_fifo_full
 .text.tu_fifo_remaining
                0x100062d4       0x2c CMakeFiles/ControlBoard_Code.dir/C_/Users/Nicholas/.pico-sdk/sdk/2.2.0/lib/tinyusb/src/common/tusb_fifo.c.obj
                0x100062d4                tu_fifo_remaining
 .text.tu_fifo_read
                0x10006300       0x3e CMakeFiles/ControlBoard_Code.dir/C_/Users/Nicholas/.pico-sdk/sdk/2.2.0/lib/tinyusb/src/common/tusb_fifo.c.obj
                0x10006300                tu_fifo_read
 .text.tu_fifo_read_n
                0x1000633e        0xa CMakeFiles/ControlBoard_Code.dir/C_/Users/Nicholas/.pico-sdk/sdk/2.2.0/lib/tinyusb/src/common/tusb_fifo.c.obj
                0x1000633e                tu_fifo_read_n
 .text.tu_fifo_write
                0x10006348       0x5e CMakeFiles/ControlBoard_Code.dir/C_/Users/Nicholas/.pico-sdk/sdk/2.2.0/lib/tinyusb/src/common/tusb_fifo.c.obj
                0x10006348                tu_fifo_write
 .text.tu_fifo_write_n
                0x100063a6        0xa CMakeFiles/ControlBoard_Code.dir/C_/Users/Nicholas/.pico-sdk/sdk/2.2.0/lib/tinyusb/src/common/tusb_fifo.c.obj
                0x100063a6                tu_fifo_write_n
 .text.tu_fifo_clear
                0x100063b0       0x36 CMakeFiles/ControlBoard_Code.dir/C_/Users/Nicholas/.pico-sdk/sdk/2.2.0/lib/tinyusb/src/common/tusb_fifo.c.obj
                0x100063b0                tu_fifo_clear
 .text.tu_fifo_set_overwritable
                0x100063e6       0x3a CMakeFiles/ControlBoard_Code.dir/C_/Users/Nicholas/.pico-sdk/sdk/2.2.0/lib/tinyusb/src/common/tusb_fifo.c.obj
                0x100063e6                tu_fifo_set_overwritable
 .text.spi_unreset
                0x10006420       0x2c CMakeFiles/ControlBoard_Code.dir/C_/Users/Nicholas/.pico-sdk/sdk/2.2.0/src/rp2_common/hardware_spi/spi.c.obj
 .text.spi_set_baudrate
                0x1000644c       0x7e CMakeFiles/ControlBoard_Code.dir/C_/Users/Nicholas/.pico-sdk/sdk/2.2.0/src/rp2_common/hardware_spi/spi.c.obj
                0x1000644c                spi_set_baudrate
 *fill*         0x100064ca        0x2 
 .text.spi_init
                0x100064cc       0x68 CMakeFiles/ControlBoard_Code.dir/C_/Users/Nicholas/.pico-sdk/sdk/2.2.0/src/rp2_common/hardware_spi/spi.c.obj
                0x100064cc                spi_init
 .text.pio_get_default_sm_config
                0x10006534       0x24 CMakeFiles/ControlBoard_Code.dir/C_/Users/Nicholas/.pico-sdk/sdk/2.2.0/src/rp2_common/hardware_pio/pio.c.obj
 .text.is_gpio_compatible
                0x10006558       0x22 CMakeFiles/ControlBoard_Code.dir/C_/Users/Nicholas/.pico-sdk/sdk/2.2.0/src/rp2_common/hardware_pio/pio.c.obj
 .text.is_program_gpio_compatible
                0x1000657a        0xa CMakeFiles/ControlBoard_Code.dir/C_/Users/Nicholas/.pico-sdk/sdk/2.2.0/src/rp2_common/hardware_pio/pio.c.obj
 .text.add_program_at_offset_check
                0x10006584       0x54 CMakeFiles/ControlBoard_Code.dir/C_/Users/Nicholas/.pico-sdk/sdk/2.2.0/src/rp2_common/hardware_pio/pio.c.obj
 .text.add_program_at_offset
                0x100065d8       0x60 CMakeFiles/ControlBoard_Code.dir/C_/Users/Nicholas/.pico-sdk/sdk/2.2.0/src/rp2_common/hardware_pio/pio.c.obj
 .text.find_offset_for_program
                0x10006638       0x78 CMakeFiles/ControlBoard_Code.dir/C_/Users/Nicholas/.pico-sdk/sdk/2.2.0/src/rp2_common/hardware_pio/pio.c.obj
 .text.pio_claim_unused_sm
                0x100066b0       0x38 CMakeFiles/ControlBoard_Code.dir/C_/Users/Nicholas/.pico-sdk/sdk/2.2.0/src/rp2_common/hardware_pio/pio.c.obj
                0x100066b0                pio_claim_unused_sm
 .text.pio_add_program
                0x100066e8       0x30 CMakeFiles/ControlBoard_Code.dir/C_/Users/Nicholas/.pico-sdk/sdk/2.2.0/src/rp2_common/hardware_pio/pio.c.obj
                0x100066e8                pio_add_program
 .text.pio_sm_set_consecutive_pindirs
                0x10006718       0x9e CMakeFiles/ControlBoard_Code.dir/C_/Users/Nicholas/.pico-sdk/sdk/2.2.0/src/rp2_common/hardware_pio/pio.c.obj
                0x10006718                pio_sm_set_consecutive_pindirs
 .text.pio_sm_init
                0x100067b6       0xac CMakeFiles/ControlBoard_Code.dir/C_/Users/Nicholas/.pico-sdk/sdk/2.2.0/src/rp2_common/hardware_pio/pio.c.obj
                0x100067b6                pio_sm_init
 *fill*         0x10006862        0x2 
 .text.write_command
                0x10006864       0x58 extern/pico-st7735/lib-st7735/libst7735.a(ST7735_TFT.c.obj)
                0x10006864                write_command
 .text.write_data
                0x100068bc       0x58 extern/pico-st7735/lib-st7735/libst7735.a(ST7735_TFT.c.obj)
                0x100068bc                write_data
 .text.Rcmd1    0x10006914      0x10c extern/pico-st7735/lib-st7735/libst7735.a(ST7735_TFT.c.obj)
                0x10006914                Rcmd1
 .text.Rcmd2green
                0x10006a20       0x40 extern/pico-st7735/lib-st7735/libst7735.a(ST7735_TFT.c.obj)
                0x10006a20                Rcmd2green
 .text.Rcmd3    0x10006a60       0xe8 extern/pico-st7735/lib-st7735/libst7735.a(ST7735_TFT.c.obj)
                0x10006a60                Rcmd3
 .text.setAddrWindow
                0x10006b48       0x74 extern/pico-st7735/lib-st7735/libst7735.a(ST7735_TFT.c.obj)
                0x10006b48                setAddrWindow
 .text.fillRectangle
                0x10006bbc       0xd0 extern/pico-st7735/lib-st7735/libst7735.a(ST7735_TFT.c.obj)
                0x10006bbc                fillRectangle
 .text.fillScreen
                0x10006c8c       0x24 extern/pico-st7735/lib-st7735/libst7735.a(ST7735_TFT.c.obj)
                0x10006c8c                fillScreen
 .text.drawFastVLine
                0x10006cb0       0xb0 extern/pico-st7735/lib-st7735/libst7735.a(ST7735_TFT.c.obj)
                0x10006cb0                drawFastVLine
 .text.fillRect
                0x10006d60       0x30 extern/pico-st7735/lib-st7735/libst7735.a(ST7735_TFT.c.obj)
                0x10006d60                fillRect
 .text.drawPixel
                0x10006d90       0x3c extern/pico-st7735/lib-st7735/libst7735.a(ST7735_TFT.c.obj)
                0x10006d90                drawPixel
 .text.drawChar
                0x10006dcc       0xec extern/pico-st7735/lib-st7735/libst7735.a(ST7735_TFT.c.obj)
                0x10006dcc                drawChar
 .text.drawText
                0x10006eb8       0xa4 extern/pico-st7735/lib-st7735/libst7735.a(ST7735_TFT.c.obj)
                0x10006eb8                drawText
 .text.TFT_ResetPIN
                0x10006f5c       0x50 extern/pico-st7735/lib-st7735/libst7735.a(ST7735_TFT.c.obj)
                0x10006f5c                TFT_ResetPIN
 .text.TFT_GreenTab_Initialize
                0x10006fac       0x44 extern/pico-st7735/lib-st7735/libst7735.a(ST7735_TFT.c.obj)
                0x10006fac                TFT_GreenTab_Initialize
 .text.tft_spi_init
                0x10006ff0       0x3c extern/pico-st7735/lib-st7735/libst7735.a(hw.c.obj)
                0x10006ff0                tft_spi_init
 .text.memset   0x1000702c       0x9c C:/Users/Nicholas/.pico-sdk/toolchain/14_2_Rel1/bin/../lib/gcc/arm-none-eabi/14.2.1/thumb/v8-m.main+fp/softfp\libg.a(libc_a-memset.o)
                0x1000702c                memset
 .text          0x100070c8       0xec C:/Users/Nicholas/.pico-sdk/toolchain/14_2_Rel1/bin/../lib/gcc/arm-none-eabi/14.2.1/thumb/v8-m.main+fp/softfp\libg.a(libc_a-memcpy.o)
                0x100070c8                memcpy
 .text.strlen   0x100071b4       0x5c C:/Users/Nicholas/.pico-sdk/toolchain/14_2_Rel1/bin/../lib/gcc/arm-none-eabi/14.2.1/thumb/v8-m.main+fp/softfp\libg.a(libc_a-strlen-stub.o)
                0x100071b4                strlen
 *(.fini)
 .fini          0x10007210        0x4 C:/Users/Nicholas/.pico-sdk/toolchain/14_2_Rel1/bin/../lib/gcc/arm-none-eabi/14.2.1/thumb/v8-m.main+fp/softfp/crti.o
                0x10007210                _fini
 *fill*         0x10007214        0x4 
 .fini.__stub   0x10007218       0x60 linker stubs
 *crtbegin.o(.ctors)
 *crtbegin?.o(.ctors)
 *(EXCLUDE_FILE(*crtend.o *crtend?.o) .ctors)
 *(SORT_BY_NAME(.ctors.*))
 *(.ctors)
 *crtbegin.o(.dtors)
 *crtbegin?.o(.dtors)
 *(EXCLUDE_FILE(*crtend.o *crtend?.o) .dtors)
 *(SORT_BY_NAME(.dtors.*))
 *(.dtors)
                0x10007278                        . = ALIGN (0x4)
                0x10007278                        PROVIDE (__preinit_array_start = .)
 *(SORT_BY_NAME(.preinit_array.*))
 .preinit_array.00050
                0x10007278        0x4 CMakeFiles/ControlBoard_Code.dir/C_/Users/Nicholas/.pico-sdk/sdk/2.2.0/src/rp2_common/pico_runtime_init/runtime_init.c.obj
                0x10007278                __pre_init_runtime_init_bootrom_reset
 .preinit_array.00100
                0x1000727c        0x4 CMakeFiles/ControlBoard_Code.dir/C_/Users/Nicholas/.pico-sdk/sdk/2.2.0/src/rp2_common/pico_runtime_init/runtime_init.c.obj
                0x1000727c                __pre_init_runtime_init_early_resets
 .preinit_array.00101
                0x10007280        0x4 CMakeFiles/ControlBoard_Code.dir/C_/Users/Nicholas/.pico-sdk/sdk/2.2.0/src/rp2_common/pico_runtime_init/runtime_init.c.obj
                0x10007280                __pre_init_runtime_init_usb_power_down
 .preinit_array.00500
                0x10007284        0x4 CMakeFiles/ControlBoard_Code.dir/C_/Users/Nicholas/.pico-sdk/sdk/2.2.0/src/rp2_common/pico_runtime_init/runtime_init.c.obj
                0x10007284                __pre_init_runtime_init_clocks
 .preinit_array.00600
                0x10007288        0x4 CMakeFiles/ControlBoard_Code.dir/C_/Users/Nicholas/.pico-sdk/sdk/2.2.0/src/rp2_common/pico_runtime_init/runtime_init.c.obj
                0x10007288                __pre_init_runtime_init_post_clock_resets
 .preinit_array.01000
                0x1000728c        0x4 CMakeFiles/ControlBoard_Code.dir/C_/Users/Nicholas/.pico-sdk/sdk/2.2.0/src/rp2_common/hardware_boot_lock/boot_lock.c.obj
                0x1000728c                __pre_init_runtime_init_boot_locks_reset
 .preinit_array.01000
                0x10007290        0x4 CMakeFiles/ControlBoard_Code.dir/C_/Users/Nicholas/.pico-sdk/sdk/2.2.0/src/rp2_common/pico_runtime_init/runtime_init.c.obj
                0x10007290                __pre_init_runtime_init_spin_locks_reset
 .preinit_array.01010
                0x10007294        0x4 CMakeFiles/ControlBoard_Code.dir/C_/Users/Nicholas/.pico-sdk/sdk/2.2.0/src/rp2_common/pico_bootrom/bootrom_lock.c.obj
                0x10007294                __pre_init_runtime_init_bootrom_locking_enable
 .preinit_array.01100
                0x10007298        0x4 CMakeFiles/ControlBoard_Code.dir/C_/Users/Nicholas/.pico-sdk/sdk/2.2.0/src/common/pico_sync/mutex.c.obj
                0x10007298                __pre_init_runtime_init_mutex
 .preinit_array.10080
                0x1000729c        0x4 CMakeFiles/ControlBoard_Code.dir/C_/Users/Nicholas/.pico-sdk/sdk/2.2.0/src/rp2_common/pico_runtime_init/runtime_init.c.obj
                0x1000729c                __pre_init_runtime_init_install_ram_vector_table
 .preinit_array.11000
                0x100072a0        0x4 CMakeFiles/ControlBoard_Code.dir/C_/Users/Nicholas/.pico-sdk/sdk/2.2.0/src/common/pico_time/time.c.obj
                0x100072a0                __pre_init_runtime_init_default_alarm_pool
 .preinit_array.YYYYY
                0x100072a4        0x4 CMakeFiles/ControlBoard_Code.dir/C_/Users/Nicholas/.pico-sdk/sdk/2.2.0/src/rp2_common/pico_runtime/runtime.c.obj
                0x100072a4                __pre_init_first_per_core_initializer
 .preinit_array.ZZZZZ.00051
                0x100072a8        0x4 CMakeFiles/ControlBoard_Code.dir/C_/Users/Nicholas/.pico-sdk/sdk/2.2.0/src/rp2_common/pico_runtime_init/runtime_init.c.obj
                0x100072a8                __pre_init_runtime_init_per_core_bootrom_reset
 .preinit_array.ZZZZZ.00200
                0x100072ac        0x4 CMakeFiles/ControlBoard_Code.dir/C_/Users/Nicholas/.pico-sdk/sdk/2.2.0/src/rp2_common/pico_runtime_init/runtime_init.c.obj
                0x100072ac                __pre_init_runtime_init_per_core_enable_coprocessors
 .preinit_array.ZZZZZ.01000
                0x100072b0        0x4 CMakeFiles/ControlBoard_Code.dir/C_/Users/Nicholas/.pico-sdk/sdk/2.2.0/src/rp2_common/hardware_sync_spin_lock/sync_spin_lock.c.obj
                0x100072b0                __pre_init_spinlock_set_extexclall
 .preinit_array.ZZZZZ.01200
                0x100072b4        0x4 CMakeFiles/ControlBoard_Code.dir/C_/Users/Nicholas/.pico-sdk/sdk/2.2.0/src/rp2_common/hardware_irq/irq.c.obj
                0x100072b4                __pre_init_runtime_init_per_core_irq_priorities
 *(.preinit_array)
                0x100072b8                        PROVIDE (__preinit_array_end = .)
                0x100072b8                        . = ALIGN (0x4)
                0x100072b8                        PROVIDE (__init_array_start = .)
 *(SORT_BY_NAME(.init_array.*))
 .init_array.01000
                0x100072b8        0x4 CMakeFiles/ControlBoard_Code.dir/C_/Users/Nicholas/.pico-sdk/sdk/2.2.0/src/rp2_common/pico_unique_id/unique_id.c.obj
 *(.init_array)
 .init_array    0x100072bc        0x4 C:/Users/Nicholas/.pico-sdk/toolchain/14_2_Rel1/bin/../lib/gcc/arm-none-eabi/14.2.1/thumb/v8-m.main+fp/softfp/crtbegin.o
                0x100072c0                        PROVIDE (__init_array_end = .)
                0x100072c0                        . = ALIGN (0x4)
                [!provide]                        PROVIDE (__fini_array_start = .)
 *(SORT_BY_NAME(.fini_array.*))
 *(.fini_array)
                [!provide]                        PROVIDE (__fini_array_end = .)
 *(.eh_frame*)
 .eh_frame      0x100072c0        0x0 C:/Users/Nicholas/.pico-sdk/toolchain/14_2_Rel1/bin/../lib/gcc/arm-none-eabi/14.2.1/thumb/v8-m.main+fp/softfp/crtbegin.o
                0x100072c0                        . = ALIGN (0x4)

.glue_7         0x100072c0        0x0
 .glue_7        0x100072c0        0x0 linker stubs

.glue_7t        0x100072c0        0x0
 .glue_7t       0x100072c0        0x0 linker stubs

.vfp11_veneer   0x100072c0        0x0
 .vfp11_veneer  0x100072c0        0x0 linker stubs

.v4_bx          0x100072c0        0x0
 .v4_bx         0x100072c0        0x0 linker stubs

.iplt           0x100072c0        0x0
 .iplt          0x100072c0        0x0 C:/Users/Nicholas/.pico-sdk/toolchain/14_2_Rel1/bin/../lib/gcc/arm-none-eabi/14.2.1/thumb/v8-m.main+fp/softfp/crtbegin.o

.boot2          0x100072c0        0x0
                0x100072c0                        __boot2_start__ = .
 *(.boot2)
                0x100072c0                        __boot2_end__ = .
                0x00000001                        ASSERT (((__boot2_end__ - __boot2_start__) <= 0x100), ERROR: Pico second stage bootloader must be no more than 256 bytes in size)

.rodata         0x100072c0     0x10f8
 *(EXCLUDE_FILE(*libm.a: *libc.a:*lib_a-mem*.o *libgcc.a:) .rodata*)
 .rodata.main.str1.4
                0x100072c0      0x948 CMakeFiles/ControlBoard_Code.dir/ControlBoard_Code.c.obj
                                 0x18 (size before relaxing)
 .rodata.freq_counter_program
                0x10007c08        0x8 CMakeFiles/ControlBoard_Code.dir/ControlBoard_Code.c.obj
 .rodata.freq_counter_program_instructions
                0x10007c10        0xa CMakeFiles/ControlBoard_Code.dir/ControlBoard_Code.c.obj
 .rodata.panic.str1.4
                0x10007c1a       0x12 CMakeFiles/ControlBoard_Code.dir/C_/Users/Nicholas/.pico-sdk/sdk/2.2.0/src/rp2_common/pico_platform_panic/panic.c.obj
 .rodata.spin_lock_claim_unused.str1.4
                0x10007c1a       0x1b CMakeFiles/ControlBoard_Code.dir/C_/Users/Nicholas/.pico-sdk/sdk/2.2.0/src/rp2_common/hardware_sync/sync.c.obj
 .rodata.resolve_j_16.str1.4
                0x10007c1a       0x60 CMakeFiles/ControlBoard_Code.dir/C_/Users/Nicholas/.pico-sdk/sdk/2.2.0/src/rp2_common/hardware_irq/irq.c.obj
 .rodata.make_j_16.str1.4
                0x10007c1a       0x30 CMakeFiles/ControlBoard_Code.dir/C_/Users/Nicholas/.pico-sdk/sdk/2.2.0/src/rp2_common/hardware_irq/irq.c.obj
 .rodata.irq_set_exclusive_handler.str1.4
                0x10007c1a       0x36 CMakeFiles/ControlBoard_Code.dir/C_/Users/Nicholas/.pico-sdk/sdk/2.2.0/src/rp2_common/hardware_irq/irq.c.obj
 .rodata.irq_add_shared_handler.str1.4
                0x10007c1a       0xd2 CMakeFiles/ControlBoard_Code.dir/C_/Users/Nicholas/.pico-sdk/sdk/2.2.0/src/rp2_common/hardware_irq/irq.c.obj
 .rodata.irq_add_tail_to_free_list.str1.4
                0x10007c1a       0x3a CMakeFiles/ControlBoard_Code.dir/C_/Users/Nicholas/.pico-sdk/sdk/2.2.0/src/rp2_common/hardware_irq/irq.c.obj
 .rodata.user_irq_claim_unused.str1.4
                0x10007c1a       0x1b CMakeFiles/ControlBoard_Code.dir/C_/Users/Nicholas/.pico-sdk/sdk/2.2.0/src/rp2_common/hardware_irq/irq.c.obj
 *fill*         0x10007c1a        0x2 
 .rodata.__func__.0
                0x10007c1c       0x1a CMakeFiles/ControlBoard_Code.dir/C_/Users/Nicholas/.pico-sdk/sdk/2.2.0/src/rp2_common/hardware_irq/irq.c.obj
 *fill*         0x10007c36        0x2 
 .rodata.__func__.3
                0x10007c38        0xa CMakeFiles/ControlBoard_Code.dir/C_/Users/Nicholas/.pico-sdk/sdk/2.2.0/src/rp2_common/hardware_irq/irq.c.obj
 *fill*         0x10007c42        0x2 
 .rodata.__func__.4
                0x10007c44        0xd CMakeFiles/ControlBoard_Code.dir/C_/Users/Nicholas/.pico-sdk/sdk/2.2.0/src/rp2_common/hardware_irq/irq.c.obj
 *fill*         0x10007c51        0x3 
 .rodata.__func__.5
                0x10007c54       0x17 CMakeFiles/ControlBoard_Code.dir/C_/Users/Nicholas/.pico-sdk/sdk/2.2.0/src/rp2_common/hardware_irq/irq.c.obj
 *fill*         0x10007c6b        0x1 
 .rodata.__func__.6
                0x10007c6c       0x1a CMakeFiles/ControlBoard_Code.dir/C_/Users/Nicholas/.pico-sdk/sdk/2.2.0/src/rp2_common/hardware_irq/irq.c.obj
 .rodata.runtime_init_mutex.str1.4
                0x10007c86       0x63 CMakeFiles/ControlBoard_Code.dir/C_/Users/Nicholas/.pico-sdk/sdk/2.2.0/src/common/pico_sync/mutex.c.obj
 .rodata.str1.4
                0x10007c86       0x51 CMakeFiles/ControlBoard_Code.dir/C_/Users/Nicholas/.pico-sdk/sdk/2.2.0/src/common/pico_sync/mutex.c.obj
 *fill*         0x10007c86        0x2 
 .rodata.__func__.1
                0x10007c88        0xb CMakeFiles/ControlBoard_Code.dir/C_/Users/Nicholas/.pico-sdk/sdk/2.2.0/src/common/pico_sync/mutex.c.obj
 *fill*         0x10007c93        0x1 
 .rodata.__func__.3
                0x10007c94       0x18 CMakeFiles/ControlBoard_Code.dir/C_/Users/Nicholas/.pico-sdk/sdk/2.2.0/src/common/pico_sync/mutex.c.obj
 .rodata.__func__.6
                0x10007cac       0x13 CMakeFiles/ControlBoard_Code.dir/C_/Users/Nicholas/.pico-sdk/sdk/2.2.0/src/common/pico_sync/mutex.c.obj
 .rodata.alarm_pool_irq_handler.str1.4
                0x10007cbf       0x6e CMakeFiles/ControlBoard_Code.dir/C_/Users/Nicholas/.pico-sdk/sdk/2.2.0/src/common/pico_time/time.c.obj
 .rodata.alarm_pool_get_default.str1.4
                0x10007cbf       0x21 CMakeFiles/ControlBoard_Code.dir/C_/Users/Nicholas/.pico-sdk/sdk/2.2.0/src/common/pico_time/time.c.obj
 .rodata.sleep_until.str1.4
                0x10007cbf       0x4d CMakeFiles/ControlBoard_Code.dir/C_/Users/Nicholas/.pico-sdk/sdk/2.2.0/src/common/pico_time/time.c.obj
 *fill*         0x10007cbf        0x1 
 .rodata.__func__.1
                0x10007cc0       0x17 CMakeFiles/ControlBoard_Code.dir/C_/Users/Nicholas/.pico-sdk/sdk/2.2.0/src/common/pico_time/time.c.obj
 *fill*         0x10007cd7        0x1 
 .rodata.__func__.2
                0x10007cd8       0x17 CMakeFiles/ControlBoard_Code.dir/C_/Users/Nicholas/.pico-sdk/sdk/2.2.0/src/common/pico_time/time.c.obj
 .rodata.timer_hardware_alarm_claim.str1.4
                0x10007cef       0x22 CMakeFiles/ControlBoard_Code.dir/C_/Users/Nicholas/.pico-sdk/sdk/2.2.0/src/rp2_common/hardware_timer/timer.c.obj
 .rodata.pll_init.str1.4
                0x10007cef      0x11c CMakeFiles/ControlBoard_Code.dir/C_/Users/Nicholas/.pico-sdk/sdk/2.2.0/src/rp2_common/hardware_pll/pll.c.obj
 *fill*         0x10007cef        0x1 
 .rodata.__func__.0
                0x10007cf0        0x9 CMakeFiles/ControlBoard_Code.dir/C_/Users/Nicholas/.pico-sdk/sdk/2.2.0/src/rp2_common/hardware_pll/pll.c.obj
 .rodata.str1.4
                0x10007cf9       0x4c CMakeFiles/ControlBoard_Code.dir/C_/Users/Nicholas/.pico-sdk/sdk/2.2.0/src/rp2_common/pico_standard_binary_info/standard_binary_info.c.obj
 *fill*         0x10007cf9        0x3 
 .rodata.__bi_84
                0x10007cfc        0xc CMakeFiles/ControlBoard_Code.dir/C_/Users/Nicholas/.pico-sdk/sdk/2.2.0/src/rp2_common/pico_standard_binary_info/standard_binary_info.c.obj
 .rodata.__bi_78
                0x10007d08        0xc CMakeFiles/ControlBoard_Code.dir/C_/Users/Nicholas/.pico-sdk/sdk/2.2.0/src/rp2_common/pico_standard_binary_info/standard_binary_info.c.obj
 .rodata.__bi_60
                0x10007d14        0xc CMakeFiles/ControlBoard_Code.dir/C_/Users/Nicholas/.pico-sdk/sdk/2.2.0/src/rp2_common/pico_standard_binary_info/standard_binary_info.c.obj
 .rodata.__bi_54
                0x10007d20        0xc CMakeFiles/ControlBoard_Code.dir/C_/Users/Nicholas/.pico-sdk/sdk/2.2.0/src/rp2_common/pico_standard_binary_info/standard_binary_info.c.obj
 .rodata.__bi_48
                0x10007d2c        0xc CMakeFiles/ControlBoard_Code.dir/C_/Users/Nicholas/.pico-sdk/sdk/2.2.0/src/rp2_common/pico_standard_binary_info/standard_binary_info.c.obj
 .rodata.__bi_42
                0x10007d38        0xc CMakeFiles/ControlBoard_Code.dir/C_/Users/Nicholas/.pico-sdk/sdk/2.2.0/src/rp2_common/pico_standard_binary_info/standard_binary_info.c.obj
 .rodata.__bi_34
                0x10007d44        0xc CMakeFiles/ControlBoard_Code.dir/C_/Users/Nicholas/.pico-sdk/sdk/2.2.0/src/rp2_common/pico_standard_binary_info/standard_binary_info.c.obj
 .rodata.__bi_26
                0x10007d50        0xc CMakeFiles/ControlBoard_Code.dir/C_/Users/Nicholas/.pico-sdk/sdk/2.2.0/src/rp2_common/pico_standard_binary_info/standard_binary_info.c.obj
 .rodata._ftoa.str1.4
                0x10007d5c       0x15 CMakeFiles/ControlBoard_Code.dir/C_/Users/Nicholas/.pico-sdk/sdk/2.2.0/src/rp2_common/pico_printf/printf.c.obj
 *fill*         0x10007d5c        0x4 
 .rodata.pow10.0
                0x10007d60       0x50 CMakeFiles/ControlBoard_Code.dir/C_/Users/Nicholas/.pico-sdk/sdk/2.2.0/src/rp2_common/pico_printf/printf.c.obj
 .rodata.__assert_func.str1.4
                0x10007db0       0x43 CMakeFiles/ControlBoard_Code.dir/C_/Users/Nicholas/.pico-sdk/sdk/2.2.0/src/rp2_common/pico_clib_interface/newlib_interface.c.obj
 .rodata.crlf_str.0
                0x10007db0        0x2 CMakeFiles/ControlBoard_Code.dir/C_/Users/Nicholas/.pico-sdk/sdk/2.2.0/src/rp2_common/pico_stdio/stdio.c.obj
 *fill*         0x10007db2        0x2 
 .rodata._resetd_driver
                0x10007db4       0x20 CMakeFiles/ControlBoard_Code.dir/C_/Users/Nicholas/.pico-sdk/sdk/2.2.0/src/rp2_common/pico_stdio_usb/reset_interface.c.obj
 .rodata.desc_ms_os_20
                0x10007dd4       0xa6 CMakeFiles/ControlBoard_Code.dir/C_/Users/Nicholas/.pico-sdk/sdk/2.2.0/src/rp2_common/pico_stdio_usb/reset_interface.c.obj
 *fill*         0x10007e7a        0x2 
 .rodata.desc_bos
                0x10007e7c       0x21 CMakeFiles/ControlBoard_Code.dir/C_/Users/Nicholas/.pico-sdk/sdk/2.2.0/src/rp2_common/pico_stdio_usb/reset_interface.c.obj
                0x10007e7c                desc_bos
 .rodata.stdio_usb_init.str1.4
                0x10007e9d       0x58 CMakeFiles/ControlBoard_Code.dir/C_/Users/Nicholas/.pico-sdk/sdk/2.2.0/src/rp2_common/pico_stdio_usb/stdio_usb.c.obj
 .rodata.str1.4
                0x10007e9d       0x13 CMakeFiles/ControlBoard_Code.dir/C_/Users/Nicholas/.pico-sdk/sdk/2.2.0/src/rp2_common/pico_stdio_usb/stdio_usb.c.obj
 *fill*         0x10007e9d        0x3 
 .rodata.__bi_202.1
                0x10007ea0        0xc CMakeFiles/ControlBoard_Code.dir/C_/Users/Nicholas/.pico-sdk/sdk/2.2.0/src/rp2_common/pico_stdio_usb/stdio_usb.c.obj
 .rodata.__func__.2
                0x10007eac        0xf CMakeFiles/ControlBoard_Code.dir/C_/Users/Nicholas/.pico-sdk/sdk/2.2.0/src/rp2_common/pico_stdio_usb/stdio_usb.c.obj
 .rodata.str1.4
                0x10007ebb       0x2a CMakeFiles/ControlBoard_Code.dir/C_/Users/Nicholas/.pico-sdk/sdk/2.2.0/src/rp2_common/pico_stdio_usb/stdio_usb_descriptors.c.obj
 *fill*         0x10007ebb        0x1 
 .rodata.usbd_desc_str
                0x10007ebc       0x18 CMakeFiles/ControlBoard_Code.dir/C_/Users/Nicholas/.pico-sdk/sdk/2.2.0/src/rp2_common/pico_stdio_usb/stdio_usb_descriptors.c.obj
 .rodata.usbd_desc_cfg
                0x10007ed4       0x54 CMakeFiles/ControlBoard_Code.dir/C_/Users/Nicholas/.pico-sdk/sdk/2.2.0/src/rp2_common/pico_stdio_usb/stdio_usb_descriptors.c.obj
 .rodata.usbd_desc_device
                0x10007f28       0x12 CMakeFiles/ControlBoard_Code.dir/C_/Users/Nicholas/.pico-sdk/sdk/2.2.0/src/rp2_common/pico_stdio_usb/stdio_usb_descriptors.c.obj
 .rodata._retrieve_unique_id_on_boot.str1.4
                0x10007f3a       0x58 CMakeFiles/ControlBoard_Code.dir/C_/Users/Nicholas/.pico-sdk/sdk/2.2.0/src/rp2_common/pico_unique_id/unique_id.c.obj
 .rodata.pico_get_unique_board_id_string.str1.4
                0x10007f3a        0x8 CMakeFiles/ControlBoard_Code.dir/C_/Users/Nicholas/.pico-sdk/sdk/2.2.0/src/rp2_common/pico_unique_id/unique_id.c.obj
 *fill*         0x10007f3a        0x2 
 .rodata.__func__.0
                0x10007f3c       0x20 CMakeFiles/ControlBoard_Code.dir/C_/Users/Nicholas/.pico-sdk/sdk/2.2.0/src/rp2_common/pico_unique_id/unique_id.c.obj
 .rodata.__func__.1
                0x10007f5c       0x1c CMakeFiles/ControlBoard_Code.dir/C_/Users/Nicholas/.pico-sdk/sdk/2.2.0/src/rp2_common/pico_unique_id/unique_id.c.obj
 .rodata.hw_endpoint_alloc.str1.4
                0x10007f78       0xa3 CMakeFiles/ControlBoard_Code.dir/C_/Users/Nicholas/.pico-sdk/sdk/2.2.0/lib/tinyusb/src/portable/raspberrypi/rp2040/dcd_rp2040.c.obj
 .rodata.str1.4
                0x10007f78       0x14 CMakeFiles/ControlBoard_Code.dir/C_/Users/Nicholas/.pico-sdk/sdk/2.2.0/lib/tinyusb/src/portable/raspberrypi/rp2040/dcd_rp2040.c.obj
 .rodata.dcd_int_enable.str1.4
                0x10007f78        0xc CMakeFiles/ControlBoard_Code.dir/C_/Users/Nicholas/.pico-sdk/sdk/2.2.0/lib/tinyusb/src/portable/raspberrypi/rp2040/dcd_rp2040.c.obj
 .rodata.__func__.0
                0x10007f78        0xe CMakeFiles/ControlBoard_Code.dir/C_/Users/Nicholas/.pico-sdk/sdk/2.2.0/lib/tinyusb/src/portable/raspberrypi/rp2040/dcd_rp2040.c.obj
 *fill*         0x10007f86        0x2 
 .rodata.__func__.3
                0x10007f88       0x10 CMakeFiles/ControlBoard_Code.dir/C_/Users/Nicholas/.pico-sdk/sdk/2.2.0/lib/tinyusb/src/portable/raspberrypi/rp2040/dcd_rp2040.c.obj
 .rodata.__func__.5
                0x10007f98        0xf CMakeFiles/ControlBoard_Code.dir/C_/Users/Nicholas/.pico-sdk/sdk/2.2.0/lib/tinyusb/src/portable/raspberrypi/rp2040/dcd_rp2040.c.obj
 *fill*         0x10007fa7        0x1 
 .rodata.__func__.6
                0x10007fa8       0x12 CMakeFiles/ControlBoard_Code.dir/C_/Users/Nicholas/.pico-sdk/sdk/2.2.0/lib/tinyusb/src/portable/raspberrypi/rp2040/dcd_rp2040.c.obj
 *fill*         0x10007fba        0x2 
 .rodata.__func__.7
                0x10007fbc        0x9 CMakeFiles/ControlBoard_Code.dir/C_/Users/Nicholas/.pico-sdk/sdk/2.2.0/lib/tinyusb/src/portable/raspberrypi/rp2040/dcd_rp2040.c.obj
 .rodata.str1.4
                0x10007fc5       0xe8 CMakeFiles/ControlBoard_Code.dir/C_/Users/Nicholas/.pico-sdk/sdk/2.2.0/lib/tinyusb/src/portable/raspberrypi/rp2040/rp2040_usb.c.obj
 .rodata.hw_endpoint_xfer_start.str1.4
                0x10007fc5       0x38 CMakeFiles/ControlBoard_Code.dir/C_/Users/Nicholas/.pico-sdk/sdk/2.2.0/lib/tinyusb/src/portable/raspberrypi/rp2040/rp2040_usb.c.obj
 *fill*         0x10007fc5        0x3 
 .rodata.__func__.0
                0x10007fc8        0xf CMakeFiles/ControlBoard_Code.dir/C_/Users/Nicholas/.pico-sdk/sdk/2.2.0/lib/tinyusb/src/portable/raspberrypi/rp2040/rp2040_usb.c.obj
 .rodata.configuration_reset.str1.4
                0x10007fd7       0x17 CMakeFiles/ControlBoard_Code.dir/C_/Users/Nicholas/.pico-sdk/sdk/2.2.0/lib/tinyusb/src/device/usbd.c.obj
 *fill*         0x10007fd7        0x1 
 .rodata.__func__.3
                0x10007fd8        0xf CMakeFiles/ControlBoard_Code.dir/C_/Users/Nicholas/.pico-sdk/sdk/2.2.0/lib/tinyusb/src/device/usbd.c.obj
 *fill*         0x10007fe7        0x1 
 .rodata.__func__.4
                0x10007fe8        0xf CMakeFiles/ControlBoard_Code.dir/C_/Users/Nicholas/.pico-sdk/sdk/2.2.0/lib/tinyusb/src/device/usbd.c.obj
 *fill*         0x10007ff7        0x1 
 .rodata.__func__.5
                0x10007ff8       0x14 CMakeFiles/ControlBoard_Code.dir/C_/Users/Nicholas/.pico-sdk/sdk/2.2.0/lib/tinyusb/src/device/usbd.c.obj
 .rodata.__func__.6
                0x1000800c        0xc CMakeFiles/ControlBoard_Code.dir/C_/Users/Nicholas/.pico-sdk/sdk/2.2.0/lib/tinyusb/src/device/usbd.c.obj
 .rodata.__func__.7
                0x10008018       0x17 CMakeFiles/ControlBoard_Code.dir/C_/Users/Nicholas/.pico-sdk/sdk/2.2.0/lib/tinyusb/src/device/usbd.c.obj
 *fill*         0x1000802f        0x1 
 .rodata.__func__.8
                0x10008030       0x13 CMakeFiles/ControlBoard_Code.dir/C_/Users/Nicholas/.pico-sdk/sdk/2.2.0/lib/tinyusb/src/device/usbd.c.obj
 *fill*         0x10008043        0x1 
 .rodata.__func__.9
                0x10008044       0x18 CMakeFiles/ControlBoard_Code.dir/C_/Users/Nicholas/.pico-sdk/sdk/2.2.0/lib/tinyusb/src/device/usbd.c.obj
 .rodata.__func__.10
                0x1000805c       0x14 CMakeFiles/ControlBoard_Code.dir/C_/Users/Nicholas/.pico-sdk/sdk/2.2.0/lib/tinyusb/src/device/usbd.c.obj
 .rodata.__func__.11
                0x10008070        0xd CMakeFiles/ControlBoard_Code.dir/C_/Users/Nicholas/.pico-sdk/sdk/2.2.0/lib/tinyusb/src/device/usbd.c.obj
 *fill*         0x1000807d        0x3 
 .rodata.__func__.12
                0x10008080       0x10 CMakeFiles/ControlBoard_Code.dir/C_/Users/Nicholas/.pico-sdk/sdk/2.2.0/lib/tinyusb/src/device/usbd.c.obj
 .rodata._usbd_driver
                0x10008090       0x40 CMakeFiles/ControlBoard_Code.dir/C_/Users/Nicholas/.pico-sdk/sdk/2.2.0/lib/tinyusb/src/device/usbd.c.obj
 .rodata.tud_control_xfer.str1.4
                0x100080d0       0x17 CMakeFiles/ControlBoard_Code.dir/C_/Users/Nicholas/.pico-sdk/sdk/2.2.0/lib/tinyusb/src/device/usbd_control.c.obj
 .rodata.__func__.0
                0x100080d0       0x15 CMakeFiles/ControlBoard_Code.dir/C_/Users/Nicholas/.pico-sdk/sdk/2.2.0/lib/tinyusb/src/device/usbd_control.c.obj
 *fill*         0x100080e5        0x3 
 .rodata.__func__.1
                0x100080e8       0x11 CMakeFiles/ControlBoard_Code.dir/C_/Users/Nicholas/.pico-sdk/sdk/2.2.0/lib/tinyusb/src/device/usbd_control.c.obj
 .rodata.tud_cdc_n_write_flush.str1.4
                0x100080f9       0x17 CMakeFiles/ControlBoard_Code.dir/C_/Users/Nicholas/.pico-sdk/sdk/2.2.0/lib/tinyusb/src/class/cdc/cdc_device.c.obj
 *fill*         0x100080f9        0x3 
 .rodata.__func__.0